Archive member included to satisfy reference by file (symbol)

/usr/local/Cellar/arm-gcc-bin@8/8-2019-q3-update/bin/../lib/gcc/arm-none-eabi/8.3.1/thumb/v7e-m+fp/hard/libgcc.a(_arm_addsubdf3.o)
                              .build/obj_massdrop_ctrl_greyasteroid/protocol/arm_atsam/main_arm_atsam.o (__aeabi_dadd)
/usr/local/Cellar/arm-gcc-bin@8/8-2019-q3-update/bin/../lib/gcc/arm-none-eabi/8.3.1/thumb/v7e-m+fp/hard/libgcc.a(_arm_muldivdf3.o)
                              .build/obj_massdrop_ctrl_greyasteroid/protocol/arm_atsam/main_arm_atsam.o (__aeabi_dmul)
/usr/local/Cellar/arm-gcc-bin@8/8-2019-q3-update/bin/../lib/gcc/arm-none-eabi/8.3.1/thumb/v7e-m+fp/hard/libgcc.a(_arm_fixunsdfsi.o)
                              .build/obj_massdrop_ctrl_greyasteroid/protocol/arm_atsam/main_arm_atsam.o (__aeabi_d2uiz)
/usr/local/Cellar/arm-gcc-bin@8/8-2019-q3-update/bin/../lib/gcc/arm-none-eabi/8.3.1/thumb/v7e-m+fp/hard/libgcc.a(_aeabi_ldivmod.o)
                              .build/obj_massdrop_ctrl_greyasteroid/protocol/arm_atsam/usb/usb_util.o (__aeabi_ldivmod)
/usr/local/Cellar/arm-gcc-bin@8/8-2019-q3-update/bin/../lib/gcc/arm-none-eabi/8.3.1/thumb/v7e-m+fp/hard/libgcc.a(_aeabi_uldivmod.o)
                              .build/obj_massdrop_ctrl_greyasteroid/protocol/arm_atsam/usb/usb2422.o (__aeabi_uldivmod)
/usr/local/Cellar/arm-gcc-bin@8/8-2019-q3-update/bin/../lib/gcc/arm-none-eabi/8.3.1/thumb/v7e-m+fp/hard/libgcc.a(_udivmoddi4.o)
                              /usr/local/Cellar/arm-gcc-bin@8/8-2019-q3-update/bin/../lib/gcc/arm-none-eabi/8.3.1/thumb/v7e-m+fp/hard/libgcc.a(_aeabi_ldivmod.o) (__udivmoddi4)
/usr/local/Cellar/arm-gcc-bin@8/8-2019-q3-update/bin/../lib/gcc/arm-none-eabi/8.3.1/thumb/v7e-m+fp/hard/libgcc.a(_dvmd_tls.o)
                              /usr/local/Cellar/arm-gcc-bin@8/8-2019-q3-update/bin/../lib/gcc/arm-none-eabi/8.3.1/thumb/v7e-m+fp/hard/libgcc.a(_aeabi_ldivmod.o) (__aeabi_ldiv0)
/usr/local/Cellar/arm-gcc-bin@8/8-2019-q3-update/bin/../lib/gcc/arm-none-eabi/8.3.1/../../../../arm-none-eabi/lib/thumb/v7e-m+fp/hard/libg.a(lib_a-ctype_.o)
                              .build/obj_massdrop_ctrl_greyasteroid/quantum/quantum.o (_ctype_)
/usr/local/Cellar/arm-gcc-bin@8/8-2019-q3-update/bin/../lib/gcc/arm-none-eabi/8.3.1/../../../../arm-none-eabi/lib/thumb/v7e-m+fp/hard/libg.a(lib_a-exit.o)
                              /usr/local/Cellar/arm-gcc-bin@8/8-2019-q3-update/bin/../lib/gcc/arm-none-eabi/8.3.1/../../../../arm-none-eabi/lib/thumb/v7e-m+fp/hard/rdimon-crt0.o (exit)
/usr/local/Cellar/arm-gcc-bin@8/8-2019-q3-update/bin/../lib/gcc/arm-none-eabi/8.3.1/../../../../arm-none-eabi/lib/thumb/v7e-m+fp/hard/libg.a(lib_a-impure.o)
                              /usr/local/Cellar/arm-gcc-bin@8/8-2019-q3-update/bin/../lib/gcc/arm-none-eabi/8.3.1/../../../../arm-none-eabi/lib/thumb/v7e-m+fp/hard/libg.a(lib_a-exit.o) (_global_impure_ptr)
/usr/local/Cellar/arm-gcc-bin@8/8-2019-q3-update/bin/../lib/gcc/arm-none-eabi/8.3.1/../../../../arm-none-eabi/lib/thumb/v7e-m+fp/hard/libg.a(lib_a-init.o)
                              /usr/local/Cellar/arm-gcc-bin@8/8-2019-q3-update/bin/../lib/gcc/arm-none-eabi/8.3.1/../../../../arm-none-eabi/lib/thumb/v7e-m+fp/hard/rdimon-crt0.o (__libc_init_array)
/usr/local/Cellar/arm-gcc-bin@8/8-2019-q3-update/bin/../lib/gcc/arm-none-eabi/8.3.1/../../../../arm-none-eabi/lib/thumb/v7e-m+fp/hard/libg.a(lib_a-memcpy.o)
                              .build/obj_massdrop_ctrl_greyasteroid/quantum/rgb_matrix.o (memcpy)
/usr/local/Cellar/arm-gcc-bin@8/8-2019-q3-update/bin/../lib/gcc/arm-none-eabi/8.3.1/../../../../arm-none-eabi/lib/thumb/v7e-m+fp/hard/libg.a(lib_a-memset.o)
                              /usr/local/Cellar/arm-gcc-bin@8/8-2019-q3-update/bin/../lib/gcc/arm-none-eabi/8.3.1/../../../../arm-none-eabi/lib/thumb/v7e-m+fp/hard/rdimon-crt0.o (memset)
/usr/local/Cellar/arm-gcc-bin@8/8-2019-q3-update/bin/../lib/gcc/arm-none-eabi/8.3.1/../../../../arm-none-eabi/lib/thumb/v7e-m+fp/hard/libg.a(lib_a-rand.o)
                              .build/obj_massdrop_ctrl_greyasteroid/quantum/quantum.o (rand)
/usr/local/Cellar/arm-gcc-bin@8/8-2019-q3-update/bin/../lib/gcc/arm-none-eabi/8.3.1/../../../../arm-none-eabi/lib/thumb/v7e-m+fp/hard/libg.a(lib_a-__call_atexit.o)
                              /usr/local/Cellar/arm-gcc-bin@8/8-2019-q3-update/bin/../lib/gcc/arm-none-eabi/8.3.1/../../../../arm-none-eabi/lib/thumb/v7e-m+fp/hard/libg.a(lib_a-exit.o) (__call_exitprocs)
/usr/local/Cellar/arm-gcc-bin@8/8-2019-q3-update/bin/../lib/gcc/arm-none-eabi/8.3.1/../../../../arm-none-eabi/lib/thumb/v7e-m+fp/hard/libg.a(lib_a-atexit.o)
                              /usr/local/Cellar/arm-gcc-bin@8/8-2019-q3-update/bin/../lib/gcc/arm-none-eabi/8.3.1/../../../../arm-none-eabi/lib/thumb/v7e-m+fp/hard/libg.a(lib_a-__call_atexit.o) (atexit)
/usr/local/Cellar/arm-gcc-bin@8/8-2019-q3-update/bin/../lib/gcc/arm-none-eabi/8.3.1/../../../../arm-none-eabi/lib/thumb/v7e-m+fp/hard/libg.a(lib_a-fini.o)
[...]
Memory Configuration

Name             Origin             Length             Attributes
rom              0x0000000000004000 0x000000000003c000 xr
ram              0x0000000020000000 0x0000000000020000 xrw
bkupram          0x0000000047000000 0x0000000000002000 xrw
qspi             0x0000000004000000 0x0000000001000000 xrw
*default*        0x0000000000000000 0xffffffffffffffff

Linker script and memory map

LOAD /usr/local/Cellar/arm-gcc-bin@8/8-2019-q3-update/bin/../lib/gcc/arm-none-eabi/8.3.1/thumb/v7e-m+fp/hard/crti.o
LOAD /usr/local/Cellar/arm-gcc-bin@8/8-2019-q3-update/bin/../lib/gcc/arm-none-eabi/8.3.1/thumb/v7e-m+fp/hard/crtbegin.o
LOAD /usr/local/Cellar/arm-gcc-bin@8/8-2019-q3-update/bin/../lib/gcc/arm-none-eabi/8.3.1/../../../../arm-none-eabi/lib/thumb/v7e-m+fp/hard/rdimon-crt0.o
LOAD .build/obj_massdrop_ctrl_greyasteroid/matrix.o
LOAD .build/obj_massdrop_ctrl_greyasteroid/config_led.o
LOAD .build/obj_massdrop_ctrl_greyasteroid/keyboards/massdrop/ctrl/keymaps/greyasteroid/keymap.o
LOAD .build/obj_massdrop_ctrl_greyasteroid/quantum/quantum.o
LOAD .build/obj_massdrop_ctrl_greyasteroid/quantum/keymap_common.o
LOAD .build/obj_massdrop_ctrl_greyasteroid/quantum/keycode_config.o
LOAD .build/obj_massdrop_ctrl_greyasteroid/quantum/debounce/sym_g.o
LOAD .build/obj_massdrop_ctrl_greyasteroid/common/arm_atsam/eeprom.o
LOAD .build/obj_massdrop_ctrl_greyasteroid/quantum/color.o
LOAD .build/obj_massdrop_ctrl_greyasteroid/quantum/rgb_matrix.o
LOAD .build/obj_massdrop_ctrl_greyasteroid/quantum/rgb_matrix_drivers.o
LOAD .build/obj_massdrop_ctrl_greyasteroid/quantum/process_keycode/process_rgb.o
LOAD .build/obj_massdrop_ctrl_greyasteroid/quantum/led_tables.o
LOAD .build/obj_massdrop_ctrl_greyasteroid/quantum/process_keycode/process_space_cadet.o
LOAD .build/obj_massdrop_ctrl_greyasteroid/quantum/process_keycode/process_magic.o
LOAD .build/obj_massdrop_ctrl_greyasteroid/quantum/process_keycode/process_grave_esc.o
LOAD .build/obj_massdrop_ctrl_greyasteroid/common/host.o
LOAD .build/obj_massdrop_ctrl_greyasteroid/common/keyboard.o
LOAD .build/obj_massdrop_ctrl_greyasteroid/common/action.o
LOAD .build/obj_massdrop_ctrl_greyasteroid/common/action_tapping.o
LOAD .build/obj_massdrop_ctrl_greyasteroid/common/action_macro.o
LOAD .build/obj_massdrop_ctrl_greyasteroid/common/action_layer.o
LOAD .build/obj_massdrop_ctrl_greyasteroid/common/action_util.o
LOAD .build/obj_massdrop_ctrl_greyasteroid/common/print.o
LOAD .build/obj_massdrop_ctrl_greyasteroid/common/debug.o
LOAD .build/obj_massdrop_ctrl_greyasteroid/common/sendchar_null.o
LOAD .build/obj_massdrop_ctrl_greyasteroid/common/util.o
LOAD .build/obj_massdrop_ctrl_greyasteroid/common/eeconfig.o
LOAD .build/obj_massdrop_ctrl_greyasteroid/common/report.o
LOAD .build/obj_massdrop_ctrl_greyasteroid/common/arm_atsam/suspend.o
LOAD .build/obj_massdrop_ctrl_greyasteroid/common/arm_atsam/timer.o
LOAD .build/obj_massdrop_ctrl_greyasteroid/common/arm_atsam/bootloader.o
LOAD .build/obj_massdrop_ctrl_greyasteroid/common/arm_atsam/printf.o
LOAD .build/obj_massdrop_ctrl_greyasteroid/common/magic.o
LOAD .build/obj_massdrop_ctrl_greyasteroid/protocol/arm_atsam/adc.o
LOAD .build/obj_massdrop_ctrl_greyasteroid/protocol/arm_atsam/clks.o
LOAD .build/obj_massdrop_ctrl_greyasteroid/protocol/arm_atsam/d51_util.o
LOAD .build/obj_massdrop_ctrl_greyasteroid/protocol/arm_atsam/i2c_master.o
LOAD .build/obj_massdrop_ctrl_greyasteroid/protocol/arm_atsam/led_matrix_programs.o
LOAD .build/obj_massdrop_ctrl_greyasteroid/protocol/arm_atsam/led_matrix.o
LOAD .build/obj_massdrop_ctrl_greyasteroid/protocol/arm_atsam/main_arm_atsam.o
LOAD .build/obj_massdrop_ctrl_greyasteroid/protocol/arm_atsam/spi.o
LOAD .build/obj_massdrop_ctrl_greyasteroid/protocol/arm_atsam/startup.o
LOAD .build/obj_massdrop_ctrl_greyasteroid/protocol/arm_atsam/usb/main_usb.o
LOAD .build/obj_massdrop_ctrl_greyasteroid/protocol/arm_atsam/usb/udc.o
LOAD .build/obj_massdrop_ctrl_greyasteroid/protocol/arm_atsam/usb/udi_cdc.o
LOAD .build/obj_massdrop_ctrl_greyasteroid/protocol/arm_atsam/usb/udi_hid.o
LOAD .build/obj_massdrop_ctrl_greyasteroid/protocol/arm_atsam/usb/udi_hid_kbd.o
LOAD .build/obj_massdrop_ctrl_greyasteroid/protocol/arm_atsam/usb/udi_hid_kbd_desc.o
LOAD .build/obj_massdrop_ctrl_greyasteroid/protocol/arm_atsam/usb/ui.o
LOAD .build/obj_massdrop_ctrl_greyasteroid/protocol/arm_atsam/usb/usb2422.o
LOAD .build/obj_massdrop_ctrl_greyasteroid/protocol/arm_atsam/usb/usb.o
LOAD .build/obj_massdrop_ctrl_greyasteroid/protocol/arm_atsam/usb/usb_device_udd.o
LOAD .build/obj_massdrop_ctrl_greyasteroid/protocol/arm_atsam/usb/usb_util.o
START GROUP
END GROUP
LOAD /usr/local/Cellar/arm-gcc-bin@8/8-2019-q3-update/bin/../lib/gcc/arm-none-eabi/8.3.1/../../../../arm-none-eabi/lib/thumb/v7e-m+fp/hard/libm.a
START GROUP
LOAD /usr/local/Cellar/arm-gcc-bin@8/8-2019-q3-update/bin/../lib/gcc/arm-none-eabi/8.3.1/thumb/v7e-m+fp/hard/libgcc.a
LOAD /usr/local/Cellar/arm-gcc-bin@8/8-2019-q3-update/bin/../lib/gcc/arm-none-eabi/8.3.1/../../../../arm-none-eabi/lib/thumb/v7e-m+fp/hard/libg.a
LOAD /usr/local/Cellar/arm-gcc-bin@8/8-2019-q3-update/bin/../lib/gcc/arm-none-eabi/8.3.1/../../../../arm-none-eabi/lib/thumb/v7e-m+fp/hard/libc.a
END GROUP
START GROUP
LOAD /usr/local/Cellar/arm-gcc-bin@8/8-2019-q3-update/bin/../lib/gcc/arm-none-eabi/8.3.1/thumb/v7e-m+fp/hard/libgcc.a
LOAD /usr/local/Cellar/arm-gcc-bin@8/8-2019-q3-update/bin/../lib/gcc/arm-none-eabi/8.3.1/../../../../arm-none-eabi/lib/thumb/v7e-m+fp/hard/libc.a
LOAD /usr/local/Cellar/arm-gcc-bin@8/8-2019-q3-update/bin/../lib/gcc/arm-none-eabi/8.3.1/../../../../arm-none-eabi/lib/thumb/v7e-m+fp/hard/librdimon.a
END GROUP
LOAD /usr/local/Cellar/arm-gcc-bin@8/8-2019-q3-update/bin/../lib/gcc/arm-none-eabi/8.3.1/thumb/v7e-m+fp/hard/crtend.o
LOAD /usr/local/Cellar/arm-gcc-bin@8/8-2019-q3-update/bin/../lib/gcc/arm-none-eabi/8.3.1/thumb/v7e-m+fp/hard/crtn.o
                0x0000000000008000                STACK_SIZE = DEFINED (STACK_SIZE)?STACK_SIZE:DEFINED (__stack_size__)?__stack_size__:0x8000
                0x0000000000000800                HEAP_SIZE = DEFINED (HEAP_SIZE)?HEAP_SIZE:DEFINED (__heap_size__)?__heap_size__:0x800
                0x0000000000004000                _srom = ORIGIN (rom)
                0x000000000003c000                _lrom = LENGTH (rom)
                0x0000000000040000                _erom = (ORIGIN (rom) + LENGTH (rom))
                0x0000000020000000                _sram = ORIGIN (ram)
                0x0000000000020000                _lram = LENGTH (ram)
                0x0000000020020000                _eram = (ORIGIN (ram) + LENGTH (ram))

.text           0x0000000000004000     0x920c
                0x0000000000004000                . = ALIGN (0x4)
                0x0000000000004000                _sfixed = .
 *(.vectors .vectors.*)
 .vectors       0x0000000000004000      0x264 .build/obj_massdrop_ctrl_greyasteroid/protocol/arm_atsam/startup.o
                0x0000000000004000                exception_table
 *(.text .text.* .gnu.linkonce.t.*)
 .text          0x0000000000004264       0x40 /usr/local/Cellar/arm-gcc-bin@8/8-2019-q3-update/bin/../lib/gcc/arm-none-eabi/8.3.1/thumb/v7e-m+fp/hard/crtbegin.o
 .text.matrix_init_user
                0x00000000000042a4        0x2 .build/obj_massdrop_ctrl_greyasteroid/matrix.o
                0x00000000000042a4                matrix_init_user
 .text.matrix_init_kb
                0x00000000000042a6        0x8 .build/obj_massdrop_ctrl_greyasteroid/matrix.o
                0x00000000000042a6                matrix_init_kb
 .text.matrix_scan_user
                0x00000000000042ae        0x2 .build/obj_massdrop_ctrl_greyasteroid/matrix.o
                0x00000000000042ae                matrix_scan_user
 .text.matrix_scan_kb
                0x00000000000042b0        0x8 .build/obj_massdrop_ctrl_greyasteroid/matrix.o
                0x00000000000042b0                matrix_scan_kb
 .text.matrix_init
                0x00000000000042b8       0xd4 .build/obj_massdrop_ctrl_greyasteroid/matrix.o
                0x00000000000042b8                matrix_init
 .text.matrix_scan
                0x000000000000438c      0x148 .build/obj_massdrop_ctrl_greyasteroid/matrix.o
                0x000000000000438c                matrix_scan
 .text.matrix_get_row
                0x00000000000044d4        0xc .build/obj_massdrop_ctrl_greyasteroid/matrix.o
                0x00000000000044d4                matrix_get_row
 .text.matrix_print
                0x00000000000044e0        0x2 .build/obj_massdrop_ctrl_greyasteroid/matrix.o
                0x00000000000044e0                matrix_print
 .text.rgb_matrix_indicators_kb
                0x00000000000044e2        0x4 .build/obj_massdrop_ctrl_greyasteroid/config_led.o
                0x00000000000044e2                rgb_matrix_indicators_kb
 .text.process_action_kb
                0x00000000000044e6        0x4 .build/obj_massdrop_ctrl_greyasteroid/quantum/quantum.o
                0x00000000000044e6                process_action_kb
 .text.process_record_user
                0x00000000000044ea        0x4 .build/obj_massdrop_ctrl_greyasteroid/quantum/quantum.o
                0x00000000000044ea                process_record_user
 .text.process_record_kb
                0x00000000000044ee        0x8 .build/obj_massdrop_ctrl_greyasteroid/quantum/quantum.o
                0x00000000000044ee                process_record_kb
 .text.post_process_record_user
                0x00000000000044f6        0x2 .build/obj_massdrop_ctrl_greyasteroid/quantum/quantum.o
                0x00000000000044f6                post_process_record_user
 .text.post_process_record_kb
                0x00000000000044f8        0x8 .build/obj_massdrop_ctrl_greyasteroid/quantum/quantum.o
                0x00000000000044f8                post_process_record_kb
 .text.get_event_keycode
                0x0000000000004500       0x4c .build/obj_massdrop_ctrl_greyasteroid/quantum/quantum.o
                0x0000000000004500                get_event_keycode
 .text.get_record_keycode
                0x000000000000454c        0xc .build/obj_massdrop_ctrl_greyasteroid/quantum/quantum.o
                0x000000000000454c                get_record_keycode
 .text.post_process_record_quantum
                0x0000000000004558       0x12 .build/obj_massdrop_ctrl_greyasteroid/quantum/quantum.o
                0x0000000000004558                post_process_record_quantum
 .text.matrix_init_quantum
                0x000000000000456a       0x18 .build/obj_massdrop_ctrl_greyasteroid/quantum/quantum.o
                0x000000000000456a                matrix_init_quantum
 .text.matrix_scan_quantum
                0x0000000000004582        0xe .build/obj_massdrop_ctrl_greyasteroid/quantum/quantum.o
                0x0000000000004582                matrix_scan_quantum
 .text.led_set_user
                0x0000000000004590        0x2 .build/obj_massdrop_ctrl_greyasteroid/quantum/quantum.o
                0x0000000000004590                led_set_user
 .text.led_set_kb
                0x0000000000004592        0x8 .build/obj_massdrop_ctrl_greyasteroid/quantum/quantum.o
                0x0000000000004592                led_set_kb
 .text.led_update_user
                0x000000000000459a        0x4 .build/obj_massdrop_ctrl_greyasteroid/quantum/quantum.o
                0x000000000000459a                led_update_user
 .text.led_update_kb
                0x000000000000459e        0x8 .build/obj_massdrop_ctrl_greyasteroid/quantum/quantum.o
                0x000000000000459e                led_update_kb
 .text.led_set  0x00000000000045a6       0x10 .build/obj_massdrop_ctrl_greyasteroid/quantum/quantum.o
                0x00000000000045a6                led_set
 .text.shutdown_user
                0x00000000000045b6        0x2 .build/obj_massdrop_ctrl_greyasteroid/quantum/quantum.o
                0x00000000000045b6                shutdown_user
 .text.reset_keyboard
                0x00000000000045b8       0x1a .build/obj_massdrop_ctrl_greyasteroid/quantum/quantum.o
                0x00000000000045b8                reset_keyboard
 .text.process_record_quantum
                0x00000000000045d2       0x7a .build/obj_massdrop_ctrl_greyasteroid/quantum/quantum.o
                0x00000000000045d2                process_record_quantum
 .text.action_get_macro
                0x000000000000464c        0x4 .build/obj_massdrop_ctrl_greyasteroid/quantum/keymap_common.o
                0x000000000000464c                action_get_macro
 .text.action_function
                0x0000000000004650        0x2 .build/obj_massdrop_ctrl_greyasteroid/quantum/keymap_common.o
                0x0000000000004650                action_function
 *fill*         0x0000000000004652        0x2 
 .text.keymap_key_to_keycode
                0x0000000000004654       0x20 .build/obj_massdrop_ctrl_greyasteroid/quantum/keymap_common.o
                0x0000000000004654                keymap_key_to_keycode
 .text.keymap_function_id_to_action
                0x0000000000004674        0xc .build/obj_massdrop_ctrl_greyasteroid/quantum/keymap_common.o
                0x0000000000004674                keymap_function_id_to_action
 .text.action_for_key
                0x0000000000004680      0x19c .build/obj_massdrop_ctrl_greyasteroid/quantum/keymap_common.o
                0x0000000000004680                action_for_key
 .text.keycode_config
                0x000000000000481c      0x104 .build/obj_massdrop_ctrl_greyasteroid/quantum/keycode_config.o
                0x000000000000481c                keycode_config
 .text.mod_config
                0x0000000000004920       0xac .build/obj_massdrop_ctrl_greyasteroid/quantum/keycode_config.o
                0x0000000000004920                mod_config
 .text.eeprom_read_byte
                0x00000000000049cc        0xc .build/obj_massdrop_ctrl_greyasteroid/common/arm_atsam/eeprom.o
                0x00000000000049cc                eeprom_read_byte
 .text.eeprom_read_word
                0x00000000000049d8       0x14 .build/obj_massdrop_ctrl_greyasteroid/common/arm_atsam/eeprom.o
                0x00000000000049d8                eeprom_read_word
 .text.eeprom_read_block
                0x00000000000049ec       0x1c .build/obj_massdrop_ctrl_greyasteroid/common/arm_atsam/eeprom.o
                0x00000000000049ec                eeprom_read_block
 .text.eeprom_write_word
                0x0000000000004a08       0x10 .build/obj_massdrop_ctrl_greyasteroid/common/arm_atsam/eeprom.o
                0x0000000000004a08                eeprom_write_word
 .text.eeprom_write_dword
                0x0000000000004a18       0x18 .build/obj_massdrop_ctrl_greyasteroid/common/arm_atsam/eeprom.o
                0x0000000000004a18                eeprom_write_dword
 .text.eeprom_write_block
                0x0000000000004a30       0x1c .build/obj_massdrop_ctrl_greyasteroid/common/arm_atsam/eeprom.o
                0x0000000000004a30                eeprom_write_block
 .text.eeprom_update_byte
                0x0000000000004a4c        0xc .build/obj_massdrop_ctrl_greyasteroid/common/arm_atsam/eeprom.o
                0x0000000000004a4c                eeprom_update_byte
 .text.eeprom_update_word
                0x0000000000004a58        0x4 .build/obj_massdrop_ctrl_greyasteroid/common/arm_atsam/eeprom.o
                0x0000000000004a58                eeprom_update_word
 .text.eeprom_update_dword
                0x0000000000004a5c        0x4 .build/obj_massdrop_ctrl_greyasteroid/common/arm_atsam/eeprom.o
                0x0000000000004a5c                eeprom_update_dword
 .text.eeprom_update_block
                0x0000000000004a60        0x4 .build/obj_massdrop_ctrl_greyasteroid/common/arm_atsam/eeprom.o
                0x0000000000004a60                eeprom_update_block
 .text.hsv_to_rgb
                0x0000000000004a64       0xd4 .build/obj_massdrop_ctrl_greyasteroid/quantum/color.o
                0x0000000000004a64                hsv_to_rgb
 .text.sqrt16   0x0000000000004b38       0x44 .build/obj_massdrop_ctrl_greyasteroid/quantum/rgb_matrix.o
 .text.sin8_C   0x0000000000004b7c       0x40 .build/obj_massdrop_ctrl_greyasteroid/quantum/rgb_matrix.o
 .text.BAND_SAT_math
                0x0000000000004bbc       0x58 .build/obj_massdrop_ctrl_greyasteroid/quantum/rgb_matrix.o
 .text.BAND_VAL_math
                0x0000000000004c14       0x58 .build/obj_massdrop_ctrl_greyasteroid/quantum/rgb_matrix.o
 .text.CYCLE_ALL_math
                0x0000000000004c6c       0x26 .build/obj_massdrop_ctrl_greyasteroid/quantum/rgb_matrix.o
 *fill*         0x0000000000004c92        0x2 
 .text.CYCLE_LEFT_RIGHT_math
                0x0000000000004c94       0x34 .build/obj_massdrop_ctrl_greyasteroid/quantum/rgb_matrix.o
 .text.CYCLE_UP_DOWN_math
                0x0000000000004cc8       0x38 .build/obj_massdrop_ctrl_greyasteroid/quantum/rgb_matrix.o
 .text.RAINBOW_MOVING_CHEVRON_math
                0x0000000000004d00       0x50 .build/obj_massdrop_ctrl_greyasteroid/quantum/rgb_matrix.o
 .text.CYCLE_OUT_IN_math
                0x0000000000004d50       0x32 .build/obj_massdrop_ctrl_greyasteroid/quantum/rgb_matrix.o
 .text.CYCLE_OUT_IN_DUAL_math
                0x0000000000004d82       0x48 .build/obj_massdrop_ctrl_greyasteroid/quantum/rgb_matrix.o
 *fill*         0x0000000000004dca        0x2 
 .text.DUAL_BEACON_math
                0x0000000000004dcc       0x50 .build/obj_massdrop_ctrl_greyasteroid/quantum/rgb_matrix.o
 .text.RAINBOW_BEACON_math
                0x0000000000004e1c       0x50 .build/obj_massdrop_ctrl_greyasteroid/quantum/rgb_matrix.o
 .text.RAINBOW_PINWHEELS_math
                0x0000000000004e6c       0x64 .build/obj_massdrop_ctrl_greyasteroid/quantum/rgb_matrix.o
 .text.SOLID_REACTIVE_SIMPLE_math
                0x0000000000004ed0       0x34 .build/obj_massdrop_ctrl_greyasteroid/quantum/rgb_matrix.o
 .text.SOLID_REACTIVE_math
                0x0000000000004f04       0x34 .build/obj_massdrop_ctrl_greyasteroid/quantum/rgb_matrix.o
 .text.SOLID_REACTIVE_WIDE_math
                0x0000000000004f38       0x48 .build/obj_massdrop_ctrl_greyasteroid/quantum/rgb_matrix.o
 .text.SOLID_REACTIVE_CROSS_math
                0x0000000000004f80       0x72 .build/obj_massdrop_ctrl_greyasteroid/quantum/rgb_matrix.o
 *fill*         0x0000000000004ff2        0x2 
 .text.SOLID_REACTIVE_NEXUS_math
                0x0000000000004ff4       0x78 .build/obj_massdrop_ctrl_greyasteroid/quantum/rgb_matrix.o
 .text.SPLASH_math
                0x000000000000506c       0x4e .build/obj_massdrop_ctrl_greyasteroid/quantum/rgb_matrix.o
                0x000000000000506c                SPLASH_math
 .text.SOLID_SPLASH_math
                0x00000000000050ba       0x44 .build/obj_massdrop_ctrl_greyasteroid/quantum/rgb_matrix.o
                0x00000000000050ba                SOLID_SPLASH_math
 .text.atan2_8  0x00000000000050fe       0x46 .build/obj_massdrop_ctrl_greyasteroid/quantum/rgb_matrix.o
 .text.BAND_PINWHEEL_SAT_math
                0x0000000000005144       0x48 .build/obj_massdrop_ctrl_greyasteroid/quantum/rgb_matrix.o
 .text.BAND_PINWHEEL_VAL_math
                0x000000000000518c       0x48 .build/obj_massdrop_ctrl_greyasteroid/quantum/rgb_matrix.o
 .text.BAND_SPIRAL_SAT_math
                0x00000000000051d4       0x46 .build/obj_massdrop_ctrl_greyasteroid/quantum/rgb_matrix.o
 .text.BAND_SPIRAL_VAL_math
                0x000000000000521a       0x46 .build/obj_massdrop_ctrl_greyasteroid/quantum/rgb_matrix.o
 .text.CYCLE_PINWHEEL_math
                0x0000000000005260       0x30 .build/obj_massdrop_ctrl_greyasteroid/quantum/rgb_matrix.o
 .text.CYCLE_SPIRAL_math
                0x0000000000005290       0x36 .build/obj_massdrop_ctrl_greyasteroid/quantum/rgb_matrix.o
 *fill*         0x00000000000052c6        0x2 
 .text.eeconfig_read_rgb_matrix
                0x00000000000052c8       0x10 .build/obj_massdrop_ctrl_greyasteroid/quantum/rgb_matrix.o
                0x00000000000052c8                eeconfig_read_rgb_matrix
 .text.eeconfig_update_rgb_matrix
                0x00000000000052d8       0x10 .build/obj_massdrop_ctrl_greyasteroid/quantum/rgb_matrix.o
                0x00000000000052d8                eeconfig_update_rgb_matrix
 .text.eeconfig_update_rgb_matrix_default
                0x00000000000052e8       0x28 .build/obj_massdrop_ctrl_greyasteroid/quantum/rgb_matrix.o
                0x00000000000052e8                eeconfig_update_rgb_matrix_default
 .text.rgb_matrix_map_row_column_to_led_kb
                0x0000000000005310        0x4 .build/obj_massdrop_ctrl_greyasteroid/quantum/rgb_matrix.o
                0x0000000000005310                rgb_matrix_map_row_column_to_led_kb
 .text.rgb_matrix_map_row_column_to_led
                0x0000000000005314       0x24 .build/obj_massdrop_ctrl_greyasteroid/quantum/rgb_matrix.o
                0x0000000000005314                rgb_matrix_map_row_column_to_led
 .text.rgb_matrix_update_pwm_buffers
                0x0000000000005338        0xc .build/obj_massdrop_ctrl_greyasteroid/quantum/rgb_matrix.o
                0x0000000000005338                rgb_matrix_update_pwm_buffers
 .text.rgb_matrix_set_color
                0x0000000000005344       0x14 .build/obj_massdrop_ctrl_greyasteroid/quantum/rgb_matrix.o
                0x0000000000005344                rgb_matrix_set_color
 .text.effect_runner_dx_dy_dist
                0x0000000000005358       0xe4 .build/obj_massdrop_ctrl_greyasteroid/quantum/rgb_matrix.o
                0x0000000000005358                effect_runner_dx_dy_dist
 .text.BAND_SPIRAL_SAT
                0x000000000000543c        0xc .build/obj_massdrop_ctrl_greyasteroid/quantum/rgb_matrix.o
                0x000000000000543c                BAND_SPIRAL_SAT
 .text.BAND_SPIRAL_VAL
                0x0000000000005448        0xc .build/obj_massdrop_ctrl_greyasteroid/quantum/rgb_matrix.o
                0x0000000000005448                BAND_SPIRAL_VAL
 .text.CYCLE_OUT_IN
                0x0000000000005454        0xc .build/obj_massdrop_ctrl_greyasteroid/quantum/rgb_matrix.o
                0x0000000000005454                CYCLE_OUT_IN
 .text.CYCLE_SPIRAL
                0x0000000000005460        0xc .build/obj_massdrop_ctrl_greyasteroid/quantum/rgb_matrix.o
                0x0000000000005460                CYCLE_SPIRAL
 .text.effect_runner_dx_dy
                0x000000000000546c       0xc0 .build/obj_massdrop_ctrl_greyasteroid/quantum/rgb_matrix.o
                0x000000000000546c                effect_runner_dx_dy
 .text.BAND_PINWHEEL_SAT
                0x000000000000552c        0xc .build/obj_massdrop_ctrl_greyasteroid/quantum/rgb_matrix.o
                0x000000000000552c                BAND_PINWHEEL_SAT
 .text.BAND_PINWHEEL_VAL
                0x0000000000005538        0xc .build/obj_massdrop_ctrl_greyasteroid/quantum/rgb_matrix.o
                0x0000000000005538                BAND_PINWHEEL_VAL
 .text.CYCLE_OUT_IN_DUAL
                0x0000000000005544        0xc .build/obj_massdrop_ctrl_greyasteroid/quantum/rgb_matrix.o
                0x0000000000005544                CYCLE_OUT_IN_DUAL
 .text.CYCLE_PINWHEEL
                0x0000000000005550        0xc .build/obj_massdrop_ctrl_greyasteroid/quantum/rgb_matrix.o
                0x0000000000005550                CYCLE_PINWHEEL
 .text.effect_runner_i
                0x000000000000555c       0xa8 .build/obj_massdrop_ctrl_greyasteroid/quantum/rgb_matrix.o
                0x000000000000555c                effect_runner_i
 .text.BAND_SAT
                0x0000000000005604        0xc .build/obj_massdrop_ctrl_greyasteroid/quantum/rgb_matrix.o
                0x0000000000005604                BAND_SAT
 .text.BAND_VAL
                0x0000000000005610        0xc .build/obj_massdrop_ctrl_greyasteroid/quantum/rgb_matrix.o
                0x0000000000005610                BAND_VAL
 .text.CYCLE_ALL
                0x000000000000561c        0xc .build/obj_massdrop_ctrl_greyasteroid/quantum/rgb_matrix.o
                0x000000000000561c                CYCLE_ALL
 .text.CYCLE_LEFT_RIGHT
                0x0000000000005628        0xc .build/obj_massdrop_ctrl_greyasteroid/quantum/rgb_matrix.o
                0x0000000000005628                CYCLE_LEFT_RIGHT
 .text.CYCLE_UP_DOWN
                0x0000000000005634        0xc .build/obj_massdrop_ctrl_greyasteroid/quantum/rgb_matrix.o
                0x0000000000005634                CYCLE_UP_DOWN
 .text.RAINBOW_MOVING_CHEVRON
                0x0000000000005640        0xc .build/obj_massdrop_ctrl_greyasteroid/quantum/rgb_matrix.o
                0x0000000000005640                RAINBOW_MOVING_CHEVRON
 .text.effect_runner_sin_cos_i
                0x000000000000564c       0xc8 .build/obj_massdrop_ctrl_greyasteroid/quantum/rgb_matrix.o
                0x000000000000564c                effect_runner_sin_cos_i
 .text.DUAL_BEACON
                0x0000000000005714        0xc .build/obj_massdrop_ctrl_greyasteroid/quantum/rgb_matrix.o
                0x0000000000005714                DUAL_BEACON
 .text.RAINBOW_BEACON
                0x0000000000005720        0xc .build/obj_massdrop_ctrl_greyasteroid/quantum/rgb_matrix.o
                0x0000000000005720                RAINBOW_BEACON
 .text.RAINBOW_PINWHEELS
                0x000000000000572c        0xc .build/obj_massdrop_ctrl_greyasteroid/quantum/rgb_matrix.o
                0x000000000000572c                RAINBOW_PINWHEELS
 .text.effect_runner_reactive
                0x0000000000005738       0xdc .build/obj_massdrop_ctrl_greyasteroid/quantum/rgb_matrix.o
                0x0000000000005738                effect_runner_reactive
 .text.SOLID_REACTIVE_SIMPLE
                0x0000000000005814        0xc .build/obj_massdrop_ctrl_greyasteroid/quantum/rgb_matrix.o
                0x0000000000005814                SOLID_REACTIVE_SIMPLE
 .text.SOLID_REACTIVE
                0x0000000000005820        0xc .build/obj_massdrop_ctrl_greyasteroid/quantum/rgb_matrix.o
                0x0000000000005820                SOLID_REACTIVE
 .text.effect_runner_reactive_splash
                0x000000000000582c      0x130 .build/obj_massdrop_ctrl_greyasteroid/quantum/rgb_matrix.o
                0x000000000000582c                effect_runner_reactive_splash
 .text.SOLID_REACTIVE_WIDE
                0x000000000000595c       0x20 .build/obj_massdrop_ctrl_greyasteroid/quantum/rgb_matrix.o
                0x000000000000595c                SOLID_REACTIVE_WIDE
 .text.SOLID_REACTIVE_MULTIWIDE
                0x000000000000597c       0x10 .build/obj_massdrop_ctrl_greyasteroid/quantum/rgb_matrix.o
                0x000000000000597c                SOLID_REACTIVE_MULTIWIDE
 .text.SOLID_REACTIVE_CROSS
                0x000000000000598c       0x20 .build/obj_massdrop_ctrl_greyasteroid/quantum/rgb_matrix.o
                0x000000000000598c                SOLID_REACTIVE_CROSS
 .text.SOLID_REACTIVE_MULTICROSS
                0x00000000000059ac       0x10 .build/obj_massdrop_ctrl_greyasteroid/quantum/rgb_matrix.o
                0x00000000000059ac                SOLID_REACTIVE_MULTICROSS
 .text.SOLID_REACTIVE_NEXUS
                0x00000000000059bc       0x20 .build/obj_massdrop_ctrl_greyasteroid/quantum/rgb_matrix.o
                0x00000000000059bc                SOLID_REACTIVE_NEXUS
 .text.SOLID_REACTIVE_MULTINEXUS
                0x00000000000059dc       0x10 .build/obj_massdrop_ctrl_greyasteroid/quantum/rgb_matrix.o
                0x00000000000059dc                SOLID_REACTIVE_MULTINEXUS
 .text.SPLASH   0x00000000000059ec       0x20 .build/obj_massdrop_ctrl_greyasteroid/quantum/rgb_matrix.o
                0x00000000000059ec                SPLASH
 .text.MULTISPLASH
                0x0000000000005a0c       0x10 .build/obj_massdrop_ctrl_greyasteroid/quantum/rgb_matrix.o
                0x0000000000005a0c                MULTISPLASH
 .text.SOLID_SPLASH
                0x0000000000005a1c       0x20 .build/obj_massdrop_ctrl_greyasteroid/quantum/rgb_matrix.o
                0x0000000000005a1c                SOLID_SPLASH
 .text.SOLID_MULTISPLASH
                0x0000000000005a3c       0x10 .build/obj_massdrop_ctrl_greyasteroid/quantum/rgb_matrix.o
                0x0000000000005a3c                SOLID_MULTISPLASH
 .text.SOLID_COLOR
                0x0000000000005a4c       0x84 .build/obj_massdrop_ctrl_greyasteroid/quantum/rgb_matrix.o
                0x0000000000005a4c                SOLID_COLOR
 .text.ALPHAS_MODS
                0x0000000000005ad0       0xcc .build/obj_massdrop_ctrl_greyasteroid/quantum/rgb_matrix.o
                0x0000000000005ad0                ALPHAS_MODS
 .text.GRADIENT_UP_DOWN
                0x0000000000005b9c       0x90 .build/obj_massdrop_ctrl_greyasteroid/quantum/rgb_matrix.o
                0x0000000000005b9c                GRADIENT_UP_DOWN
 .text.GRADIENT_LEFT_RIGHT
                0x0000000000005c2c       0x90 .build/obj_massdrop_ctrl_greyasteroid/quantum/rgb_matrix.o
                0x0000000000005c2c                GRADIENT_LEFT_RIGHT
 .text.BREATHING
                0x0000000000005cbc       0xbc .build/obj_massdrop_ctrl_greyasteroid/quantum/rgb_matrix.o
                0x0000000000005cbc                BREATHING
 .text.raindrops_set_color.isra.1
                0x0000000000005d78       0x74 .build/obj_massdrop_ctrl_greyasteroid/quantum/rgb_matrix.o
 .text.RAINDROPS
                0x0000000000005dec       0x7c .build/obj_massdrop_ctrl_greyasteroid/quantum/rgb_matrix.o
                0x0000000000005dec                RAINDROPS
 .text.jellybean_raindrops_set_color.isra.2
                0x0000000000005e68       0x50 .build/obj_massdrop_ctrl_greyasteroid/quantum/rgb_matrix.o
 .text.JELLYBEAN_RAINDROPS
                0x0000000000005eb8       0x80 .build/obj_massdrop_ctrl_greyasteroid/quantum/rgb_matrix.o
                0x0000000000005eb8                JELLYBEAN_RAINDROPS
 .text.rgb_matrix_set_color_all
                0x0000000000005f38        0xc .build/obj_massdrop_ctrl_greyasteroid/quantum/rgb_matrix.o
                0x0000000000005f38                rgb_matrix_set_color_all
 .text.process_rgb_matrix
                0x0000000000005f44       0xc4 .build/obj_massdrop_ctrl_greyasteroid/quantum/rgb_matrix.o
                0x0000000000005f44                process_rgb_matrix
 .text.rgb_matrix_indicators_user
                0x0000000000006008        0x2 .build/obj_massdrop_ctrl_greyasteroid/quantum/rgb_matrix.o
                0x0000000000006008                rgb_matrix_indicators_user
 .text.rgb_matrix_indicators
                0x000000000000600a        0xc .build/obj_massdrop_ctrl_greyasteroid/quantum/rgb_matrix.o
                0x000000000000600a                rgb_matrix_indicators
 *fill*         0x0000000000006016        0x2 
 .text.rgb_matrix_task
                0x0000000000006018      0x270 .build/obj_massdrop_ctrl_greyasteroid/quantum/rgb_matrix.o
                0x0000000000006018                rgb_matrix_task
 .text.rgb_matrix_init
                0x0000000000006288       0xb0 .build/obj_massdrop_ctrl_greyasteroid/quantum/rgb_matrix.o
                0x0000000000006288                rgb_matrix_init
 .text.rgb_matrix_toggle
                0x0000000000006338       0x1c .build/obj_massdrop_ctrl_greyasteroid/quantum/rgb_matrix.o
                0x0000000000006338                rgb_matrix_toggle
 .text.rgb_matrix_step
                0x0000000000006354       0x2c .build/obj_massdrop_ctrl_greyasteroid/quantum/rgb_matrix.o
                0x0000000000006354                rgb_matrix_step
 .text.rgb_matrix_step_reverse
                0x0000000000006380       0x2c .build/obj_massdrop_ctrl_greyasteroid/quantum/rgb_matrix.o
                0x0000000000006380                rgb_matrix_step_reverse
 .text.rgb_matrix_increase_hue
                0x00000000000063ac       0x10 .build/obj_massdrop_ctrl_greyasteroid/quantum/rgb_matrix.o
                0x00000000000063ac                rgb_matrix_increase_hue
 .text.rgb_matrix_decrease_hue
                0x00000000000063bc       0x10 .build/obj_massdrop_ctrl_greyasteroid/quantum/rgb_matrix.o
                0x00000000000063bc                rgb_matrix_decrease_hue
 .text.rgb_matrix_increase_sat
                0x00000000000063cc       0x18 .build/obj_massdrop_ctrl_greyasteroid/quantum/rgb_matrix.o
                0x00000000000063cc                rgb_matrix_increase_sat
 .text.rgb_matrix_decrease_sat
                0x00000000000063e4       0x14 .build/obj_massdrop_ctrl_greyasteroid/quantum/rgb_matrix.o
                0x00000000000063e4                rgb_matrix_decrease_sat
 .text.rgb_matrix_increase_val
                0x00000000000063f8       0x18 .build/obj_massdrop_ctrl_greyasteroid/quantum/rgb_matrix.o
                0x00000000000063f8                rgb_matrix_increase_val
 .text.rgb_matrix_decrease_val
                0x0000000000006410       0x14 .build/obj_massdrop_ctrl_greyasteroid/quantum/rgb_matrix.o
                0x0000000000006410                rgb_matrix_decrease_val
 .text.rgb_matrix_increase_speed
                0x0000000000006424       0x18 .build/obj_massdrop_ctrl_greyasteroid/quantum/rgb_matrix.o
                0x0000000000006424                rgb_matrix_increase_speed
 .text.rgb_matrix_decrease_speed
                0x000000000000643c       0x14 .build/obj_massdrop_ctrl_greyasteroid/quantum/rgb_matrix.o
                0x000000000000643c                rgb_matrix_decrease_speed
 .text.rgb_matrix_mode
                0x0000000000006450       0x1c .build/obj_massdrop_ctrl_greyasteroid/quantum/rgb_matrix.o
                0x0000000000006450                rgb_matrix_mode
 .text.handleKeycodeRGB
                0x000000000000646c        0x6 .build/obj_massdrop_ctrl_greyasteroid/quantum/process_keycode/process_rgb.o
 *fill*         0x0000000000006472        0x2 
 .text.process_rgb
                0x0000000000006474       0xc0 .build/obj_massdrop_ctrl_greyasteroid/quantum/process_keycode/process_rgb.o
                0x0000000000006474                process_rgb
 .text.perform_space_cadet
                0x0000000000006534       0xb4 .build/obj_massdrop_ctrl_greyasteroid/quantum/process_keycode/process_space_cadet.o
                0x0000000000006534                perform_space_cadet
 .text.process_space_cadet
                0x00000000000065e8       0x8c .build/obj_massdrop_ctrl_greyasteroid/quantum/process_keycode/process_space_cadet.o
                0x00000000000065e8                process_space_cadet
 .text.process_magic
                0x0000000000006674      0x228 .build/obj_massdrop_ctrl_greyasteroid/quantum/process_keycode/process_magic.o
                0x0000000000006674                process_magic
 .text.process_grave_esc
                0x000000000000689c       0x4c .build/obj_massdrop_ctrl_greyasteroid/quantum/process_keycode/process_grave_esc.o
                0x000000000000689c                process_grave_esc
 .text.host_set_driver
                0x00000000000068e8        0xc .build/obj_massdrop_ctrl_greyasteroid/common/host.o
                0x00000000000068e8                host_set_driver
 .text.host_keyboard_leds
                0x00000000000068f4       0x10 .build/obj_massdrop_ctrl_greyasteroid/common/host.o
                0x00000000000068f4                host_keyboard_leds
 .text.host_keyboard_send
                0x0000000000006904       0x10 .build/obj_massdrop_ctrl_greyasteroid/common/host.o
                0x0000000000006904                host_keyboard_send
 .text.host_system_send
                0x0000000000006914       0x18 .build/obj_massdrop_ctrl_greyasteroid/common/host.o
                0x0000000000006914                host_system_send
 .text.host_consumer_send
                0x000000000000692c       0x18 .build/obj_massdrop_ctrl_greyasteroid/common/host.o
                0x000000000000692c                host_consumer_send
 .text.keyboard_pre_init_user
                0x0000000000006944        0x2 .build/obj_massdrop_ctrl_greyasteroid/common/keyboard.o
                0x0000000000006944                keyboard_pre_init_user
 .text.matrix_setup
                0x0000000000006946        0x2 .build/obj_massdrop_ctrl_greyasteroid/common/keyboard.o
                0x0000000000006946                matrix_setup
 .text.keyboard_pre_init_kb
                0x0000000000006948        0x8 .build/obj_massdrop_ctrl_greyasteroid/common/keyboard.o
                0x0000000000006948                keyboard_pre_init_kb
 .text.keyboard_post_init_user
                0x0000000000006950        0x2 .build/obj_massdrop_ctrl_greyasteroid/common/keyboard.o
                0x0000000000006950                keyboard_post_init_user
 .text.keyboard_post_init_kb
                0x0000000000006952        0x8 .build/obj_massdrop_ctrl_greyasteroid/common/keyboard.o
                0x0000000000006952                keyboard_post_init_kb
 .text.keyboard_setup
                0x000000000000695a        0xc .build/obj_massdrop_ctrl_greyasteroid/common/keyboard.o
                0x000000000000695a                keyboard_setup
 .text.is_keyboard_master
                0x0000000000006966        0x4 .build/obj_massdrop_ctrl_greyasteroid/common/keyboard.o
                0x0000000000006966                is_keyboard_master
 .text.should_process_keypress
                0x000000000000696a        0x8 .build/obj_massdrop_ctrl_greyasteroid/common/keyboard.o
                0x000000000000696a                should_process_keypress
 .text.keyboard_init
                0x0000000000006972       0x14 .build/obj_massdrop_ctrl_greyasteroid/common/keyboard.o
                0x0000000000006972                keyboard_init
 *fill*         0x0000000000006986        0x2 
 .text.keyboard_task
                0x0000000000006988       0xdc .build/obj_massdrop_ctrl_greyasteroid/common/keyboard.o
                0x0000000000006988                keyboard_task
 .text.action_exec
                0x0000000000006a64       0x24 .build/obj_massdrop_ctrl_greyasteroid/common/action.o
                0x0000000000006a64                action_exec
 .text.process_record_tap_hint
                0x0000000000006a88        0x6 .build/obj_massdrop_ctrl_greyasteroid/common/action.o
                0x0000000000006a88                process_record_tap_hint
 *fill*         0x0000000000006a8e        0x2 
 .text.register_code
                0x0000000000006a90       0x88 .build/obj_massdrop_ctrl_greyasteroid/common/action.o
                0x0000000000006a90                register_code
 .text.unregister_code
                0x0000000000006b18       0x5c .build/obj_massdrop_ctrl_greyasteroid/common/action.o
                0x0000000000006b18                unregister_code
 .text.tap_code
                0x0000000000006b74       0x20 .build/obj_massdrop_ctrl_greyasteroid/common/action.o
                0x0000000000006b74                tap_code
 .text.register_mods
                0x0000000000006b94       0x12 .build/obj_massdrop_ctrl_greyasteroid/common/action.o
                0x0000000000006b94                register_mods
 .text.unregister_mods
                0x0000000000006ba6       0x12 .build/obj_massdrop_ctrl_greyasteroid/common/action.o
                0x0000000000006ba6                unregister_mods
 .text.process_action
                0x0000000000006bb8      0x3ac .build/obj_massdrop_ctrl_greyasteroid/common/action.o
                0x0000000000006bb8                process_action
 .text.process_record_handler
                0x0000000000006f64       0x22 .build/obj_massdrop_ctrl_greyasteroid/common/action.o
                0x0000000000006f64                process_record_handler
 .text.process_record
                0x0000000000006f86       0x46 .build/obj_massdrop_ctrl_greyasteroid/common/action.o
                0x0000000000006f86                process_record
 .text.clear_keyboard_but_mods_and_keys
                0x0000000000006fcc       0x1e .build/obj_massdrop_ctrl_greyasteroid/common/action.o
                0x0000000000006fcc                clear_keyboard_but_mods_and_keys
 .text.clear_keyboard_but_mods
                0x0000000000006fea        0xe .build/obj_massdrop_ctrl_greyasteroid/common/action.o
                0x0000000000006fea                clear_keyboard_but_mods
 .text.clear_keyboard
                0x0000000000006ff8        0xe .build/obj_massdrop_ctrl_greyasteroid/common/action.o
                0x0000000000006ff8                clear_keyboard
 .text.is_tap_action
                0x0000000000007006       0x5e .build/obj_massdrop_ctrl_greyasteroid/common/action.o
                0x0000000000007006                is_tap_action
 .text.is_tap_key
                0x0000000000007064       0x16 .build/obj_massdrop_ctrl_greyasteroid/common/action.o
                0x0000000000007064                is_tap_key
 .text.debug_event
                0x000000000000707a        0xc .build/obj_massdrop_ctrl_greyasteroid/common/action.o
                0x000000000000707a                debug_event
 .text.debug_record
                0x0000000000007086        0xc .build/obj_massdrop_ctrl_greyasteroid/common/action.o
                0x0000000000007086                debug_record
 *fill*         0x0000000000007092        0x2 
 .text.debug_waiting_buffer
                0x0000000000007094       0x2c .build/obj_massdrop_ctrl_greyasteroid/common/action_tapping.o
 .text.debug_tapping_key
                0x00000000000070c0       0x10 .build/obj_massdrop_ctrl_greyasteroid/common/action_tapping.o
 .text.waiting_buffer_scan_tap
                0x00000000000070d0       0x98 .build/obj_massdrop_ctrl_greyasteroid/common/action_tapping.o
 .text.process_tapping
                0x0000000000007168      0x3ec .build/obj_massdrop_ctrl_greyasteroid/common/action_tapping.o
 .text.action_tapping_process
                0x0000000000007554       0xd8 .build/obj_massdrop_ctrl_greyasteroid/common/action_tapping.o
                0x0000000000007554                action_tapping_process
 .text.action_macro_play
                0x000000000000762c       0xb4 .build/obj_massdrop_ctrl_greyasteroid/common/action_macro.o
                0x000000000000762c                action_macro_play
 .text.default_layer_state_set_user
                0x00000000000076e0        0x2 .build/obj_massdrop_ctrl_greyasteroid/common/action_layer.o
                0x00000000000076e0                default_layer_state_set_user
 .text.default_layer_state_set_kb
                0x00000000000076e2        0x8 .build/obj_massdrop_ctrl_greyasteroid/common/action_layer.o
                0x00000000000076e2                default_layer_state_set_kb
 *fill*         0x00000000000076ea        0x2 
 .text.default_layer_state_set
                0x00000000000076ec       0x18 .build/obj_massdrop_ctrl_greyasteroid/common/action_layer.o
 .text.default_layer_debug
                0x0000000000007704        0x2 .build/obj_massdrop_ctrl_greyasteroid/common/action_layer.o
                0x0000000000007704                default_layer_debug
 .text.default_layer_set
                0x0000000000007706        0x4 .build/obj_massdrop_ctrl_greyasteroid/common/action_layer.o
                0x0000000000007706                default_layer_set
 *fill*         0x000000000000770a        0x2 
 .text.default_layer_or
                0x000000000000770c       0x10 .build/obj_massdrop_ctrl_greyasteroid/common/action_layer.o
                0x000000000000770c                default_layer_or
 .text.default_layer_and
                0x000000000000771c       0x10 .build/obj_massdrop_ctrl_greyasteroid/common/action_layer.o
                0x000000000000771c                default_layer_and
 .text.default_layer_xor
                0x000000000000772c       0x10 .build/obj_massdrop_ctrl_greyasteroid/common/action_layer.o
                0x000000000000772c                default_layer_xor
 .text.layer_state_set_user
                0x000000000000773c        0x4 .build/obj_massdrop_ctrl_greyasteroid/common/action_layer.o
                0x000000000000773c                layer_state_set_user
 .text.layer_state_set_kb
                0x0000000000007740        0x8 .build/obj_massdrop_ctrl_greyasteroid/common/action_layer.o
                0x0000000000007740                layer_state_set_kb
 .text.layer_state_set
                0x0000000000007748       0x18 .build/obj_massdrop_ctrl_greyasteroid/common/action_layer.o
                0x0000000000007748                layer_state_set
 .text.layer_clear
                0x0000000000007760        0x6 .build/obj_massdrop_ctrl_greyasteroid/common/action_layer.o
                0x0000000000007760                layer_clear
 .text.layer_move
                0x0000000000007766        0xa .build/obj_massdrop_ctrl_greyasteroid/common/action_layer.o
                0x0000000000007766                layer_move
 .text.layer_on
                0x0000000000007770       0x14 .build/obj_massdrop_ctrl_greyasteroid/common/action_layer.o
                0x0000000000007770                layer_on
 .text.layer_off
                0x0000000000007784       0x18 .build/obj_massdrop_ctrl_greyasteroid/common/action_layer.o
                0x0000000000007784                layer_off
 .text.layer_invert
                0x000000000000779c       0x14 .build/obj_massdrop_ctrl_greyasteroid/common/action_layer.o
                0x000000000000779c                layer_invert
 .text.layer_or
                0x00000000000077b0       0x10 .build/obj_massdrop_ctrl_greyasteroid/common/action_layer.o
                0x00000000000077b0                layer_or
 .text.layer_and
                0x00000000000077c0       0x10 .build/obj_massdrop_ctrl_greyasteroid/common/action_layer.o
                0x00000000000077c0                layer_and
 .text.layer_xor
                0x00000000000077d0       0x10 .build/obj_massdrop_ctrl_greyasteroid/common/action_layer.o
                0x00000000000077d0                layer_xor
 .text.layer_debug
                0x00000000000077e0        0x2 .build/obj_massdrop_ctrl_greyasteroid/common/action_layer.o
                0x00000000000077e0                layer_debug
 *fill*         0x00000000000077e2        0x2 
 .text.update_source_layers_cache
                0x00000000000077e4       0x48 .build/obj_massdrop_ctrl_greyasteroid/common/action_layer.o
                0x00000000000077e4                update_source_layers_cache
 .text.read_source_layers_cache
                0x000000000000782c       0x40 .build/obj_massdrop_ctrl_greyasteroid/common/action_layer.o
                0x000000000000782c                read_source_layers_cache
 .text.layer_switch_get_layer
                0x000000000000786c       0x3c .build/obj_massdrop_ctrl_greyasteroid/common/action_layer.o
                0x000000000000786c                layer_switch_get_layer
 .text.layer_switch_get_action
                0x00000000000078a8       0x18 .build/obj_massdrop_ctrl_greyasteroid/common/action_layer.o
                0x00000000000078a8                layer_switch_get_action
 .text.store_or_get_action
                0x00000000000078c0       0x48 .build/obj_massdrop_ctrl_greyasteroid/common/action_layer.o
                0x00000000000078c0                store_or_get_action
 .text.add_key  0x0000000000007908       0x10 .build/obj_massdrop_ctrl_greyasteroid/common/action_util.o
                0x0000000000007908                add_key
 .text.del_key  0x0000000000007918       0x10 .build/obj_massdrop_ctrl_greyasteroid/common/action_util.o
                0x0000000000007918                del_key
 .text.clear_keys
                0x0000000000007928        0xc .build/obj_massdrop_ctrl_greyasteroid/common/action_util.o
                0x0000000000007928                clear_keys
 .text.get_oneshot_layer
                0x0000000000007934       0x10 .build/obj_massdrop_ctrl_greyasteroid/common/action_util.o
                0x0000000000007934                get_oneshot_layer
 .text.get_oneshot_layer_state
                0x0000000000007944       0x10 .build/obj_massdrop_ctrl_greyasteroid/common/action_util.o
                0x0000000000007944                get_oneshot_layer_state
 .text.is_oneshot_layer_active
                0x0000000000007954       0x14 .build/obj_massdrop_ctrl_greyasteroid/common/action_util.o
                0x0000000000007954                is_oneshot_layer_active
 .text.get_mods
                0x0000000000007968        0xc .build/obj_massdrop_ctrl_greyasteroid/common/action_util.o
                0x0000000000007968                get_mods
 .text.add_mods
                0x0000000000007974       0x10 .build/obj_massdrop_ctrl_greyasteroid/common/action_util.o
                0x0000000000007974                add_mods
 .text.del_mods
                0x0000000000007984       0x10 .build/obj_massdrop_ctrl_greyasteroid/common/action_util.o
                0x0000000000007984                del_mods
 .text.clear_mods
                0x0000000000007994        0xc .build/obj_massdrop_ctrl_greyasteroid/common/action_util.o
                0x0000000000007994                clear_mods
 .text.add_weak_mods
                0x00000000000079a0       0x10 .build/obj_massdrop_ctrl_greyasteroid/common/action_util.o
                0x00000000000079a0                add_weak_mods
 .text.del_weak_mods
                0x00000000000079b0       0x10 .build/obj_massdrop_ctrl_greyasteroid/common/action_util.o
                0x00000000000079b0                del_weak_mods
 .text.clear_weak_mods
                0x00000000000079c0        0xc .build/obj_massdrop_ctrl_greyasteroid/common/action_util.o
                0x00000000000079c0                clear_weak_mods
 .text.add_macro_mods
                0x00000000000079cc       0x10 .build/obj_massdrop_ctrl_greyasteroid/common/action_util.o
                0x00000000000079cc                add_macro_mods
 .text.del_macro_mods
                0x00000000000079dc       0x10 .build/obj_massdrop_ctrl_greyasteroid/common/action_util.o
                0x00000000000079dc                del_macro_mods
 .text.clear_macro_mods
                0x00000000000079ec        0xc .build/obj_massdrop_ctrl_greyasteroid/common/action_util.o
                0x00000000000079ec                clear_macro_mods
 .text.get_oneshot_mods
                0x00000000000079f8        0xc .build/obj_massdrop_ctrl_greyasteroid/common/action_util.o
                0x00000000000079f8                get_oneshot_mods
 .text.oneshot_mods_changed_user
                0x0000000000007a04        0x2 .build/obj_massdrop_ctrl_greyasteroid/common/action_util.o
                0x0000000000007a04                oneshot_mods_changed_user
 .text.oneshot_mods_changed_kb
                0x0000000000007a06        0x8 .build/obj_massdrop_ctrl_greyasteroid/common/action_util.o
                0x0000000000007a06                oneshot_mods_changed_kb
 *fill*         0x0000000000007a0e        0x2 
 .text.set_oneshot_mods
                0x0000000000007a10       0x18 .build/obj_massdrop_ctrl_greyasteroid/common/action_util.o
                0x0000000000007a10                set_oneshot_mods
 .text.clear_oneshot_mods
                0x0000000000007a28       0x18 .build/obj_massdrop_ctrl_greyasteroid/common/action_util.o
                0x0000000000007a28                clear_oneshot_mods
 .text.send_keyboard_report
                0x0000000000007a40       0x4c .build/obj_massdrop_ctrl_greyasteroid/common/action_util.o
                0x0000000000007a40                send_keyboard_report
 .text.oneshot_layer_changed_user
                0x0000000000007a8c        0x2 .build/obj_massdrop_ctrl_greyasteroid/common/action_util.o
                0x0000000000007a8c                oneshot_layer_changed_user
 .text.oneshot_layer_changed_kb
                0x0000000000007a8e        0x8 .build/obj_massdrop_ctrl_greyasteroid/common/action_util.o
                0x0000000000007a8e                oneshot_layer_changed_kb
 *fill*         0x0000000000007a96        0x2 
 .text.set_oneshot_layer
                0x0000000000007a98       0x20 .build/obj_massdrop_ctrl_greyasteroid/common/action_util.o
                0x0000000000007a98                set_oneshot_layer
 .text.reset_oneshot_layer
                0x0000000000007ab8       0x14 .build/obj_massdrop_ctrl_greyasteroid/common/action_util.o
                0x0000000000007ab8                reset_oneshot_layer
 .text.clear_oneshot_layer_state
                0x0000000000007acc       0x30 .build/obj_massdrop_ctrl_greyasteroid/common/action_util.o
                0x0000000000007acc                clear_oneshot_layer_state
 .text.eeconfig_is_enabled
                0x0000000000007afc       0x14 .build/obj_massdrop_ctrl_greyasteroid/common/eeconfig.o
                0x0000000000007afc                eeconfig_is_enabled
 .text.eeconfig_read_debug
                0x0000000000007b10        0x6 .build/obj_massdrop_ctrl_greyasteroid/common/eeconfig.o
                0x0000000000007b10                eeconfig_read_debug
 .text.eeconfig_read_default_layer
                0x0000000000007b16        0x6 .build/obj_massdrop_ctrl_greyasteroid/common/eeconfig.o
                0x0000000000007b16                eeconfig_read_default_layer
 .text.eeconfig_read_keymap
                0x0000000000007b1c       0x18 .build/obj_massdrop_ctrl_greyasteroid/common/eeconfig.o
                0x0000000000007b1c                eeconfig_read_keymap
 .text.eeconfig_update_keymap
                0x0000000000007b34       0x18 .build/obj_massdrop_ctrl_greyasteroid/common/eeconfig.o
                0x0000000000007b34                eeconfig_update_keymap
 .text.eeconfig_update_kb
                0x0000000000007b4c        0x8 .build/obj_massdrop_ctrl_greyasteroid/common/eeconfig.o
                0x0000000000007b4c                eeconfig_update_kb
 .text.eeconfig_update_user
                0x0000000000007b54        0x8 .build/obj_massdrop_ctrl_greyasteroid/common/eeconfig.o
                0x0000000000007b54                eeconfig_update_user
 .text.eeconfig_init_user
                0x0000000000007b5c        0x6 .build/obj_massdrop_ctrl_greyasteroid/common/eeconfig.o
                0x0000000000007b5c                eeconfig_init_user
 .text.eeconfig_init_kb
                0x0000000000007b62        0xe .build/obj_massdrop_ctrl_greyasteroid/common/eeconfig.o
                0x0000000000007b62                eeconfig_init_kb
 .text.eeconfig_init_quantum
                0x0000000000007b70       0x84 .build/obj_massdrop_ctrl_greyasteroid/common/eeconfig.o
                0x0000000000007b70                eeconfig_init_quantum
 .text.eeconfig_init
                0x0000000000007bf4        0x4 .build/obj_massdrop_ctrl_greyasteroid/common/eeconfig.o
                0x0000000000007bf4                eeconfig_init
 .text.eeconfig_update_handedness
                0x0000000000007bf8        0x8 .build/obj_massdrop_ctrl_greyasteroid/common/eeconfig.o
                0x0000000000007bf8                eeconfig_update_handedness
 .text.has_anykey
                0x0000000000007c00       0x3c .build/obj_massdrop_ctrl_greyasteroid/common/report.o
                0x0000000000007c00                has_anykey
 .text.is_key_pressed
                0x0000000000007c3c       0x50 .build/obj_massdrop_ctrl_greyasteroid/common/report.o
                0x0000000000007c3c                is_key_pressed
 .text.add_key_byte
                0x0000000000007c8c       0x32 .build/obj_massdrop_ctrl_greyasteroid/common/report.o
                0x0000000000007c8c                add_key_byte
 .text.del_key_byte
                0x0000000000007cbe       0x1a .build/obj_massdrop_ctrl_greyasteroid/common/report.o
                0x0000000000007cbe                del_key_byte
 .text.add_key_bit
                0x0000000000007cd8       0x18 .build/obj_massdrop_ctrl_greyasteroid/common/report.o
                0x0000000000007cd8                add_key_bit
 .text.del_key_bit
                0x0000000000007cf0       0x1a .build/obj_massdrop_ctrl_greyasteroid/common/report.o
                0x0000000000007cf0                del_key_bit
 *fill*         0x0000000000007d0a        0x2 
 .text.add_key_to_report
                0x0000000000007d0c       0x34 .build/obj_massdrop_ctrl_greyasteroid/common/report.o
                0x0000000000007d0c                add_key_to_report
 .text.del_key_from_report
                0x0000000000007d40       0x34 .build/obj_massdrop_ctrl_greyasteroid/common/report.o
                0x0000000000007d40                del_key_from_report
 .text.clear_keys_from_report
                0x0000000000007d74       0x2c .build/obj_massdrop_ctrl_greyasteroid/common/report.o
                0x0000000000007d74                clear_keys_from_report
 .text.matrix_power_up
                0x0000000000007da0        0x2 .build/obj_massdrop_ctrl_greyasteroid/common/arm_atsam/suspend.o
                0x0000000000007da0                matrix_power_up
 .text.suspend_power_down_user
                0x0000000000007da2        0x2 .build/obj_massdrop_ctrl_greyasteroid/common/arm_atsam/suspend.o
                0x0000000000007da2                suspend_power_down_user
 .text.suspend_power_down_kb
                0x0000000000007da4        0x8 .build/obj_massdrop_ctrl_greyasteroid/common/arm_atsam/suspend.o
                0x0000000000007da4                suspend_power_down_kb
 .text.suspend_power_down
                0x0000000000007dac        0xe .build/obj_massdrop_ctrl_greyasteroid/common/arm_atsam/suspend.o
                0x0000000000007dac                suspend_power_down
 .text.matrix_power_down
                0x0000000000007dba        0x2 .build/obj_massdrop_ctrl_greyasteroid/common/arm_atsam/suspend.o
                0x0000000000007dba                matrix_power_down
 .text.suspend_wakeup_condition
                0x0000000000007dbc       0x24 .build/obj_massdrop_ctrl_greyasteroid/common/arm_atsam/suspend.o
                0x0000000000007dbc                suspend_wakeup_condition
 .text.suspend_wakeup_init_user
                0x0000000000007de0        0x2 .build/obj_massdrop_ctrl_greyasteroid/common/arm_atsam/suspend.o
                0x0000000000007de0                suspend_wakeup_init_user
 .text.suspend_wakeup_init_kb
                0x0000000000007de2        0x8 .build/obj_massdrop_ctrl_greyasteroid/common/arm_atsam/suspend.o
                0x0000000000007de2                suspend_wakeup_init_kb
 .text.suspend_wakeup_init
                0x0000000000007dea        0xe .build/obj_massdrop_ctrl_greyasteroid/common/arm_atsam/suspend.o
                0x0000000000007dea                suspend_wakeup_init
 .text.timer_read
                0x0000000000007df8       0x10 .build/obj_massdrop_ctrl_greyasteroid/common/arm_atsam/timer.o
                0x0000000000007df8                timer_read
 .text.timer_read32
                0x0000000000007e08        0xc .build/obj_massdrop_ctrl_greyasteroid/common/arm_atsam/timer.o
                0x0000000000007e08                timer_read32
 .text.timer_read64
                0x0000000000007e14        0xc .build/obj_massdrop_ctrl_greyasteroid/common/arm_atsam/timer.o
                0x0000000000007e14                timer_read64
 .text.timer_elapsed
                0x0000000000007e20       0x10 .build/obj_massdrop_ctrl_greyasteroid/common/arm_atsam/timer.o
                0x0000000000007e20                timer_elapsed
 .text.timer_elapsed32
                0x0000000000007e30       0x10 .build/obj_massdrop_ctrl_greyasteroid/common/arm_atsam/timer.o
                0x0000000000007e30                timer_elapsed32
 .text.timer_clear
                0x0000000000007e40       0x10 .build/obj_massdrop_ctrl_greyasteroid/common/arm_atsam/timer.o
                0x0000000000007e40                timer_clear
 .text.timer_init
                0x0000000000007e50        0x4 .build/obj_massdrop_ctrl_greyasteroid/common/arm_atsam/timer.o
                0x0000000000007e50                timer_init
 .text.bootloader_jump
                0x0000000000007e54       0xc0 .build/obj_massdrop_ctrl_greyasteroid/common/arm_atsam/bootloader.o
                0x0000000000007e54                bootloader_jump
 .text.magic    0x0000000000007f14       0x30 .build/obj_massdrop_ctrl_greyasteroid/common/magic.o
                0x0000000000007f14                magic
 .text.ADC0_clock_init
                0x0000000000007f44       0x40 .build/obj_massdrop_ctrl_greyasteroid/protocol/arm_atsam/adc.o
                0x0000000000007f44                ADC0_clock_init
 .text.ADC0_init
                0x0000000000007f84      0x15c .build/obj_massdrop_ctrl_greyasteroid/protocol/arm_atsam/adc.o
                0x0000000000007f84                ADC0_init
 .text.adc_get  0x00000000000080e0       0x34 .build/obj_massdrop_ctrl_greyasteroid/protocol/arm_atsam/adc.o
                0x00000000000080e0                adc_get
 .text.CLK_oscctrl_init
                0x0000000000008114      0x16c .build/obj_massdrop_ctrl_greyasteroid/protocol/arm_atsam/clks.o
                0x0000000000008114                CLK_oscctrl_init
 .text.CLK_set_gclk_freq
                0x0000000000008280       0xc0 .build/obj_massdrop_ctrl_greyasteroid/protocol/arm_atsam/clks.o
                0x0000000000008280                CLK_set_gclk_freq
 .text.CLK_init_osc
                0x0000000000008340       0x90 .build/obj_massdrop_ctrl_greyasteroid/protocol/arm_atsam/clks.o
                0x0000000000008340                CLK_init_osc
 .text.CLK_reset_time
                0x00000000000083d0       0x88 .build/obj_massdrop_ctrl_greyasteroid/protocol/arm_atsam/clks.o
                0x00000000000083d0                CLK_reset_time
 .text.TC4_Handler
                0x0000000000008458       0x28 .build/obj_massdrop_ctrl_greyasteroid/protocol/arm_atsam/clks.o
                0x0000000000008458                TC4_Handler
 .text.CLK_enable_timebase
                0x0000000000008480      0x1f4 .build/obj_massdrop_ctrl_greyasteroid/protocol/arm_atsam/clks.o
                0x0000000000008480                CLK_enable_timebase
 *fill*         0x0000000000008674        0xc 
 .text.CLK_delay_us
                0x0000000000008680       0x1c .build/obj_massdrop_ctrl_greyasteroid/protocol/arm_atsam/clks.o
                0x0000000000008680                CLK_delay_us
 .text.CLK_delay_ms
                0x000000000000869c       0x1e .build/obj_massdrop_ctrl_greyasteroid/protocol/arm_atsam/clks.o
                0x000000000000869c                CLK_delay_ms
 *fill*         0x00000000000086ba        0x2 
 .text.clk_enable_sercom_apbmask
                0x00000000000086bc       0x3c .build/obj_massdrop_ctrl_greyasteroid/protocol/arm_atsam/clks.o
                0x00000000000086bc                clk_enable_sercom_apbmask
 .text.CLK_set_spi_freq
                0x00000000000086f8       0x8c .build/obj_massdrop_ctrl_greyasteroid/protocol/arm_atsam/clks.o
                0x00000000000086f8                CLK_set_spi_freq
 .text.CLK_set_i2c0_freq
                0x0000000000008784       0x94 .build/obj_massdrop_ctrl_greyasteroid/protocol/arm_atsam/clks.o
                0x0000000000008784                CLK_set_i2c0_freq
 .text.CLK_set_i2c1_freq
                0x0000000000008818       0x94 .build/obj_massdrop_ctrl_greyasteroid/protocol/arm_atsam/clks.o
                0x0000000000008818                CLK_set_i2c1_freq
 .text.CLK_init
                0x00000000000088ac       0x28 .build/obj_massdrop_ctrl_greyasteroid/protocol/arm_atsam/clks.o
                0x00000000000088ac                CLK_init
 .text.dled_print
                0x00000000000088d4      0x184 .build/obj_massdrop_ctrl_greyasteroid/protocol/arm_atsam/d51_util.o
                0x00000000000088d4                dled_print
 .text.EIC_7_Handler
                0x0000000000008a58       0x14 .build/obj_massdrop_ctrl_greyasteroid/protocol/arm_atsam/d51_util.o
                0x0000000000008a58                EIC_7_Handler
 .text.debug_code_init
                0x0000000000008a6c       0x9c .build/obj_massdrop_ctrl_greyasteroid/protocol/arm_atsam/d51_util.o
                0x0000000000008a6c                debug_code_init
 .text.debug_code_disable
                0x0000000000008b08       0x80 .build/obj_massdrop_ctrl_greyasteroid/protocol/arm_atsam/d51_util.o
                0x0000000000008b08                debug_code_disable
 .text.i2c0_init
                0x0000000000008b88       0xb8 .build/obj_massdrop_ctrl_greyasteroid/protocol/arm_atsam/i2c_master.o
                0x0000000000008b88                i2c0_init
 .text.i2c0_start
                0x0000000000008c40       0x28 .build/obj_massdrop_ctrl_greyasteroid/protocol/arm_atsam/i2c_master.o
                0x0000000000008c40                i2c0_start
 .text.i2c0_stop
                0x0000000000008c68       0x48 .build/obj_massdrop_ctrl_greyasteroid/protocol/arm_atsam/i2c_master.o
                0x0000000000008c68                i2c0_stop
 .text.i2c0_transmit
                0x0000000000008cb0       0x3c .build/obj_massdrop_ctrl_greyasteroid/protocol/arm_atsam/i2c_master.o
                0x0000000000008cb0                i2c0_transmit
 .text.i2c1_init
                0x0000000000008cec       0xd4 .build/obj_massdrop_ctrl_greyasteroid/protocol/arm_atsam/i2c_master.o
                0x0000000000008cec                i2c1_init
 .text.i2c1_start
                0x0000000000008dc0       0x28 .build/obj_massdrop_ctrl_greyasteroid/protocol/arm_atsam/i2c_master.o
                0x0000000000008dc0                i2c1_start
 .text.i2c1_stop
                0x0000000000008de8       0x48 .build/obj_massdrop_ctrl_greyasteroid/protocol/arm_atsam/i2c_master.o
                0x0000000000008de8                i2c1_stop
 .text.i2c1_transmit
                0x0000000000008e30       0x3c .build/obj_massdrop_ctrl_greyasteroid/protocol/arm_atsam/i2c_master.o
                0x0000000000008e30                i2c1_transmit
 .text.i2c_led_send_CRWL
                0x0000000000008e6c       0x2c .build/obj_massdrop_ctrl_greyasteroid/protocol/arm_atsam/i2c_master.o
                0x0000000000008e6c                i2c_led_send_CRWL
 .text.i2c_led_select_page
                0x0000000000008e98       0x28 .build/obj_massdrop_ctrl_greyasteroid/protocol/arm_atsam/i2c_master.o
                0x0000000000008e98                i2c_led_select_page
 .text.i2c_led_send_mode_op_gcr
                0x0000000000008ec0       0x34 .build/obj_massdrop_ctrl_greyasteroid/protocol/arm_atsam/i2c_master.o
                0x0000000000008ec0                i2c_led_send_mode_op_gcr
 .text.i2c_led_send_pur_pdr
                0x0000000000008ef4       0x2c .build/obj_massdrop_ctrl_greyasteroid/protocol/arm_atsam/i2c_master.o
                0x0000000000008ef4                i2c_led_send_pur_pdr
 .text.I2C3733_Init_Drivers
                0x0000000000008f20       0x90 .build/obj_massdrop_ctrl_greyasteroid/protocol/arm_atsam/i2c_master.o
                0x0000000000008f20                I2C3733_Init_Drivers
 .text.I2C_DMAC_LED_Init
                0x0000000000008fb0       0xd0 .build/obj_massdrop_ctrl_greyasteroid/protocol/arm_atsam/i2c_master.o
                0x0000000000008fb0                I2C_DMAC_LED_Init
 .text.I2C3733_Control_Set
                0x0000000000009080       0x2c .build/obj_massdrop_ctrl_greyasteroid/protocol/arm_atsam/i2c_master.o
                0x0000000000009080                I2C3733_Control_Set
 .text.I2C3733_Init_Control
                0x00000000000090ac       0x3c .build/obj_massdrop_ctrl_greyasteroid/protocol/arm_atsam/i2c_master.o
                0x00000000000090ac                I2C3733_Init_Control
 .text.i2c_led_desc_defaults
                0x00000000000090e8       0x48 .build/obj_massdrop_ctrl_greyasteroid/protocol/arm_atsam/i2c_master.o
                0x00000000000090e8                i2c_led_desc_defaults
 .text.i2c_led_prepare_send_dma
                0x0000000000009130       0x24 .build/obj_massdrop_ctrl_greyasteroid/protocol/arm_atsam/i2c_master.o
                0x0000000000009130                i2c_led_prepare_send_dma
 .text.i2c_led_begin_dma
                0x0000000000009154       0x38 .build/obj_massdrop_ctrl_greyasteroid/protocol/arm_atsam/i2c_master.o
                0x0000000000009154                i2c_led_begin_dma
 .text.i2c_led_send_CRWL_dma
                0x000000000000918c       0x24 .build/obj_massdrop_ctrl_greyasteroid/protocol/arm_atsam/i2c_master.o
                0x000000000000918c                i2c_led_send_CRWL_dma
 .text.i2c_led_select_page_dma
                0x00000000000091b0       0x20 .build/obj_massdrop_ctrl_greyasteroid/protocol/arm_atsam/i2c_master.o
                0x00000000000091b0                i2c_led_select_page_dma
 .text.i2c_led_send_GCR_dma
                0x00000000000091d0       0x28 .build/obj_massdrop_ctrl_greyasteroid/protocol/arm_atsam/i2c_master.o
                0x00000000000091d0                i2c_led_send_GCR_dma
 .text.i2c_led_send_pwm_dma
                0x00000000000091f8       0x38 .build/obj_massdrop_ctrl_greyasteroid/protocol/arm_atsam/i2c_master.o
                0x00000000000091f8                i2c_led_send_pwm_dma
 .text.i2c_led_send_onoff_dma
                0x0000000000009230       0x44 .build/obj_massdrop_ctrl_greyasteroid/protocol/arm_atsam/i2c_master.o
                0x0000000000009230                i2c_led_send_onoff_dma
 .text.i2c_led_q_init
                0x0000000000009274       0x2c .build/obj_massdrop_ctrl_greyasteroid/protocol/arm_atsam/i2c_master.o
                0x0000000000009274                i2c_led_q_init
 .text.i2c_led_q_isempty
                0x00000000000092a0       0x18 .build/obj_massdrop_ctrl_greyasteroid/protocol/arm_atsam/i2c_master.o
                0x00000000000092a0                i2c_led_q_isempty
 .text.i2c_led_q_size
                0x00000000000092b8       0x20 .build/obj_massdrop_ctrl_greyasteroid/protocol/arm_atsam/i2c_master.o
                0x00000000000092b8                i2c_led_q_size
 .text.i2c_led_q_available
                0x00000000000092d8        0xe .build/obj_massdrop_ctrl_greyasteroid/protocol/arm_atsam/i2c_master.o
                0x00000000000092d8                i2c_led_q_available
 *fill*         0x00000000000092e6        0x2 
 .text.i2c_led_q_add
                0x00000000000092e8       0x24 .build/obj_massdrop_ctrl_greyasteroid/protocol/arm_atsam/i2c_master.o
                0x00000000000092e8                i2c_led_q_add
 .text.i2c_led_q_s_advance
                0x000000000000930c       0x1c .build/obj_massdrop_ctrl_greyasteroid/protocol/arm_atsam/i2c_master.o
                0x000000000000930c                i2c_led_q_s_advance
 .text.i2c_led_q_request_room
                0x0000000000009328       0x48 .build/obj_massdrop_ctrl_greyasteroid/protocol/arm_atsam/i2c_master.o
                0x0000000000009328                i2c_led_q_request_room
 .text.i2c_led_q_run
                0x0000000000009370       0xbc .build/obj_massdrop_ctrl_greyasteroid/protocol/arm_atsam/i2c_master.o
                0x0000000000009370                i2c_led_q_run
 .text.led_set_one
                0x000000000000942c       0x1c .build/obj_massdrop_ctrl_greyasteroid/protocol/arm_atsam/led_matrix.o
                0x000000000000942c                led_set_one
 .text.flush    0x0000000000009448       0xe4 .build/obj_massdrop_ctrl_greyasteroid/protocol/arm_atsam/led_matrix.o
                0x0000000000009448                flush
 .text.led_set_all
                0x000000000000952c       0x1c .build/obj_massdrop_ctrl_greyasteroid/protocol/arm_atsam/led_matrix.o
                0x000000000000952c                led_set_all
 .text.SERCOM1_0_Handler
                0x0000000000009548       0x14 .build/obj_massdrop_ctrl_greyasteroid/protocol/arm_atsam/led_matrix.o
                0x0000000000009548                SERCOM1_0_Handler
 .text.DMAC_0_Handler
                0x000000000000955c       0x3c .build/obj_massdrop_ctrl_greyasteroid/protocol/arm_atsam/led_matrix.o
                0x000000000000955c                DMAC_0_Handler
 .text.gcr_compute
                0x0000000000009598       0xe8 .build/obj_massdrop_ctrl_greyasteroid/protocol/arm_atsam/led_matrix.o
                0x0000000000009598                gcr_compute
 .text.issi3733_prepare_arrays
                0x0000000000009680       0xe0 .build/obj_massdrop_ctrl_greyasteroid/protocol/arm_atsam/led_matrix.o
                0x0000000000009680                issi3733_prepare_arrays
 .text.led_matrix_prepare
                0x0000000000009760       0x24 .build/obj_massdrop_ctrl_greyasteroid/protocol/arm_atsam/led_matrix.o
                0x0000000000009760                led_matrix_prepare
 .text.init     0x0000000000009784       0x28 .build/obj_massdrop_ctrl_greyasteroid/protocol/arm_atsam/led_matrix.o
                0x0000000000009784                init
 .text.led_matrix_indicators
                0x00000000000097ac       0x60 .build/obj_massdrop_ctrl_greyasteroid/protocol/arm_atsam/led_matrix.o
                0x00000000000097ac                led_matrix_indicators
 .text.keyboard_leds
                0x000000000000980c       0x20 .build/obj_massdrop_ctrl_greyasteroid/protocol/arm_atsam/main_arm_atsam.o
                0x000000000000980c                keyboard_leds
 .text.send_mouse
                0x000000000000982c        0x2 .build/obj_massdrop_ctrl_greyasteroid/protocol/arm_atsam/main_arm_atsam.o
                0x000000000000982c                send_mouse
 *fill*         0x000000000000982e        0x2 
 .text.send_extra
                0x0000000000009830       0x30 .build/obj_massdrop_ctrl_greyasteroid/protocol/arm_atsam/main_arm_atsam.o
                0x0000000000009830                send_extra
 .text.send_system
                0x0000000000009860        0x8 .build/obj_massdrop_ctrl_greyasteroid/protocol/arm_atsam/main_arm_atsam.o
                0x0000000000009860                send_system
 .text.send_consumer
                0x0000000000009868        0x8 .build/obj_massdrop_ctrl_greyasteroid/protocol/arm_atsam/main_arm_atsam.o
                0x0000000000009868                send_consumer
 .text.main_subtask_usb_state
                0x0000000000009870       0x90 .build/obj_massdrop_ctrl_greyasteroid/protocol/arm_atsam/main_arm_atsam.o
                0x0000000000009870                main_subtask_usb_state
 .text.main_subtask_power_check
                0x0000000000009900       0x8c .build/obj_massdrop_ctrl_greyasteroid/protocol/arm_atsam/main_arm_atsam.o
                0x0000000000009900                main_subtask_power_check
 .text.main_subtask_usb_extra_device
                0x000000000000998c       0x30 .build/obj_massdrop_ctrl_greyasteroid/protocol/arm_atsam/main_arm_atsam.o
                0x000000000000998c                main_subtask_usb_extra_device
 .text.main_subtasks
                0x00000000000099bc       0x12 .build/obj_massdrop_ctrl_greyasteroid/protocol/arm_atsam/main_arm_atsam.o
                0x00000000000099bc                main_subtasks
 *fill*         0x00000000000099ce        0x2 
 .text.send_keyboard
                0x00000000000099d0       0x94 .build/obj_massdrop_ctrl_greyasteroid/protocol/arm_atsam/main_arm_atsam.o
                0x00000000000099d0                send_keyboard
 .text.startup.main
                0x0000000000009a64      0x11c .build/obj_massdrop_ctrl_greyasteroid/protocol/arm_atsam/main_arm_atsam.o
                0x0000000000009a64                main
 .text.SR_EXP_WriteData
                0x0000000000009b80       0x64 .build/obj_massdrop_ctrl_greyasteroid/protocol/arm_atsam/spi.o
                0x0000000000009b80                SR_EXP_WriteData
 .text.SR_EXP_Init
                0x0000000000009be4       0xd0 .build/obj_massdrop_ctrl_greyasteroid/protocol/arm_atsam/spi.o
                0x0000000000009be4                SR_EXP_Init
 .text.Dummy_Handler
                0x0000000000009cb4        0x2 .build/obj_massdrop_ctrl_greyasteroid/protocol/arm_atsam/startup.o
                0x0000000000009cb4                ICM_Handler
                0x0000000000009cb4                SERCOM0_2_Handler
                0x0000000000009cb4                DebugMon_Handler
                0x0000000000009cb4                EIC_13_Handler
                0x0000000000009cb4                EVSYS_0_Handler
                0x0000000000009cb4                TCC1_3_Handler
                0x0000000000009cb4                DAC_3_Handler
                0x0000000000009cb4                TRNG_Handler
                0x0000000000009cb4                HardFault_Handler
                0x0000000000009cb4                TC2_Handler
                0x0000000000009cb4                PDEC_2_Handler
                0x0000000000009cb4                EIC_4_Handler
                0x0000000000009cb4                AC_Handler
                0x0000000000009cb4                SERCOM3_1_Handler
                0x0000000000009cb4                SysTick_Handler
                0x0000000000009cb4                TCC2_3_Handler
                0x0000000000009cb4                SERCOM3_2_Handler
                0x0000000000009cb4                PendSV_Handler
                0x0000000000009cb4                NMI_Handler
                0x0000000000009cb4                ADC1_1_Handler
                0x0000000000009cb4                EVSYS_3_Handler
                0x0000000000009cb4                PDEC_0_Handler
                0x0000000000009cb4                QSPI_Handler
                0x0000000000009cb4                TCC0_0_Handler
                0x0000000000009cb4                EIC_3_Handler
                0x0000000000009cb4                TAL_0_Handler
                0x0000000000009cb4                DAC_2_Handler
                0x0000000000009cb4                SERCOM0_0_Handler
                0x0000000000009cb4                RTC_Handler
                0x0000000000009cb4                UsageFault_Handler
                0x0000000000009cb4                SERCOM4_0_Handler
                0x0000000000009cb4                EIC_10_Handler
                0x0000000000009cb4                SERCOM0_3_Handler
                0x0000000000009cb4                EIC_11_Handler
                0x0000000000009cb4                EIC_9_Handler
                0x0000000000009cb4                OSC32KCTRL_Handler
                0x0000000000009cb4                TCC2_1_Handler
                0x0000000000009cb4                SUPC_1_Handler
                0x0000000000009cb4                TCC0_5_Handler
                0x0000000000009cb4                TCC0_6_Handler
                0x0000000000009cb4                EVSYS_1_Handler
                0x0000000000009cb4                TCC1_4_Handler
                0x0000000000009cb4                WDT_Handler
                0x0000000000009cb4                EIC_8_Handler
                0x0000000000009cb4                EIC_15_Handler
                0x0000000000009cb4                SERCOM5_0_Handler
                0x0000000000009cb4                TC1_Handler
                0x0000000000009cb4                OSCCTRL_4_Handler
                0x0000000000009cb4                SERCOM4_3_Handler
                0x0000000000009cb4                EIC_12_Handler
                0x0000000000009cb4                DMAC_4_Handler
                0x0000000000009cb4                TCC4_2_Handler
                0x0000000000009cb4                PAC_Handler
                0x0000000000009cb4                TCC1_0_Handler
                0x0000000000009cb4                OSCCTRL_0_Handler
                0x0000000000009cb4                EIC_0_Handler
                0x0000000000009cb4                OSCCTRL_3_Handler
                0x0000000000009cb4                SERCOM4_1_Handler
                0x0000000000009cb4                TC3_Handler
                0x0000000000009cb4                Dummy_Handler
                0x0000000000009cb4                TCC3_0_Handler
                0x0000000000009cb4                TCC2_2_Handler
                0x0000000000009cb4                SERCOM5_1_Handler
                0x0000000000009cb4                TCC1_1_Handler
                0x0000000000009cb4                DMAC_2_Handler
                0x0000000000009cb4                ADC0_0_Handler
                0x0000000000009cb4                SERCOM0_1_Handler
                0x0000000000009cb4                OSCCTRL_2_Handler
                0x0000000000009cb4                ADC1_0_Handler
                0x0000000000009cb4                TCC1_2_Handler
                0x0000000000009cb4                PM_Handler
                0x0000000000009cb4                SERCOM2_3_Handler
                0x0000000000009cb4                DAC_4_Handler
                0x0000000000009cb4                TCC3_2_Handler
                0x0000000000009cb4                TCC0_2_Handler
                0x0000000000009cb4                DMAC_1_Handler
                0x0000000000009cb4                TCC4_0_Handler
                0x0000000000009cb4                TCC2_0_Handler
                0x0000000000009cb4                PDEC_1_Handler
                0x0000000000009cb4                MemManage_Handler
                0x0000000000009cb4                TCC4_1_Handler
                0x0000000000009cb4                SERCOM5_3_Handler
                0x0000000000009cb4                SVC_Handler
                0x0000000000009cb4                SDHC0_Handler
                0x0000000000009cb4                SERCOM1_1_Handler
                0x0000000000009cb4                I2S_Handler
                0x0000000000009cb4                EIC_2_Handler
                0x0000000000009cb4                PCC_Handler
                0x0000000000009cb4                DAC_0_Handler
                0x0000000000009cb4                TCC0_1_Handler
                0x0000000000009cb4                SERCOM1_3_Handler
                0x0000000000009cb4                EIC_6_Handler
                0x0000000000009cb4                OSCCTRL_1_Handler
                0x0000000000009cb4                PUKCC_Handler
                0x0000000000009cb4                SERCOM2_1_Handler
                0x0000000000009cb4                SERCOM1_2_Handler
                0x0000000000009cb4                SERCOM3_0_Handler
                0x0000000000009cb4                EIC_1_Handler
                0x0000000000009cb4                SERCOM4_2_Handler
                0x0000000000009cb4                EVSYS_4_Handler
                0x0000000000009cb4                NVMCTRL_1_Handler
                0x0000000000009cb4                SERCOM5_2_Handler
                0x0000000000009cb4                SERCOM3_3_Handler
                0x0000000000009cb4                ADC0_1_Handler
                0x0000000000009cb4                SERCOM2_2_Handler
                0x0000000000009cb4                TCC3_1_Handler
                0x0000000000009cb4                EIC_14_Handler
                0x0000000000009cb4                DAC_1_Handler
                0x0000000000009cb4                NVMCTRL_0_Handler
                0x0000000000009cb4                TAL_1_Handler
                0x0000000000009cb4                MCLK_Handler
                0x0000000000009cb4                EVSYS_2_Handler
                0x0000000000009cb4                SUPC_0_Handler
                0x0000000000009cb4                BusFault_Handler
                0x0000000000009cb4                FREQM_Handler
                0x0000000000009cb4                TC0_Handler
                0x0000000000009cb4                TCC0_3_Handler
                0x0000000000009cb4                DMAC_3_Handler
                0x0000000000009cb4                TCC0_4_Handler
                0x0000000000009cb4                RAMECC_Handler
                0x0000000000009cb4                TC5_Handler
                0x0000000000009cb4                SERCOM2_0_Handler
                0x0000000000009cb4                AES_Handler
                0x0000000000009cb4                EIC_5_Handler
 *fill*         0x0000000000009cb6        0x2 
 .text.Reset_Handler
                0x0000000000009cb8       0x9c .build/obj_massdrop_ctrl_greyasteroid/protocol/arm_atsam/startup.o
                0x0000000000009cb8                Reset_Handler
 .text.main_suspend_action
                0x0000000000009d54        0x4 .build/obj_massdrop_ctrl_greyasteroid/protocol/arm_atsam/usb/main_usb.o
                0x0000000000009d54                main_suspend_action
 .text.main_resume_action
                0x0000000000009d58        0x4 .build/obj_massdrop_ctrl_greyasteroid/protocol/arm_atsam/usb/main_usb.o
                0x0000000000009d58                main_resume_action
 .text.main_sof_action
                0x0000000000009d5c        0xe .build/obj_massdrop_ctrl_greyasteroid/protocol/arm_atsam/usb/main_usb.o
                0x0000000000009d5c                main_sof_action
 .text.main_remotewakeup_enable
                0x0000000000009d6a        0x4 .build/obj_massdrop_ctrl_greyasteroid/protocol/arm_atsam/usb/main_usb.o
                0x0000000000009d6a                main_remotewakeup_enable
 .text.main_remotewakeup_disable
                0x0000000000009d6e        0x4 .build/obj_massdrop_ctrl_greyasteroid/protocol/arm_atsam/usb/main_usb.o
                0x0000000000009d6e                main_remotewakeup_disable
 *fill*         0x0000000000009d72        0x2 
 .text.main_kbd_enable
                0x0000000000009d74        0xc .build/obj_massdrop_ctrl_greyasteroid/protocol/arm_atsam/usb/main_usb.o
                0x0000000000009d74                main_kbd_enable
 .text.main_kbd_disable
                0x0000000000009d80        0xc .build/obj_massdrop_ctrl_greyasteroid/protocol/arm_atsam/usb/main_usb.o
                0x0000000000009d80                main_kbd_disable
 .text.main_nkro_enable
                0x0000000000009d8c        0xc .build/obj_massdrop_ctrl_greyasteroid/protocol/arm_atsam/usb/main_usb.o
                0x0000000000009d8c                main_nkro_enable
 .text.main_nkro_disable
                0x0000000000009d98        0xc .build/obj_massdrop_ctrl_greyasteroid/protocol/arm_atsam/usb/main_usb.o
                0x0000000000009d98                main_nkro_disable
 .text.main_exk_enable
                0x0000000000009da4        0xc .build/obj_massdrop_ctrl_greyasteroid/protocol/arm_atsam/usb/main_usb.o
                0x0000000000009da4                main_exk_enable
 .text.main_exk_disable
                0x0000000000009db0        0xc .build/obj_massdrop_ctrl_greyasteroid/protocol/arm_atsam/usb/main_usb.o
                0x0000000000009db0                main_exk_disable
 .text.udc_update_iface_desc
                0x0000000000009dbc       0x4c .build/obj_massdrop_ctrl_greyasteroid/protocol/arm_atsam/usb/udc.o
 .text.udc_valid_address
                0x0000000000009e08       0x10 .build/obj_massdrop_ctrl_greyasteroid/protocol/arm_atsam/usb/udc.o
 .text.udc_next_desc_in_iface.constprop.0
                0x0000000000009e18       0x28 .build/obj_massdrop_ctrl_greyasteroid/protocol/arm_atsam/usb/udc.o
 .text.udc_iface_enable
                0x0000000000009e40       0x40 .build/obj_massdrop_ctrl_greyasteroid/protocol/arm_atsam/usb/udc.o
 .text.udc_iface_disable
                0x0000000000009e80       0x4c .build/obj_massdrop_ctrl_greyasteroid/protocol/arm_atsam/usb/udc.o
 .text.udc_get_interface_desc
                0x0000000000009ecc        0xc .build/obj_massdrop_ctrl_greyasteroid/protocol/arm_atsam/usb/udc.o
                0x0000000000009ecc                udc_get_interface_desc
 .text.udc_start
                0x0000000000009ed8        0x4 .build/obj_massdrop_ctrl_greyasteroid/protocol/arm_atsam/usb/udc.o
                0x0000000000009ed8                udc_start
 .text.udc_reset
                0x0000000000009edc       0x3c .build/obj_massdrop_ctrl_greyasteroid/protocol/arm_atsam/usb/udc.o
                0x0000000000009edc                udc_reset
 .text.udc_sof_notify
                0x0000000000009f18       0x30 .build/obj_massdrop_ctrl_greyasteroid/protocol/arm_atsam/usb/udc.o
                0x0000000000009f18                udc_sof_notify
 .text.udc_process_setup
                0x0000000000009f48      0x404 .build/obj_massdrop_ctrl_greyasteroid/protocol/arm_atsam/usb/udc.o
                0x0000000000009f48                udc_process_setup
 .text.CDC_print
                0x000000000000a34c        0x4 .build/obj_massdrop_ctrl_greyasteroid/protocol/arm_atsam/usb/udi_cdc.o
                0x000000000000a34c                CDC_print
 .text.CDC_init
                0x000000000000a350       0x18 .build/obj_massdrop_ctrl_greyasteroid/protocol/arm_atsam/usb/udi_cdc.o
                0x000000000000a350                CDC_init
 .text.udi_hid_setup
                0x000000000000a368       0xa4 .build/obj_massdrop_ctrl_greyasteroid/protocol/arm_atsam/usb/udi_hid.o
                0x000000000000a368                udi_hid_setup
 .text.udi_hid_kbd_getsetting
                0x000000000000a40c        0x4 .build/obj_massdrop_ctrl_greyasteroid/protocol/arm_atsam/usb/udi_hid_kbd.o
                0x000000000000a40c                udi_hid_kbd_getsetting
 .text.udi_hid_kbd_setreport
                0x000000000000a410       0x34 .build/obj_massdrop_ctrl_greyasteroid/protocol/arm_atsam/usb/udi_hid_kbd.o
 .text.udi_hid_kbd_setreport_valid
                0x000000000000a444        0x2 .build/obj_massdrop_ctrl_greyasteroid/protocol/arm_atsam/usb/udi_hid_kbd.o
 *fill*         0x000000000000a446        0x2 
 .text.udi_hid_nkro_setreport
                0x000000000000a448       0x34 .build/obj_massdrop_ctrl_greyasteroid/protocol/arm_atsam/usb/udi_hid_kbd.o
 .text.udi_hid_exk_setreport
                0x000000000000a47c       0x34 .build/obj_massdrop_ctrl_greyasteroid/protocol/arm_atsam/usb/udi_hid_kbd.o
 .text.udi_hid_kbd_enable
                0x000000000000a4b0       0x2c .build/obj_massdrop_ctrl_greyasteroid/protocol/arm_atsam/usb/udi_hid_kbd.o
                0x000000000000a4b0                udi_hid_kbd_enable
 .text.udi_hid_kbd_disable
                0x000000000000a4dc        0x4 .build/obj_massdrop_ctrl_greyasteroid/protocol/arm_atsam/usb/udi_hid_kbd.o
                0x000000000000a4dc                udi_hid_kbd_disable
 .text.udi_hid_kbd_setup
                0x000000000000a4e0       0x18 .build/obj_massdrop_ctrl_greyasteroid/protocol/arm_atsam/usb/udi_hid_kbd.o
                0x000000000000a4e0                udi_hid_kbd_setup
 .text.udi_hid_nkro_setup
                0x000000000000a4f8       0x1c .build/obj_massdrop_ctrl_greyasteroid/protocol/arm_atsam/usb/udi_hid_kbd.o
                0x000000000000a4f8                udi_hid_nkro_setup
 .text.udi_hid_exk_setup
                0x000000000000a514       0x1c .build/obj_massdrop_ctrl_greyasteroid/protocol/arm_atsam/usb/udi_hid_kbd.o
                0x000000000000a514                udi_hid_exk_setup
 .text.udi_hid_nkro_enable
                0x000000000000a530       0x34 .build/obj_massdrop_ctrl_greyasteroid/protocol/arm_atsam/usb/udi_hid_kbd.o
                0x000000000000a530                udi_hid_nkro_enable
 .text.udi_hid_nkro_disable
                0x000000000000a564        0x4 .build/obj_massdrop_ctrl_greyasteroid/protocol/arm_atsam/usb/udi_hid_kbd.o
                0x000000000000a564                udi_hid_nkro_disable
 .text.udi_hid_exk_enable
                0x000000000000a568       0x24 .build/obj_massdrop_ctrl_greyasteroid/protocol/arm_atsam/usb/udi_hid_kbd.o
                0x000000000000a568                udi_hid_exk_enable
 .text.udi_hid_exk_disable
                0x000000000000a58c        0x4 .build/obj_massdrop_ctrl_greyasteroid/protocol/arm_atsam/usb/udi_hid_kbd.o
                0x000000000000a58c                udi_hid_exk_disable
 .text.udi_hid_exk_setreport_valid
                0x000000000000a590        0x2 .build/obj_massdrop_ctrl_greyasteroid/protocol/arm_atsam/usb/udi_hid_kbd.o
 .text.udi_hid_nkro_setreport_valid
                0x000000000000a592        0x2 .build/obj_massdrop_ctrl_greyasteroid/protocol/arm_atsam/usb/udi_hid_kbd.o
 .text.udi_hid_exk_getsetting
                0x000000000000a594        0x4 .build/obj_massdrop_ctrl_greyasteroid/protocol/arm_atsam/usb/udi_hid_kbd.o
                0x000000000000a594                udi_hid_exk_getsetting
 .text.udi_hid_nkro_getsetting
                0x000000000000a598        0x4 .build/obj_massdrop_ctrl_greyasteroid/protocol/arm_atsam/usb/udi_hid_kbd.o
                0x000000000000a598                udi_hid_nkro_getsetting
 .text.udi_hid_kbd_send_report
                0x000000000000a59c       0x5c .build/obj_massdrop_ctrl_greyasteroid/protocol/arm_atsam/usb/udi_hid_kbd.o
                0x000000000000a59c                udi_hid_kbd_send_report
 .text.udi_hid_kbd_report_sent
                0x000000000000a5f8       0x1c .build/obj_massdrop_ctrl_greyasteroid/protocol/arm_atsam/usb/udi_hid_kbd.o
 .text.udi_hid_nkro_send_report
                0x000000000000a614       0x64 .build/obj_massdrop_ctrl_greyasteroid/protocol/arm_atsam/usb/udi_hid_kbd.o
                0x000000000000a614                udi_hid_nkro_send_report
 .text.udi_hid_nkro_report_sent
                0x000000000000a678       0x1c .build/obj_massdrop_ctrl_greyasteroid/protocol/arm_atsam/usb/udi_hid_kbd.o
 .text.udi_hid_exk_send_report
                0x000000000000a694       0x54 .build/obj_massdrop_ctrl_greyasteroid/protocol/arm_atsam/usb/udi_hid_kbd.o
                0x000000000000a694                udi_hid_exk_send_report
 .text.udi_hid_exk_report_sent
                0x000000000000a6e8       0x1c .build/obj_massdrop_ctrl_greyasteroid/protocol/arm_atsam/usb/udi_hid_kbd.o
 .text.ui_powerdown
                0x000000000000a704        0x2 .build/obj_massdrop_ctrl_greyasteroid/protocol/arm_atsam/usb/ui.o
                0x000000000000a704                ui_powerdown
 .text.ui_wakeup_enable
                0x000000000000a706        0x2 .build/obj_massdrop_ctrl_greyasteroid/protocol/arm_atsam/usb/ui.o
                0x000000000000a706                ui_wakeup_enable
 .text.ui_wakeup_disable
                0x000000000000a708        0x2 .build/obj_massdrop_ctrl_greyasteroid/protocol/arm_atsam/usb/ui.o
                0x000000000000a708                ui_wakeup_disable
 .text.ui_wakeup
                0x000000000000a70a        0x2 .build/obj_massdrop_ctrl_greyasteroid/protocol/arm_atsam/usb/ui.o
                0x000000000000a70a                ui_wakeup
 .text.ui_process
                0x000000000000a70c        0x2 .build/obj_massdrop_ctrl_greyasteroid/protocol/arm_atsam/usb/ui.o
                0x000000000000a70c                ui_process
 *fill*         0x000000000000a70e        0x2 
 .text.USB_write2422_block
                0x000000000000a710       0x7c .build/obj_massdrop_ctrl_greyasteroid/protocol/arm_atsam/usb/usb2422.o
                0x000000000000a710                USB_write2422_block
 .text.USB2422_init