Archive member included to satisfy reference by file (symbol)

/usr/local/Cellar/arm-gcc-bin@8/8-2019-q3-update/bin/../lib/gcc/arm-none-eabi/8.3.1/thumb/v7e-m+fp/hard/libgcc.a(_arm_addsubdf3.o)
                              .build/obj_massdrop_ctrl_greyasteroid/protocol/arm_atsam/main_arm_atsam.o (__aeabi_dadd)
/usr/local/Cellar/arm-gcc-bin@8/8-2019-q3-update/bin/../lib/gcc/arm-none-eabi/8.3.1/thumb/v7e-m+fp/hard/libgcc.a(_arm_muldivdf3.o)
                              .build/obj_massdrop_ctrl_greyasteroid/protocol/arm_atsam/main_arm_atsam.o (__aeabi_dmul)
/usr/local/Cellar/arm-gcc-bin@8/8-2019-q3-update/bin/../lib/gcc/arm-none-eabi/8.3.1/thumb/v7e-m+fp/hard/libgcc.a(_arm_fixunsdfsi.o)
                              .build/obj_massdrop_ctrl_greyasteroid/protocol/arm_atsam/main_arm_atsam.o (__aeabi_d2uiz)
/usr/local/Cellar/arm-gcc-bin@8/8-2019-q3-update/bin/../lib/gcc/arm-none-eabi/8.3.1/thumb/v7e-m+fp/hard/libgcc.a(_aeabi_ldivmod.o)
                              .build/obj_massdrop_ctrl_greyasteroid/protocol/arm_atsam/usb/usb_util.o (__aeabi_ldivmod)
/usr/local/Cellar/arm-gcc-bin@8/8-2019-q3-update/bin/../lib/gcc/arm-none-eabi/8.3.1/thumb/v7e-m+fp/hard/libgcc.a(_aeabi_uldivmod.o)
                              .build/obj_massdrop_ctrl_greyasteroid/protocol/arm_atsam/usb/usb2422.o (__aeabi_uldivmod)
/usr/local/Cellar/arm-gcc-bin@8/8-2019-q3-update/bin/../lib/gcc/arm-none-eabi/8.3.1/thumb/v7e-m+fp/hard/libgcc.a(_udivmoddi4.o)
                              /usr/local/Cellar/arm-gcc-bin@8/8-2019-q3-update/bin/../lib/gcc/arm-none-eabi/8.3.1/thumb/v7e-m+fp/hard/libgcc.a(_aeabi_ldivmod.o) (__udivmoddi4)
/usr/local/Cellar/arm-gcc-bin@8/8-2019-q3-update/bin/../lib/gcc/arm-none-eabi/8.3.1/thumb/v7e-m+fp/hard/libgcc.a(_dvmd_tls.o)
                              /usr/local/Cellar/arm-gcc-bin@8/8-2019-q3-update/bin/../lib/gcc/arm-none-eabi/8.3.1/thumb/v7e-m+fp/hard/libgcc.a(_aeabi_ldivmod.o) (__aeabi_ldiv0)
/usr/local/Cellar/arm-gcc-bin@8/8-2019-q3-update/bin/../lib/gcc/arm-none-eabi/8.3.1/../../../../arm-none-eabi/lib/thumb/v7e-m+fp/hard/libg.a(lib_a-ctype_.o)
                              .build/obj_massdrop_ctrl_greyasteroid/quantum/quantum.o (_ctype_)
/usr/local/Cellar/arm-gcc-bin@8/8-2019-q3-update/bin/../lib/gcc/arm-none-eabi/8.3.1/../../../../arm-none-eabi/lib/thumb/v7e-m+fp/hard/libg.a(lib_a-exit.o)
                              /usr/local/Cellar/arm-gcc-bin@8/8-2019-q3-update/bin/../lib/gcc/arm-none-eabi/8.3.1/../../../../arm-none-eabi/lib/thumb/v7e-m+fp/hard/rdimon-crt0.o (exit)
/usr/local/Cellar/arm-gcc-bin@8/8-2019-q3-update/bin/../lib/gcc/arm-none-eabi/8.3.1/../../../../arm-none-eabi/lib/thumb/v7e-m+fp/hard/libg.a(lib_a-impure.o)
                              /usr/local/Cellar/arm-gcc-bin@8/8-2019-q3-update/bin/../lib/gcc/arm-none-eabi/8.3.1/../../../../arm-none-eabi/lib/thumb/v7e-m+fp/hard/libg.a(lib_a-exit.o) (_global_impure_ptr)
/usr/local/Cellar/arm-gcc-bin@8/8-2019-q3-update/bin/../lib/gcc/arm-none-eabi/8.3.1/../../../../arm-none-eabi/lib/thumb/v7e-m+fp/hard/libg.a(lib_a-init.o)
                              /usr/local/Cellar/arm-gcc-bin@8/8-2019-q3-update/bin/../lib/gcc/arm-none-eabi/8.3.1/../../../../arm-none-eabi/lib/thumb/v7e-m+fp/hard/rdimon-crt0.o (__libc_init_array)
/usr/local/Cellar/arm-gcc-bin@8/8-2019-q3-update/bin/../lib/gcc/arm-none-eabi/8.3.1/../../../../arm-none-eabi/lib/thumb/v7e-m+fp/hard/libg.a(lib_a-memcpy.o)
                              .build/obj_massdrop_ctrl_greyasteroid/quantum/rgb_matrix.o (memcpy)
/usr/local/Cellar/arm-gcc-bin@8/8-2019-q3-update/bin/../lib/gcc/arm-none-eabi/8.3.1/../../../../arm-none-eabi/lib/thumb/v7e-m+fp/hard/libg.a(lib_a-memset.o)
                              /usr/local/Cellar/arm-gcc-bin@8/8-2019-q3-update/bin/../lib/gcc/arm-none-eabi/8.3.1/../../../../arm-none-eabi/lib/thumb/v7e-m+fp/hard/rdimon-crt0.o (memset)
/usr/local/Cellar/arm-gcc-bin@8/8-2019-q3-update/bin/../lib/gcc/arm-none-eabi/8.3.1/../../../../arm-none-eabi/lib/thumb/v7e-m+fp/hard/libg.a(lib_a-rand.o)
                              .build/obj_massdrop_ctrl_greyasteroid/quantum/quantum.o (rand)
/usr/local/Cellar/arm-gcc-bin@8/8-2019-q3-update/bin/../lib/gcc/arm-none-eabi/8.3.1/../../../../arm-none-eabi/lib/thumb/v7e-m+fp/hard/libg.a(lib_a-__call_atexit.o)
                              /usr/local/Cellar/arm-gcc-bin@8/8-2019-q3-update/bin/../lib/gcc/arm-none-eabi/8.3.1/../../../../arm-none-eabi/lib/thumb/v7e-m+fp/hard/libg.a(lib_a-exit.o) (__call_exitprocs)
/usr/local/Cellar/arm-gcc-bin@8/8-2019-q3-update/bin/../lib/gcc/arm-none-eabi/8.3.1/../../../../arm-none-eabi/lib/thumb/v7e-m+fp/hard/libg.a(lib_a-atexit.o)
                              /usr/local/Cellar/arm-gcc-bin@8/8-2019-q3-update/bin/../lib/gcc/arm-none-eabi/8.3.1/../../../../arm-none-eabi/lib/thumb/v7e-m+fp/hard/libg.a(lib_a-__call_atexit.o) (atexit)
/usr/local/Cellar/arm-gcc-bin@8/8-2019-q3-update/bin/../lib/gcc/arm-none-eabi/8.3.1/../../../../arm-none-eabi/lib/thumb/v7e-m+fp/hard/libg.a(lib_a-fini.o)
[...]
Memory Configuration

Name             Origin             Length             Attributes
rom              0x0000000000004000 0x000000000003c000 xr
ram              0x0000000020000000 0x0000000000020000 xrw
bkupram          0x0000000047000000 0x0000000000002000 xrw
qspi             0x0000000004000000 0x0000000001000000 xrw
*default*        0x0000000000000000 0xffffffffffffffff

Linker script and memory map

LOAD /usr/local/Cellar/arm-gcc-bin@8/8-2019-q3-update/bin/../lib/gcc/arm-none-eabi/8.3.1/thumb/v7e-m+fp/hard/crti.o
LOAD /usr/local/Cellar/arm-gcc-bin@8/8-2019-q3-update/bin/../lib/gcc/arm-none-eabi/8.3.1/thumb/v7e-m+fp/hard/crtbegin.o
LOAD /usr/local/Cellar/arm-gcc-bin@8/8-2019-q3-update/bin/../lib/gcc/arm-none-eabi/8.3.1/../../../../arm-none-eabi/lib/thumb/v7e-m+fp/hard/rdimon-crt0.o
LOAD .build/obj_massdrop_ctrl_greyasteroid/matrix.o
LOAD .build/obj_massdrop_ctrl_greyasteroid/config_led.o
LOAD .build/obj_massdrop_ctrl_greyasteroid/keyboards/massdrop/ctrl/keymaps/greyasteroid/keymap.o
LOAD .build/obj_massdrop_ctrl_greyasteroid/quantum/quantum.o
LOAD .build/obj_massdrop_ctrl_greyasteroid/quantum/keymap_common.o
LOAD .build/obj_massdrop_ctrl_greyasteroid/quantum/keycode_config.o
LOAD .build/obj_massdrop_ctrl_greyasteroid/quantum/debounce/sym_g.o
LOAD .build/obj_massdrop_ctrl_greyasteroid/common/arm_atsam/eeprom.o
LOAD .build/obj_massdrop_ctrl_greyasteroid/quantum/color.o
LOAD .build/obj_massdrop_ctrl_greyasteroid/quantum/rgb_matrix.o
LOAD .build/obj_massdrop_ctrl_greyasteroid/quantum/rgb_matrix_drivers.o
LOAD .build/obj_massdrop_ctrl_greyasteroid/quantum/process_keycode/process_rgb.o
LOAD .build/obj_massdrop_ctrl_greyasteroid/quantum/led_tables.o
LOAD .build/obj_massdrop_ctrl_greyasteroid/quantum/process_keycode/process_space_cadet.o
LOAD .build/obj_massdrop_ctrl_greyasteroid/quantum/process_keycode/process_magic.o
LOAD .build/obj_massdrop_ctrl_greyasteroid/quantum/process_keycode/process_grave_esc.o
LOAD .build/obj_massdrop_ctrl_greyasteroid/common/host.o
LOAD .build/obj_massdrop_ctrl_greyasteroid/common/keyboard.o
LOAD .build/obj_massdrop_ctrl_greyasteroid/common/action.o
LOAD .build/obj_massdrop_ctrl_greyasteroid/common/action_tapping.o
LOAD .build/obj_massdrop_ctrl_greyasteroid/common/action_macro.o
LOAD .build/obj_massdrop_ctrl_greyasteroid/common/action_layer.o
LOAD .build/obj_massdrop_ctrl_greyasteroid/common/action_util.o
LOAD .build/obj_massdrop_ctrl_greyasteroid/common/print.o
LOAD .build/obj_massdrop_ctrl_greyasteroid/common/debug.o
LOAD .build/obj_massdrop_ctrl_greyasteroid/common/sendchar_null.o
LOAD .build/obj_massdrop_ctrl_greyasteroid/common/util.o
LOAD .build/obj_massdrop_ctrl_greyasteroid/common/eeconfig.o
LOAD .build/obj_massdrop_ctrl_greyasteroid/common/report.o
LOAD .build/obj_massdrop_ctrl_greyasteroid/common/arm_atsam/suspend.o
LOAD .build/obj_massdrop_ctrl_greyasteroid/common/arm_atsam/timer.o
LOAD .build/obj_massdrop_ctrl_greyasteroid/common/arm_atsam/bootloader.o
LOAD .build/obj_massdrop_ctrl_greyasteroid/common/arm_atsam/printf.o
LOAD .build/obj_massdrop_ctrl_greyasteroid/common/magic.o
LOAD .build/obj_massdrop_ctrl_greyasteroid/protocol/arm_atsam/adc.o
LOAD .build/obj_massdrop_ctrl_greyasteroid/protocol/arm_atsam/clks.o
LOAD .build/obj_massdrop_ctrl_greyasteroid/protocol/arm_atsam/d51_util.o
LOAD .build/obj_massdrop_ctrl_greyasteroid/protocol/arm_atsam/i2c_master.o
LOAD .build/obj_massdrop_ctrl_greyasteroid/protocol/arm_atsam/led_matrix_programs.o
LOAD .build/obj_massdrop_ctrl_greyasteroid/protocol/arm_atsam/led_matrix.o
LOAD .build/obj_massdrop_ctrl_greyasteroid/protocol/arm_atsam/main_arm_atsam.o
LOAD .build/obj_massdrop_ctrl_greyasteroid/protocol/arm_atsam/spi.o
LOAD .build/obj_massdrop_ctrl_greyasteroid/protocol/arm_atsam/startup.o
LOAD .build/obj_massdrop_ctrl_greyasteroid/protocol/arm_atsam/usb/main_usb.o
LOAD .build/obj_massdrop_ctrl_greyasteroid/protocol/arm_atsam/usb/udc.o
LOAD .build/obj_massdrop_ctrl_greyasteroid/protocol/arm_atsam/usb/udi_cdc.o
LOAD .build/obj_massdrop_ctrl_greyasteroid/protocol/arm_atsam/usb/udi_hid.o
LOAD .build/obj_massdrop_ctrl_greyasteroid/protocol/arm_atsam/usb/udi_hid_kbd.o
LOAD .build/obj_massdrop_ctrl_greyasteroid/protocol/arm_atsam/usb/udi_hid_kbd_desc.o
LOAD .build/obj_massdrop_ctrl_greyasteroid/protocol/arm_atsam/usb/ui.o
LOAD .build/obj_massdrop_ctrl_greyasteroid/protocol/arm_atsam/usb/usb2422.o
LOAD .build/obj_massdrop_ctrl_greyasteroid/protocol/arm_atsam/usb/usb.o
LOAD .build/obj_massdrop_ctrl_greyasteroid/protocol/arm_atsam/usb/usb_device_udd.o
LOAD .build/obj_massdrop_ctrl_greyasteroid/protocol/arm_atsam/usb/usb_util.o
START GROUP
END GROUP
LOAD /usr/local/Cellar/arm-gcc-bin@8/8-2019-q3-update/bin/../lib/gcc/arm-none-eabi/8.3.1/../../../../arm-none-eabi/lib/thumb/v7e-m+fp/hard/libm.a
START GROUP
LOAD /usr/local/Cellar/arm-gcc-bin@8/8-2019-q3-update/bin/../lib/gcc/arm-none-eabi/8.3.1/thumb/v7e-m+fp/hard/libgcc.a
LOAD /usr/local/Cellar/arm-gcc-bin@8/8-2019-q3-update/bin/../lib/gcc/arm-none-eabi/8.3.1/../../../../arm-none-eabi/lib/thumb/v7e-m+fp/hard/libg.a
LOAD /usr/local/Cellar/arm-gcc-bin@8/8-2019-q3-update/bin/../lib/gcc/arm-none-eabi/8.3.1/../../../../arm-none-eabi/lib/thumb/v7e-m+fp/hard/libc.a
END GROUP
START GROUP
LOAD /usr/local/Cellar/arm-gcc-bin@8/8-2019-q3-update/bin/../lib/gcc/arm-none-eabi/8.3.1/thumb/v7e-m+fp/hard/libgcc.a
LOAD /usr/local/Cellar/arm-gcc-bin@8/8-2019-q3-update/bin/../lib/gcc/arm-none-eabi/8.3.1/../../../../arm-none-eabi/lib/thumb/v7e-m+fp/hard/libc.a
LOAD /usr/local/Cellar/arm-gcc-bin@8/8-2019-q3-update/bin/../lib/gcc/arm-none-eabi/8.3.1/../../../../arm-none-eabi/lib/thumb/v7e-m+fp/hard/librdimon.a
END GROUP
LOAD /usr/local/Cellar/arm-gcc-bin@8/8-2019-q3-update/bin/../lib/gcc/arm-none-eabi/8.3.1/thumb/v7e-m+fp/hard/crtend.o
LOAD /usr/local/Cellar/arm-gcc-bin@8/8-2019-q3-update/bin/../lib/gcc/arm-none-eabi/8.3.1/thumb/v7e-m+fp/hard/crtn.o
                0x0000000000008000                STACK_SIZE = DEFINED (STACK_SIZE)?STACK_SIZE:DEFINED (__stack_size__)?__stack_size__:0x8000
                0x0000000000000800                HEAP_SIZE = DEFINED (HEAP_SIZE)?HEAP_SIZE:DEFINED (__heap_size__)?__heap_size__:0x800
                0x0000000000004000                _srom = ORIGIN (rom)
                0x000000000003c000                _lrom = LENGTH (rom)
                0x0000000000040000                _erom = (ORIGIN (rom) + LENGTH (rom))
                0x0000000020000000                _sram = ORIGIN (ram)
                0x0000000000020000                _lram = LENGTH (ram)
                0x0000000020020000                _eram = (ORIGIN (ram) + LENGTH (ram))

.text           0x0000000000004000     0x7d90
                0x0000000000004000                . = ALIGN (0x4)
                0x0000000000004000                _sfixed = .
 *(.vectors .vectors.*)
 .vectors       0x0000000000004000      0x264 .build/obj_massdrop_ctrl_greyasteroid/protocol/arm_atsam/startup.o
                0x0000000000004000                exception_table
 *(.text .text.* .gnu.linkonce.t.*)
 .text          0x0000000000004264       0x40 /usr/local/Cellar/arm-gcc-bin@8/8-2019-q3-update/bin/../lib/gcc/arm-none-eabi/8.3.1/thumb/v7e-m+fp/hard/crtbegin.o
 .text.matrix_init_user
                0x00000000000042a4        0x2 .build/obj_massdrop_ctrl_greyasteroid/matrix.o
                0x00000000000042a4                matrix_init_user
 .text.matrix_init_kb
                0x00000000000042a6        0x8 .build/obj_massdrop_ctrl_greyasteroid/matrix.o
                0x00000000000042a6                matrix_init_kb
 .text.matrix_scan_user
                0x00000000000042ae        0x2 .build/obj_massdrop_ctrl_greyasteroid/matrix.o
                0x00000000000042ae                matrix_scan_user
 .text.matrix_scan_kb
                0x00000000000042b0        0x8 .build/obj_massdrop_ctrl_greyasteroid/matrix.o
                0x00000000000042b0                matrix_scan_kb
 .text.matrix_init
                0x00000000000042b8       0xd4 .build/obj_massdrop_ctrl_greyasteroid/matrix.o
                0x00000000000042b8                matrix_init
 .text.matrix_scan
                0x000000000000438c      0x148 .build/obj_massdrop_ctrl_greyasteroid/matrix.o
                0x000000000000438c                matrix_scan
 .text.matrix_get_row
                0x00000000000044d4        0xc .build/obj_massdrop_ctrl_greyasteroid/matrix.o
                0x00000000000044d4                matrix_get_row
 .text.matrix_print
                0x00000000000044e0        0x2 .build/obj_massdrop_ctrl_greyasteroid/matrix.o
                0x00000000000044e0                matrix_print
 .text.rgb_matrix_indicators_kb
                0x00000000000044e2        0x4 .build/obj_massdrop_ctrl_greyasteroid/config_led.o
                0x00000000000044e2                rgb_matrix_indicators_kb
 .text.process_action_kb
                0x00000000000044e6        0x4 .build/obj_massdrop_ctrl_greyasteroid/quantum/quantum.o
                0x00000000000044e6                process_action_kb
 .text.process_record_user
                0x00000000000044ea        0x4 .build/obj_massdrop_ctrl_greyasteroid/quantum/quantum.o
                0x00000000000044ea                process_record_user
 .text.process_record_kb
                0x00000000000044ee        0x8 .build/obj_massdrop_ctrl_greyasteroid/quantum/quantum.o
                0x00000000000044ee                process_record_kb
 .text.post_process_record_user
                0x00000000000044f6        0x2 .build/obj_massdrop_ctrl_greyasteroid/quantum/quantum.o
                0x00000000000044f6                post_process_record_user
 .text.post_process_record_kb
                0x00000000000044f8        0x8 .build/obj_massdrop_ctrl_greyasteroid/quantum/quantum.o
                0x00000000000044f8                post_process_record_kb
 .text.get_event_keycode
                0x0000000000004500       0x4c .build/obj_massdrop_ctrl_greyasteroid/quantum/quantum.o
                0x0000000000004500                get_event_keycode
 .text.get_record_keycode
                0x000000000000454c        0xc .build/obj_massdrop_ctrl_greyasteroid/quantum/quantum.o
                0x000000000000454c                get_record_keycode
 .text.post_process_record_quantum
                0x0000000000004558       0x12 .build/obj_massdrop_ctrl_greyasteroid/quantum/quantum.o
                0x0000000000004558                post_process_record_quantum
 .text.matrix_init_quantum
                0x000000000000456a       0x18 .build/obj_massdrop_ctrl_greyasteroid/quantum/quantum.o
                0x000000000000456a                matrix_init_quantum
 .text.matrix_scan_quantum
                0x0000000000004582        0xe .build/obj_massdrop_ctrl_greyasteroid/quantum/quantum.o
                0x0000000000004582                matrix_scan_quantum
 .text.led_set_user
                0x0000000000004590        0x2 .build/obj_massdrop_ctrl_greyasteroid/quantum/quantum.o
                0x0000000000004590                led_set_user
 .text.led_set_kb
                0x0000000000004592        0x8 .build/obj_massdrop_ctrl_greyasteroid/quantum/quantum.o
                0x0000000000004592                led_set_kb
 .text.led_update_user
                0x000000000000459a        0x4 .build/obj_massdrop_ctrl_greyasteroid/quantum/quantum.o
                0x000000000000459a                led_update_user
 .text.led_update_kb
                0x000000000000459e        0x8 .build/obj_massdrop_ctrl_greyasteroid/quantum/quantum.o
                0x000000000000459e                led_update_kb
 .text.led_set  0x00000000000045a6       0x10 .build/obj_massdrop_ctrl_greyasteroid/quantum/quantum.o
                0x00000000000045a6                led_set
 .text.shutdown_user
                0x00000000000045b6        0x2 .build/obj_massdrop_ctrl_greyasteroid/quantum/quantum.o
                0x00000000000045b6                shutdown_user
 .text.reset_keyboard
                0x00000000000045b8       0x1a .build/obj_massdrop_ctrl_greyasteroid/quantum/quantum.o
                0x00000000000045b8                reset_keyboard
 .text.process_record_quantum
                0x00000000000045d2       0x7a .build/obj_massdrop_ctrl_greyasteroid/quantum/quantum.o
                0x00000000000045d2                process_record_quantum
 .text.action_get_macro
                0x000000000000464c        0x4 .build/obj_massdrop_ctrl_greyasteroid/quantum/keymap_common.o
                0x000000000000464c                action_get_macro
 .text.action_function
                0x0000000000004650        0x2 .build/obj_massdrop_ctrl_greyasteroid/quantum/keymap_common.o
                0x0000000000004650                action_function
 *fill*         0x0000000000004652        0x2 
 .text.keymap_key_to_keycode
                0x0000000000004654       0x20 .build/obj_massdrop_ctrl_greyasteroid/quantum/keymap_common.o
                0x0000000000004654                keymap_key_to_keycode
 .text.keymap_function_id_to_action
                0x0000000000004674        0xc .build/obj_massdrop_ctrl_greyasteroid/quantum/keymap_common.o
                0x0000000000004674                keymap_function_id_to_action
 .text.action_for_key
                0x0000000000004680      0x19c .build/obj_massdrop_ctrl_greyasteroid/quantum/keymap_common.o
                0x0000000000004680                action_for_key
 .text.keycode_config
                0x000000000000481c      0x104 .build/obj_massdrop_ctrl_greyasteroid/quantum/keycode_config.o
                0x000000000000481c                keycode_config
 .text.mod_config
                0x0000000000004920       0xac .build/obj_massdrop_ctrl_greyasteroid/quantum/keycode_config.o
                0x0000000000004920                mod_config
 .text.eeprom_read_byte
                0x00000000000049cc        0xc .build/obj_massdrop_ctrl_greyasteroid/common/arm_atsam/eeprom.o
                0x00000000000049cc                eeprom_read_byte
 .text.eeprom_read_word
                0x00000000000049d8       0x14 .build/obj_massdrop_ctrl_greyasteroid/common/arm_atsam/eeprom.o
                0x00000000000049d8                eeprom_read_word
 .text.eeprom_read_block
                0x00000000000049ec       0x1c .build/obj_massdrop_ctrl_greyasteroid/common/arm_atsam/eeprom.o
                0x00000000000049ec                eeprom_read_block
 .text.eeprom_write_word
                0x0000000000004a08       0x10 .build/obj_massdrop_ctrl_greyasteroid/common/arm_atsam/eeprom.o
                0x0000000000004a08                eeprom_write_word
 .text.eeprom_write_dword
                0x0000000000004a18       0x18 .build/obj_massdrop_ctrl_greyasteroid/common/arm_atsam/eeprom.o
                0x0000000000004a18                eeprom_write_dword
 .text.eeprom_write_block
                0x0000000000004a30       0x1c .build/obj_massdrop_ctrl_greyasteroid/common/arm_atsam/eeprom.o
                0x0000000000004a30                eeprom_write_block
 .text.eeprom_update_byte
                0x0000000000004a4c        0xc .build/obj_massdrop_ctrl_greyasteroid/common/arm_atsam/eeprom.o
                0x0000000000004a4c                eeprom_update_byte
 .text.eeprom_update_word
                0x0000000000004a58        0x4 .build/obj_massdrop_ctrl_greyasteroid/common/arm_atsam/eeprom.o
                0x0000000000004a58                eeprom_update_word
 .text.eeprom_update_dword
                0x0000000000004a5c        0x4 .build/obj_massdrop_ctrl_greyasteroid/common/arm_atsam/eeprom.o
                0x0000000000004a5c                eeprom_update_dword
 .text.eeprom_update_block
                0x0000000000004a60        0x4 .build/obj_massdrop_ctrl_greyasteroid/common/arm_atsam/eeprom.o
                0x0000000000004a60                eeprom_update_block
 .text.hsv_to_rgb
                0x0000000000004a64       0xd4 .build/obj_massdrop_ctrl_greyasteroid/quantum/color.o
                0x0000000000004a64                hsv_to_rgb
 .text.eeconfig_read_rgb_matrix
                0x0000000000004b38       0x10 .build/obj_massdrop_ctrl_greyasteroid/quantum/rgb_matrix.o
                0x0000000000004b38                eeconfig_read_rgb_matrix
 .text.eeconfig_update_rgb_matrix
                0x0000000000004b48       0x10 .build/obj_massdrop_ctrl_greyasteroid/quantum/rgb_matrix.o
                0x0000000000004b48                eeconfig_update_rgb_matrix
 .text.eeconfig_update_rgb_matrix_default
                0x0000000000004b58       0x28 .build/obj_massdrop_ctrl_greyasteroid/quantum/rgb_matrix.o
                0x0000000000004b58                eeconfig_update_rgb_matrix_default
 .text.rgb_matrix_map_row_column_to_led_kb
                0x0000000000004b80        0x4 .build/obj_massdrop_ctrl_greyasteroid/quantum/rgb_matrix.o
                0x0000000000004b80                rgb_matrix_map_row_column_to_led_kb
 .text.rgb_matrix_map_row_column_to_led
                0x0000000000004b84       0x24 .build/obj_massdrop_ctrl_greyasteroid/quantum/rgb_matrix.o
                0x0000000000004b84                rgb_matrix_map_row_column_to_led
 .text.rgb_matrix_update_pwm_buffers
                0x0000000000004ba8        0xc .build/obj_massdrop_ctrl_greyasteroid/quantum/rgb_matrix.o
                0x0000000000004ba8                rgb_matrix_update_pwm_buffers
 .text.rgb_matrix_set_color
                0x0000000000004bb4       0x14 .build/obj_massdrop_ctrl_greyasteroid/quantum/rgb_matrix.o
                0x0000000000004bb4                rgb_matrix_set_color
 .text.SOLID_COLOR
                0x0000000000004bc8       0x84 .build/obj_massdrop_ctrl_greyasteroid/quantum/rgb_matrix.o
                0x0000000000004bc8                SOLID_COLOR
 .text.rgb_matrix_set_color_all
                0x0000000000004c4c        0xc .build/obj_massdrop_ctrl_greyasteroid/quantum/rgb_matrix.o
                0x0000000000004c4c                rgb_matrix_set_color_all
 .text.process_rgb_matrix
                0x0000000000004c58       0xc4 .build/obj_massdrop_ctrl_greyasteroid/quantum/rgb_matrix.o
                0x0000000000004c58                process_rgb_matrix
 .text.rgb_matrix_indicators_user
                0x0000000000004d1c        0x2 .build/obj_massdrop_ctrl_greyasteroid/quantum/rgb_matrix.o
                0x0000000000004d1c                rgb_matrix_indicators_user
 .text.rgb_matrix_indicators
                0x0000000000004d1e        0xc .build/obj_massdrop_ctrl_greyasteroid/quantum/rgb_matrix.o
                0x0000000000004d1e                rgb_matrix_indicators
 *fill*         0x0000000000004d2a        0x2 
 .text.rgb_matrix_task
                0x0000000000004d2c      0x130 .build/obj_massdrop_ctrl_greyasteroid/quantum/rgb_matrix.o
                0x0000000000004d2c                rgb_matrix_task
 .text.rgb_matrix_init
                0x0000000000004e5c       0xb0 .build/obj_massdrop_ctrl_greyasteroid/quantum/rgb_matrix.o
                0x0000000000004e5c                rgb_matrix_init
 .text.rgb_matrix_toggle
                0x0000000000004f0c       0x1c .build/obj_massdrop_ctrl_greyasteroid/quantum/rgb_matrix.o
                0x0000000000004f0c                rgb_matrix_toggle
 .text.rgb_matrix_step
                0x0000000000004f28       0x2c .build/obj_massdrop_ctrl_greyasteroid/quantum/rgb_matrix.o
                0x0000000000004f28                rgb_matrix_step
 .text.rgb_matrix_step_reverse
                0x0000000000004f54       0x2c .build/obj_massdrop_ctrl_greyasteroid/quantum/rgb_matrix.o
                0x0000000000004f54                rgb_matrix_step_reverse
 .text.rgb_matrix_increase_hue
                0x0000000000004f80       0x10 .build/obj_massdrop_ctrl_greyasteroid/quantum/rgb_matrix.o
                0x0000000000004f80                rgb_matrix_increase_hue
 .text.rgb_matrix_decrease_hue
                0x0000000000004f90       0x10 .build/obj_massdrop_ctrl_greyasteroid/quantum/rgb_matrix.o
                0x0000000000004f90                rgb_matrix_decrease_hue
 .text.rgb_matrix_increase_sat
                0x0000000000004fa0       0x18 .build/obj_massdrop_ctrl_greyasteroid/quantum/rgb_matrix.o
                0x0000000000004fa0                rgb_matrix_increase_sat
 .text.rgb_matrix_decrease_sat
                0x0000000000004fb8       0x14 .build/obj_massdrop_ctrl_greyasteroid/quantum/rgb_matrix.o
                0x0000000000004fb8                rgb_matrix_decrease_sat
 .text.rgb_matrix_increase_val
                0x0000000000004fcc       0x18 .build/obj_massdrop_ctrl_greyasteroid/quantum/rgb_matrix.o
                0x0000000000004fcc                rgb_matrix_increase_val
 .text.rgb_matrix_decrease_val
                0x0000000000004fe4       0x14 .build/obj_massdrop_ctrl_greyasteroid/quantum/rgb_matrix.o
                0x0000000000004fe4                rgb_matrix_decrease_val
 .text.rgb_matrix_increase_speed
                0x0000000000004ff8       0x18 .build/obj_massdrop_ctrl_greyasteroid/quantum/rgb_matrix.o
                0x0000000000004ff8                rgb_matrix_increase_speed
 .text.rgb_matrix_decrease_speed
                0x0000000000005010       0x14 .build/obj_massdrop_ctrl_greyasteroid/quantum/rgb_matrix.o
                0x0000000000005010                rgb_matrix_decrease_speed
 .text.rgb_matrix_mode
                0x0000000000005024       0x1c .build/obj_massdrop_ctrl_greyasteroid/quantum/rgb_matrix.o
                0x0000000000005024                rgb_matrix_mode
 .text.handleKeycodeRGB
                0x0000000000005040        0x6 .build/obj_massdrop_ctrl_greyasteroid/quantum/process_keycode/process_rgb.o
 *fill*         0x0000000000005046        0x2 
 .text.process_rgb
                0x0000000000005048       0xb4 .build/obj_massdrop_ctrl_greyasteroid/quantum/process_keycode/process_rgb.o
                0x0000000000005048                process_rgb
 .text.perform_space_cadet
                0x00000000000050fc       0xb4 .build/obj_massdrop_ctrl_greyasteroid/quantum/process_keycode/process_space_cadet.o
                0x00000000000050fc                perform_space_cadet
 .text.process_space_cadet
                0x00000000000051b0       0x8c .build/obj_massdrop_ctrl_greyasteroid/quantum/process_keycode/process_space_cadet.o
                0x00000000000051b0                process_space_cadet
 .text.process_magic
                0x000000000000523c      0x228 .build/obj_massdrop_ctrl_greyasteroid/quantum/process_keycode/process_magic.o
                0x000000000000523c                process_magic
 .text.process_grave_esc
                0x0000000000005464       0x4c .build/obj_massdrop_ctrl_greyasteroid/quantum/process_keycode/process_grave_esc.o
                0x0000000000005464                process_grave_esc
 .text.host_set_driver
                0x00000000000054b0        0xc .build/obj_massdrop_ctrl_greyasteroid/common/host.o
                0x00000000000054b0                host_set_driver
 .text.host_keyboard_leds
                0x00000000000054bc       0x10 .build/obj_massdrop_ctrl_greyasteroid/common/host.o
                0x00000000000054bc                host_keyboard_leds
 .text.host_keyboard_send
                0x00000000000054cc       0x10 .build/obj_massdrop_ctrl_greyasteroid/common/host.o
                0x00000000000054cc                host_keyboard_send
 .text.host_system_send
                0x00000000000054dc       0x18 .build/obj_massdrop_ctrl_greyasteroid/common/host.o
                0x00000000000054dc                host_system_send
 .text.host_consumer_send
                0x00000000000054f4       0x18 .build/obj_massdrop_ctrl_greyasteroid/common/host.o
                0x00000000000054f4                host_consumer_send
 .text.keyboard_pre_init_user
                0x000000000000550c        0x2 .build/obj_massdrop_ctrl_greyasteroid/common/keyboard.o
                0x000000000000550c                keyboard_pre_init_user
 .text.matrix_setup
                0x000000000000550e        0x2 .build/obj_massdrop_ctrl_greyasteroid/common/keyboard.o
                0x000000000000550e                matrix_setup
 .text.keyboard_pre_init_kb
                0x0000000000005510        0x8 .build/obj_massdrop_ctrl_greyasteroid/common/keyboard.o
                0x0000000000005510                keyboard_pre_init_kb
 .text.keyboard_post_init_user
                0x0000000000005518        0x2 .build/obj_massdrop_ctrl_greyasteroid/common/keyboard.o
                0x0000000000005518                keyboard_post_init_user
 .text.keyboard_post_init_kb
                0x000000000000551a        0x8 .build/obj_massdrop_ctrl_greyasteroid/common/keyboard.o
                0x000000000000551a                keyboard_post_init_kb
 .text.keyboard_setup
                0x0000000000005522        0xc .build/obj_massdrop_ctrl_greyasteroid/common/keyboard.o
                0x0000000000005522                keyboard_setup
 .text.is_keyboard_master
                0x000000000000552e        0x4 .build/obj_massdrop_ctrl_greyasteroid/common/keyboard.o
                0x000000000000552e                is_keyboard_master
 .text.should_process_keypress
                0x0000000000005532        0x8 .build/obj_massdrop_ctrl_greyasteroid/common/keyboard.o
                0x0000000000005532                should_process_keypress
 .text.keyboard_init
                0x000000000000553a       0x14 .build/obj_massdrop_ctrl_greyasteroid/common/keyboard.o
                0x000000000000553a                keyboard_init
 *fill*         0x000000000000554e        0x2 
 .text.keyboard_task
                0x0000000000005550       0xdc .build/obj_massdrop_ctrl_greyasteroid/common/keyboard.o
                0x0000000000005550                keyboard_task
 .text.action_exec
                0x000000000000562c       0x24 .build/obj_massdrop_ctrl_greyasteroid/common/action.o
                0x000000000000562c                action_exec
 .text.process_record_tap_hint
                0x0000000000005650        0x6 .build/obj_massdrop_ctrl_greyasteroid/common/action.o
                0x0000000000005650                process_record_tap_hint
 *fill*         0x0000000000005656        0x2 
 .text.register_code
                0x0000000000005658       0x88 .build/obj_massdrop_ctrl_greyasteroid/common/action.o
                0x0000000000005658                register_code
 .text.unregister_code
                0x00000000000056e0       0x5c .build/obj_massdrop_ctrl_greyasteroid/common/action.o
                0x00000000000056e0                unregister_code
 .text.tap_code
                0x000000000000573c       0x20 .build/obj_massdrop_ctrl_greyasteroid/common/action.o
                0x000000000000573c                tap_code
 .text.register_mods
                0x000000000000575c       0x12 .build/obj_massdrop_ctrl_greyasteroid/common/action.o
                0x000000000000575c                register_mods
 .text.unregister_mods
                0x000000000000576e       0x12 .build/obj_massdrop_ctrl_greyasteroid/common/action.o
                0x000000000000576e                unregister_mods
 .text.process_action
                0x0000000000005780      0x3ac .build/obj_massdrop_ctrl_greyasteroid/common/action.o
                0x0000000000005780                process_action
 .text.process_record_handler
                0x0000000000005b2c       0x22 .build/obj_massdrop_ctrl_greyasteroid/common/action.o
                0x0000000000005b2c                process_record_handler
 .text.process_record
                0x0000000000005b4e       0x46 .build/obj_massdrop_ctrl_greyasteroid/common/action.o
                0x0000000000005b4e                process_record
 .text.clear_keyboard_but_mods_and_keys
                0x0000000000005b94       0x1e .build/obj_massdrop_ctrl_greyasteroid/common/action.o
                0x0000000000005b94                clear_keyboard_but_mods_and_keys
 .text.clear_keyboard_but_mods
                0x0000000000005bb2        0xe .build/obj_massdrop_ctrl_greyasteroid/common/action.o
                0x0000000000005bb2                clear_keyboard_but_mods
 .text.clear_keyboard
                0x0000000000005bc0        0xe .build/obj_massdrop_ctrl_greyasteroid/common/action.o
                0x0000000000005bc0                clear_keyboard
 .text.is_tap_action
                0x0000000000005bce       0x5e .build/obj_massdrop_ctrl_greyasteroid/common/action.o
                0x0000000000005bce                is_tap_action
 .text.is_tap_key
                0x0000000000005c2c       0x16 .build/obj_massdrop_ctrl_greyasteroid/common/action.o
                0x0000000000005c2c                is_tap_key
 .text.debug_event
                0x0000000000005c42        0xc .build/obj_massdrop_ctrl_greyasteroid/common/action.o
                0x0000000000005c42                debug_event
 .text.debug_record
                0x0000000000005c4e        0xc .build/obj_massdrop_ctrl_greyasteroid/common/action.o
                0x0000000000005c4e                debug_record
 *fill*         0x0000000000005c5a        0x2 
 .text.debug_waiting_buffer
                0x0000000000005c5c       0x2c .build/obj_massdrop_ctrl_greyasteroid/common/action_tapping.o
 .text.debug_tapping_key
                0x0000000000005c88       0x10 .build/obj_massdrop_ctrl_greyasteroid/common/action_tapping.o
 .text.waiting_buffer_scan_tap
                0x0000000000005c98       0x98 .build/obj_massdrop_ctrl_greyasteroid/common/action_tapping.o
 .text.process_tapping
                0x0000000000005d30      0x3ec .build/obj_massdrop_ctrl_greyasteroid/common/action_tapping.o
 .text.action_tapping_process
                0x000000000000611c       0xd8 .build/obj_massdrop_ctrl_greyasteroid/common/action_tapping.o
                0x000000000000611c                action_tapping_process
 .text.action_macro_play
                0x00000000000061f4       0xb4 .build/obj_massdrop_ctrl_greyasteroid/common/action_macro.o
                0x00000000000061f4                action_macro_play
 .text.default_layer_state_set_user
                0x00000000000062a8        0x2 .build/obj_massdrop_ctrl_greyasteroid/common/action_layer.o
                0x00000000000062a8                default_layer_state_set_user
 .text.default_layer_state_set_kb
                0x00000000000062aa        0x8 .build/obj_massdrop_ctrl_greyasteroid/common/action_layer.o
                0x00000000000062aa                default_layer_state_set_kb
 *fill*         0x00000000000062b2        0x2 
 .text.default_layer_state_set
                0x00000000000062b4       0x18 .build/obj_massdrop_ctrl_greyasteroid/common/action_layer.o
 .text.default_layer_debug
                0x00000000000062cc        0x2 .build/obj_massdrop_ctrl_greyasteroid/common/action_layer.o
                0x00000000000062cc                default_layer_debug
 .text.default_layer_set
                0x00000000000062ce        0x4 .build/obj_massdrop_ctrl_greyasteroid/common/action_layer.o
                0x00000000000062ce                default_layer_set
 *fill*         0x00000000000062d2        0x2 
 .text.default_layer_or
                0x00000000000062d4       0x10 .build/obj_massdrop_ctrl_greyasteroid/common/action_layer.o
                0x00000000000062d4                default_layer_or
 .text.default_layer_and
                0x00000000000062e4       0x10 .build/obj_massdrop_ctrl_greyasteroid/common/action_layer.o
                0x00000000000062e4                default_layer_and
 .text.default_layer_xor
                0x00000000000062f4       0x10 .build/obj_massdrop_ctrl_greyasteroid/common/action_layer.o
                0x00000000000062f4                default_layer_xor
 .text.layer_state_set_user
                0x0000000000006304        0x4 .build/obj_massdrop_ctrl_greyasteroid/common/action_layer.o
                0x0000000000006304                layer_state_set_user
 .text.layer_state_set_kb
                0x0000000000006308        0x8 .build/obj_massdrop_ctrl_greyasteroid/common/action_layer.o
                0x0000000000006308                layer_state_set_kb
 .text.layer_state_set
                0x0000000000006310       0x18 .build/obj_massdrop_ctrl_greyasteroid/common/action_layer.o
                0x0000000000006310                layer_state_set
 .text.layer_clear
                0x0000000000006328        0x6 .build/obj_massdrop_ctrl_greyasteroid/common/action_layer.o
                0x0000000000006328                layer_clear
 .text.layer_move
                0x000000000000632e        0xa .build/obj_massdrop_ctrl_greyasteroid/common/action_layer.o
                0x000000000000632e                layer_move
 .text.layer_on
                0x0000000000006338       0x14 .build/obj_massdrop_ctrl_greyasteroid/common/action_layer.o
                0x0000000000006338                layer_on
 .text.layer_off
                0x000000000000634c       0x18 .build/obj_massdrop_ctrl_greyasteroid/common/action_layer.o
                0x000000000000634c                layer_off
 .text.layer_invert
                0x0000000000006364       0x14 .build/obj_massdrop_ctrl_greyasteroid/common/action_layer.o
                0x0000000000006364                layer_invert
 .text.layer_or
                0x0000000000006378       0x10 .build/obj_massdrop_ctrl_greyasteroid/common/action_layer.o
                0x0000000000006378                layer_or
 .text.layer_and
                0x0000000000006388       0x10 .build/obj_massdrop_ctrl_greyasteroid/common/action_layer.o
                0x0000000000006388                layer_and
 .text.layer_xor
                0x0000000000006398       0x10 .build/obj_massdrop_ctrl_greyasteroid/common/action_layer.o
                0x0000000000006398                layer_xor
 .text.layer_debug
                0x00000000000063a8        0x2 .build/obj_massdrop_ctrl_greyasteroid/common/action_layer.o
                0x00000000000063a8                layer_debug
 *fill*         0x00000000000063aa        0x2 
 .text.update_source_layers_cache
                0x00000000000063ac       0x48 .build/obj_massdrop_ctrl_greyasteroid/common/action_layer.o
                0x00000000000063ac                update_source_layers_cache
 .text.read_source_layers_cache
                0x00000000000063f4       0x40 .build/obj_massdrop_ctrl_greyasteroid/common/action_layer.o
                0x00000000000063f4                read_source_layers_cache
 .text.layer_switch_get_layer
                0x0000000000006434       0x3c .build/obj_massdrop_ctrl_greyasteroid/common/action_layer.o
                0x0000000000006434                layer_switch_get_layer
 .text.layer_switch_get_action
                0x0000000000006470       0x18 .build/obj_massdrop_ctrl_greyasteroid/common/action_layer.o
                0x0000000000006470                layer_switch_get_action
 .text.store_or_get_action
                0x0000000000006488       0x48 .build/obj_massdrop_ctrl_greyasteroid/common/action_layer.o
                0x0000000000006488                store_or_get_action
 .text.add_key  0x00000000000064d0       0x10 .build/obj_massdrop_ctrl_greyasteroid/common/action_util.o
                0x00000000000064d0                add_key
 .text.del_key  0x00000000000064e0       0x10 .build/obj_massdrop_ctrl_greyasteroid/common/action_util.o
                0x00000000000064e0                del_key
 .text.clear_keys
                0x00000000000064f0        0xc .build/obj_massdrop_ctrl_greyasteroid/common/action_util.o
                0x00000000000064f0                clear_keys
 .text.get_oneshot_layer
                0x00000000000064fc       0x10 .build/obj_massdrop_ctrl_greyasteroid/common/action_util.o
                0x00000000000064fc                get_oneshot_layer
 .text.get_oneshot_layer_state
                0x000000000000650c       0x10 .build/obj_massdrop_ctrl_greyasteroid/common/action_util.o
                0x000000000000650c                get_oneshot_layer_state
 .text.is_oneshot_layer_active
                0x000000000000651c       0x14 .build/obj_massdrop_ctrl_greyasteroid/common/action_util.o
                0x000000000000651c                is_oneshot_layer_active
 .text.get_mods
                0x0000000000006530        0xc .build/obj_massdrop_ctrl_greyasteroid/common/action_util.o
                0x0000000000006530                get_mods
 .text.add_mods
                0x000000000000653c       0x10 .build/obj_massdrop_ctrl_greyasteroid/common/action_util.o
                0x000000000000653c                add_mods
 .text.del_mods
                0x000000000000654c       0x10 .build/obj_massdrop_ctrl_greyasteroid/common/action_util.o
                0x000000000000654c                del_mods
 .text.clear_mods
                0x000000000000655c        0xc .build/obj_massdrop_ctrl_greyasteroid/common/action_util.o
                0x000000000000655c                clear_mods
 .text.add_weak_mods
                0x0000000000006568       0x10 .build/obj_massdrop_ctrl_greyasteroid/common/action_util.o
                0x0000000000006568                add_weak_mods
 .text.del_weak_mods
                0x0000000000006578       0x10 .build/obj_massdrop_ctrl_greyasteroid/common/action_util.o
                0x0000000000006578                del_weak_mods
 .text.clear_weak_mods
                0x0000000000006588        0xc .build/obj_massdrop_ctrl_greyasteroid/common/action_util.o
                0x0000000000006588                clear_weak_mods
 .text.add_macro_mods
                0x0000000000006594       0x10 .build/obj_massdrop_ctrl_greyasteroid/common/action_util.o
                0x0000000000006594                add_macro_mods
 .text.del_macro_mods
                0x00000000000065a4       0x10 .build/obj_massdrop_ctrl_greyasteroid/common/action_util.o
                0x00000000000065a4                del_macro_mods
 .text.clear_macro_mods
                0x00000000000065b4        0xc .build/obj_massdrop_ctrl_greyasteroid/common/action_util.o
                0x00000000000065b4                clear_macro_mods
 .text.get_oneshot_mods
                0x00000000000065c0        0xc .build/obj_massdrop_ctrl_greyasteroid/common/action_util.o
                0x00000000000065c0                get_oneshot_mods
 .text.oneshot_mods_changed_user
                0x00000000000065cc        0x2 .build/obj_massdrop_ctrl_greyasteroid/common/action_util.o
                0x00000000000065cc                oneshot_mods_changed_user
 .text.oneshot_mods_changed_kb
                0x00000000000065ce        0x8 .build/obj_massdrop_ctrl_greyasteroid/common/action_util.o
                0x00000000000065ce                oneshot_mods_changed_kb
 *fill*         0x00000000000065d6        0x2 
 .text.set_oneshot_mods
                0x00000000000065d8       0x18 .build/obj_massdrop_ctrl_greyasteroid/common/action_util.o
                0x00000000000065d8                set_oneshot_mods
 .text.clear_oneshot_mods
                0x00000000000065f0       0x18 .build/obj_massdrop_ctrl_greyasteroid/common/action_util.o
                0x00000000000065f0                clear_oneshot_mods
 .text.send_keyboard_report
                0x0000000000006608       0x4c .build/obj_massdrop_ctrl_greyasteroid/common/action_util.o
                0x0000000000006608                send_keyboard_report
 .text.oneshot_layer_changed_user
                0x0000000000006654        0x2 .build/obj_massdrop_ctrl_greyasteroid/common/action_util.o
                0x0000000000006654                oneshot_layer_changed_user
 .text.oneshot_layer_changed_kb
                0x0000000000006656        0x8 .build/obj_massdrop_ctrl_greyasteroid/common/action_util.o
                0x0000000000006656                oneshot_layer_changed_kb
 *fill*         0x000000000000665e        0x2 
 .text.set_oneshot_layer
                0x0000000000006660       0x20 .build/obj_massdrop_ctrl_greyasteroid/common/action_util.o
                0x0000000000006660                set_oneshot_layer
 .text.reset_oneshot_layer
                0x0000000000006680       0x14 .build/obj_massdrop_ctrl_greyasteroid/common/action_util.o
                0x0000000000006680                reset_oneshot_layer
 .text.clear_oneshot_layer_state
                0x0000000000006694       0x30 .build/obj_massdrop_ctrl_greyasteroid/common/action_util.o
                0x0000000000006694                clear_oneshot_layer_state
 .text.eeconfig_is_enabled
                0x00000000000066c4       0x14 .build/obj_massdrop_ctrl_greyasteroid/common/eeconfig.o
                0x00000000000066c4                eeconfig_is_enabled
 .text.eeconfig_read_debug
                0x00000000000066d8        0x6 .build/obj_massdrop_ctrl_greyasteroid/common/eeconfig.o
                0x00000000000066d8                eeconfig_read_debug
 .text.eeconfig_read_default_layer
                0x00000000000066de        0x6 .build/obj_massdrop_ctrl_greyasteroid/common/eeconfig.o
                0x00000000000066de                eeconfig_read_default_layer
 .text.eeconfig_read_keymap
                0x00000000000066e4       0x18 .build/obj_massdrop_ctrl_greyasteroid/common/eeconfig.o
                0x00000000000066e4                eeconfig_read_keymap
 .text.eeconfig_update_keymap
                0x00000000000066fc       0x18 .build/obj_massdrop_ctrl_greyasteroid/common/eeconfig.o
                0x00000000000066fc                eeconfig_update_keymap
 .text.eeconfig_update_kb
                0x0000000000006714        0x8 .build/obj_massdrop_ctrl_greyasteroid/common/eeconfig.o
                0x0000000000006714                eeconfig_update_kb
 .text.eeconfig_update_user
                0x000000000000671c        0x8 .build/obj_massdrop_ctrl_greyasteroid/common/eeconfig.o
                0x000000000000671c                eeconfig_update_user
 .text.eeconfig_init_user
                0x0000000000006724        0x6 .build/obj_massdrop_ctrl_greyasteroid/common/eeconfig.o
                0x0000000000006724                eeconfig_init_user
 .text.eeconfig_init_kb
                0x000000000000672a        0xe .build/obj_massdrop_ctrl_greyasteroid/common/eeconfig.o
                0x000000000000672a                eeconfig_init_kb
 .text.eeconfig_init_quantum
                0x0000000000006738       0x84 .build/obj_massdrop_ctrl_greyasteroid/common/eeconfig.o
                0x0000000000006738                eeconfig_init_quantum
 .text.eeconfig_init
                0x00000000000067bc        0x4 .build/obj_massdrop_ctrl_greyasteroid/common/eeconfig.o
                0x00000000000067bc                eeconfig_init
 .text.eeconfig_update_handedness
                0x00000000000067c0        0x8 .build/obj_massdrop_ctrl_greyasteroid/common/eeconfig.o
                0x00000000000067c0                eeconfig_update_handedness
 .text.has_anykey
                0x00000000000067c8       0x3c .build/obj_massdrop_ctrl_greyasteroid/common/report.o
                0x00000000000067c8                has_anykey
 .text.is_key_pressed
                0x0000000000006804       0x50 .build/obj_massdrop_ctrl_greyasteroid/common/report.o
                0x0000000000006804                is_key_pressed
 .text.add_key_byte
                0x0000000000006854       0x32 .build/obj_massdrop_ctrl_greyasteroid/common/report.o
                0x0000000000006854                add_key_byte
 .text.del_key_byte
                0x0000000000006886       0x1a .build/obj_massdrop_ctrl_greyasteroid/common/report.o
                0x0000000000006886                del_key_byte
 .text.add_key_bit
                0x00000000000068a0       0x18 .build/obj_massdrop_ctrl_greyasteroid/common/report.o
                0x00000000000068a0                add_key_bit
 .text.del_key_bit
                0x00000000000068b8       0x1a .build/obj_massdrop_ctrl_greyasteroid/common/report.o
                0x00000000000068b8                del_key_bit
 *fill*         0x00000000000068d2        0x2 
 .text.add_key_to_report
                0x00000000000068d4       0x34 .build/obj_massdrop_ctrl_greyasteroid/common/report.o
                0x00000000000068d4                add_key_to_report
 .text.del_key_from_report
                0x0000000000006908       0x34 .build/obj_massdrop_ctrl_greyasteroid/common/report.o
                0x0000000000006908                del_key_from_report
 .text.clear_keys_from_report
                0x000000000000693c       0x2c .build/obj_massdrop_ctrl_greyasteroid/common/report.o
                0x000000000000693c                clear_keys_from_report
 .text.matrix_power_up
                0x0000000000006968        0x2 .build/obj_massdrop_ctrl_greyasteroid/common/arm_atsam/suspend.o
                0x0000000000006968                matrix_power_up
 .text.suspend_power_down_user
                0x000000000000696a        0x2 .build/obj_massdrop_ctrl_greyasteroid/common/arm_atsam/suspend.o
                0x000000000000696a                suspend_power_down_user
 .text.suspend_power_down_kb
                0x000000000000696c        0x8 .build/obj_massdrop_ctrl_greyasteroid/common/arm_atsam/suspend.o
                0x000000000000696c                suspend_power_down_kb
 .text.suspend_power_down
                0x0000000000006974        0xe .build/obj_massdrop_ctrl_greyasteroid/common/arm_atsam/suspend.o
                0x0000000000006974                suspend_power_down
 .text.matrix_power_down
                0x0000000000006982        0x2 .build/obj_massdrop_ctrl_greyasteroid/common/arm_atsam/suspend.o
                0x0000000000006982                matrix_power_down
 .text.suspend_wakeup_condition
                0x0000000000006984       0x24 .build/obj_massdrop_ctrl_greyasteroid/common/arm_atsam/suspend.o
                0x0000000000006984                suspend_wakeup_condition
 .text.suspend_wakeup_init_user
                0x00000000000069a8        0x2 .build/obj_massdrop_ctrl_greyasteroid/common/arm_atsam/suspend.o
                0x00000000000069a8                suspend_wakeup_init_user
 .text.suspend_wakeup_init_kb
                0x00000000000069aa        0x8 .build/obj_massdrop_ctrl_greyasteroid/common/arm_atsam/suspend.o
                0x00000000000069aa                suspend_wakeup_init_kb
 .text.suspend_wakeup_init
                0x00000000000069b2        0xe .build/obj_massdrop_ctrl_greyasteroid/common/arm_atsam/suspend.o
                0x00000000000069b2                suspend_wakeup_init
 .text.timer_read
                0x00000000000069c0       0x10 .build/obj_massdrop_ctrl_greyasteroid/common/arm_atsam/timer.o
                0x00000000000069c0                timer_read
 .text.timer_read32
                0x00000000000069d0        0xc .build/obj_massdrop_ctrl_greyasteroid/common/arm_atsam/timer.o
                0x00000000000069d0                timer_read32
 .text.timer_read64
                0x00000000000069dc        0xc .build/obj_massdrop_ctrl_greyasteroid/common/arm_atsam/timer.o
                0x00000000000069dc                timer_read64
 .text.timer_elapsed
                0x00000000000069e8       0x10 .build/obj_massdrop_ctrl_greyasteroid/common/arm_atsam/timer.o
                0x00000000000069e8                timer_elapsed
 .text.timer_elapsed32
                0x00000000000069f8       0x10 .build/obj_massdrop_ctrl_greyasteroid/common/arm_atsam/timer.o
                0x00000000000069f8                timer_elapsed32
 .text.timer_clear
                0x0000000000006a08       0x10 .build/obj_massdrop_ctrl_greyasteroid/common/arm_atsam/timer.o
                0x0000000000006a08                timer_clear
 .text.timer_init
                0x0000000000006a18        0x4 .build/obj_massdrop_ctrl_greyasteroid/common/arm_atsam/timer.o
                0x0000000000006a18                timer_init
 .text.bootloader_jump
                0x0000000000006a1c       0xc0 .build/obj_massdrop_ctrl_greyasteroid/common/arm_atsam/bootloader.o
                0x0000000000006a1c                bootloader_jump
 .text.magic    0x0000000000006adc       0x30 .build/obj_massdrop_ctrl_greyasteroid/common/magic.o
                0x0000000000006adc                magic
 .text.ADC0_clock_init
                0x0000000000006b0c       0x40 .build/obj_massdrop_ctrl_greyasteroid/protocol/arm_atsam/adc.o
                0x0000000000006b0c                ADC0_clock_init
 .text.ADC0_init
                0x0000000000006b4c      0x15c .build/obj_massdrop_ctrl_greyasteroid/protocol/arm_atsam/adc.o
                0x0000000000006b4c                ADC0_init
 .text.adc_get  0x0000000000006ca8       0x34 .build/obj_massdrop_ctrl_greyasteroid/protocol/arm_atsam/adc.o
                0x0000000000006ca8                adc_get
 .text.CLK_oscctrl_init
                0x0000000000006cdc      0x16c .build/obj_massdrop_ctrl_greyasteroid/protocol/arm_atsam/clks.o
                0x0000000000006cdc                CLK_oscctrl_init
 .text.CLK_set_gclk_freq
                0x0000000000006e48       0xc0 .build/obj_massdrop_ctrl_greyasteroid/protocol/arm_atsam/clks.o
                0x0000000000006e48                CLK_set_gclk_freq
 .text.CLK_init_osc
                0x0000000000006f08       0x90 .build/obj_massdrop_ctrl_greyasteroid/protocol/arm_atsam/clks.o
                0x0000000000006f08                CLK_init_osc
 .text.CLK_reset_time
                0x0000000000006f98       0x88 .build/obj_massdrop_ctrl_greyasteroid/protocol/arm_atsam/clks.o
                0x0000000000006f98                CLK_reset_time
 .text.TC4_Handler
                0x0000000000007020       0x28 .build/obj_massdrop_ctrl_greyasteroid/protocol/arm_atsam/clks.o
                0x0000000000007020                TC4_Handler
 .text.CLK_enable_timebase
                0x0000000000007048      0x1f4 .build/obj_massdrop_ctrl_greyasteroid/protocol/arm_atsam/clks.o
                0x0000000000007048                CLK_enable_timebase
 *fill*         0x000000000000723c        0x4 
 .text.CLK_delay_us
                0x0000000000007240       0x1c .build/obj_massdrop_ctrl_greyasteroid/protocol/arm_atsam/clks.o
                0x0000000000007240                CLK_delay_us
 .text.CLK_delay_ms
                0x000000000000725c       0x1e .build/obj_massdrop_ctrl_greyasteroid/protocol/arm_atsam/clks.o
                0x000000000000725c                CLK_delay_ms
 *fill*         0x000000000000727a        0x2 
 .text.clk_enable_sercom_apbmask
                0x000000000000727c       0x3c .build/obj_massdrop_ctrl_greyasteroid/protocol/arm_atsam/clks.o
                0x000000000000727c                clk_enable_sercom_apbmask
 .text.CLK_set_spi_freq
                0x00000000000072b8       0x8c .build/obj_massdrop_ctrl_greyasteroid/protocol/arm_atsam/clks.o
                0x00000000000072b8                CLK_set_spi_freq
 .text.CLK_set_i2c0_freq
                0x0000000000007344       0x94 .build/obj_massdrop_ctrl_greyasteroid/protocol/arm_atsam/clks.o
                0x0000000000007344                CLK_set_i2c0_freq
 .text.CLK_set_i2c1_freq
                0x00000000000073d8       0x94 .build/obj_massdrop_ctrl_greyasteroid/protocol/arm_atsam/clks.o
                0x00000000000073d8                CLK_set_i2c1_freq
 .text.CLK_init
                0x000000000000746c       0x28 .build/obj_massdrop_ctrl_greyasteroid/protocol/arm_atsam/clks.o
                0x000000000000746c                CLK_init
 .text.dled_print
                0x0000000000007494      0x184 .build/obj_massdrop_ctrl_greyasteroid/protocol/arm_atsam/d51_util.o
                0x0000000000007494                dled_print
 .text.EIC_7_Handler
                0x0000000000007618       0x14 .build/obj_massdrop_ctrl_greyasteroid/protocol/arm_atsam/d51_util.o
                0x0000000000007618                EIC_7_Handler
 .text.debug_code_init
                0x000000000000762c       0x9c .build/obj_massdrop_ctrl_greyasteroid/protocol/arm_atsam/d51_util.o
                0x000000000000762c                debug_code_init
 .text.debug_code_disable
                0x00000000000076c8       0x80 .build/obj_massdrop_ctrl_greyasteroid/protocol/arm_atsam/d51_util.o
                0x00000000000076c8                debug_code_disable
 .text.i2c0_init
                0x0000000000007748       0xb8 .build/obj_massdrop_ctrl_greyasteroid/protocol/arm_atsam/i2c_master.o
                0x0000000000007748                i2c0_init
 .text.i2c0_start
                0x0000000000007800       0x28 .build/obj_massdrop_ctrl_greyasteroid/protocol/arm_atsam/i2c_master.o
                0x0000000000007800                i2c0_start
 .text.i2c0_stop
                0x0000000000007828       0x48 .build/obj_massdrop_ctrl_greyasteroid/protocol/arm_atsam/i2c_master.o
                0x0000000000007828                i2c0_stop
 .text.i2c0_transmit
                0x0000000000007870       0x3c .build/obj_massdrop_ctrl_greyasteroid/protocol/arm_atsam/i2c_master.o
                0x0000000000007870                i2c0_transmit
 .text.i2c1_init
                0x00000000000078ac       0xd4 .build/obj_massdrop_ctrl_greyasteroid/protocol/arm_atsam/i2c_master.o
                0x00000000000078ac                i2c1_init
 .text.i2c1_start
                0x0000000000007980       0x28 .build/obj_massdrop_ctrl_greyasteroid/protocol/arm_atsam/i2c_master.o
                0x0000000000007980                i2c1_start
 .text.i2c1_stop
                0x00000000000079a8       0x48 .build/obj_massdrop_ctrl_greyasteroid/protocol/arm_atsam/i2c_master.o
                0x00000000000079a8                i2c1_stop
 .text.i2c1_transmit
                0x00000000000079f0       0x3c .build/obj_massdrop_ctrl_greyasteroid/protocol/arm_atsam/i2c_master.o
                0x00000000000079f0                i2c1_transmit
 .text.i2c_led_send_CRWL
                0x0000000000007a2c       0x2c .build/obj_massdrop_ctrl_greyasteroid/protocol/arm_atsam/i2c_master.o
                0x0000000000007a2c                i2c_led_send_CRWL
 .text.i2c_led_select_page
                0x0000000000007a58       0x28 .build/obj_massdrop_ctrl_greyasteroid/protocol/arm_atsam/i2c_master.o
                0x0000000000007a58                i2c_led_select_page
 .text.i2c_led_send_mode_op_gcr
                0x0000000000007a80       0x34 .build/obj_massdrop_ctrl_greyasteroid/protocol/arm_atsam/i2c_master.o
                0x0000000000007a80                i2c_led_send_mode_op_gcr
 .text.i2c_led_send_pur_pdr
                0x0000000000007ab4       0x2c .build/obj_massdrop_ctrl_greyasteroid/protocol/arm_atsam/i2c_master.o
                0x0000000000007ab4                i2c_led_send_pur_pdr
 .text.I2C3733_Init_Drivers
                0x0000000000007ae0       0x90 .build/obj_massdrop_ctrl_greyasteroid/protocol/arm_atsam/i2c_master.o
                0x0000000000007ae0                I2C3733_Init_Drivers
 .text.I2C_DMAC_LED_Init
                0x0000000000007b70       0xd0 .build/obj_massdrop_ctrl_greyasteroid/protocol/arm_atsam/i2c_master.o
                0x0000000000007b70                I2C_DMAC_LED_Init
 .text.I2C3733_Control_Set
                0x0000000000007c40       0x2c .build/obj_massdrop_ctrl_greyasteroid/protocol/arm_atsam/i2c_master.o
                0x0000000000007c40                I2C3733_Control_Set
 .text.I2C3733_Init_Control
                0x0000000000007c6c       0x3c .build/obj_massdrop_ctrl_greyasteroid/protocol/arm_atsam/i2c_master.o
                0x0000000000007c6c                I2C3733_Init_Control
 .text.i2c_led_desc_defaults
                0x0000000000007ca8       0x48 .build/obj_massdrop_ctrl_greyasteroid/protocol/arm_atsam/i2c_master.o
                0x0000000000007ca8                i2c_led_desc_defaults
 .text.i2c_led_prepare_send_dma
                0x0000000000007cf0       0x24 .build/obj_massdrop_ctrl_greyasteroid/protocol/arm_atsam/i2c_master.o
                0x0000000000007cf0                i2c_led_prepare_send_dma
 .text.i2c_led_begin_dma
                0x0000000000007d14       0x38 .build/obj_massdrop_ctrl_greyasteroid/protocol/arm_atsam/i2c_master.o
                0x0000000000007d14                i2c_led_begin_dma
 .text.i2c_led_send_CRWL_dma
                0x0000000000007d4c       0x24 .build/obj_massdrop_ctrl_greyasteroid/protocol/arm_atsam/i2c_master.o
                0x0000000000007d4c                i2c_led_send_CRWL_dma
 .text.i2c_led_select_page_dma
                0x0000000000007d70       0x20 .build/obj_massdrop_ctrl_greyasteroid/protocol/arm_atsam/i2c_master.o
                0x0000000000007d70                i2c_led_select_page_dma
 .text.i2c_led_send_GCR_dma
                0x0000000000007d90       0x28 .build/obj_massdrop_ctrl_greyasteroid/protocol/arm_atsam/i2c_master.o
                0x0000000000007d90                i2c_led_send_GCR_dma
 .text.i2c_led_send_pwm_dma
                0x0000000000007db8       0x38 .build/obj_massdrop_ctrl_greyasteroid/protocol/arm_atsam/i2c_master.o
                0x0000000000007db8                i2c_led_send_pwm_dma
 .text.i2c_led_send_onoff_dma
                0x0000000000007df0       0x44 .build/obj_massdrop_ctrl_greyasteroid/protocol/arm_atsam/i2c_master.o
                0x0000000000007df0                i2c_led_send_onoff_dma
 .text.i2c_led_q_init
                0x0000000000007e34       0x2c .build/obj_massdrop_ctrl_greyasteroid/protocol/arm_atsam/i2c_master.o
                0x0000000000007e34                i2c_led_q_init
 .text.i2c_led_q_isempty
                0x0000000000007e60       0x18 .build/obj_massdrop_ctrl_greyasteroid/protocol/arm_atsam/i2c_master.o
                0x0000000000007e60                i2c_led_q_isempty
 .text.i2c_led_q_size
                0x0000000000007e78       0x20 .build/obj_massdrop_ctrl_greyasteroid/protocol/arm_atsam/i2c_master.o
                0x0000000000007e78                i2c_led_q_size
 .text.i2c_led_q_available
                0x0000000000007e98        0xe .build/obj_massdrop_ctrl_greyasteroid/protocol/arm_atsam/i2c_master.o
                0x0000000000007e98                i2c_led_q_available
 *fill*         0x0000000000007ea6        0x2 
 .text.i2c_led_q_add
                0x0000000000007ea8       0x24 .build/obj_massdrop_ctrl_greyasteroid/protocol/arm_atsam/i2c_master.o
                0x0000000000007ea8                i2c_led_q_add
 .text.i2c_led_q_s_advance
                0x0000000000007ecc       0x1c .build/obj_massdrop_ctrl_greyasteroid/protocol/arm_atsam/i2c_master.o
                0x0000000000007ecc                i2c_led_q_s_advance
 .text.i2c_led_q_request_room
                0x0000000000007ee8       0x48 .build/obj_massdrop_ctrl_greyasteroid/protocol/arm_atsam/i2c_master.o
                0x0000000000007ee8                i2c_led_q_request_room
 .text.i2c_led_q_run
                0x0000000000007f30       0xbc .build/obj_massdrop_ctrl_greyasteroid/protocol/arm_atsam/i2c_master.o
                0x0000000000007f30                i2c_led_q_run
 .text.led_set_one
                0x0000000000007fec       0x1c .build/obj_massdrop_ctrl_greyasteroid/protocol/arm_atsam/led_matrix.o
                0x0000000000007fec                led_set_one
 .text.flush    0x0000000000008008       0xe4 .build/obj_massdrop_ctrl_greyasteroid/protocol/arm_atsam/led_matrix.o
                0x0000000000008008                flush
 .text.led_set_all
                0x00000000000080ec       0x1c .build/obj_massdrop_ctrl_greyasteroid/protocol/arm_atsam/led_matrix.o
                0x00000000000080ec                led_set_all
 .text.SERCOM1_0_Handler
                0x0000000000008108       0x14 .build/obj_massdrop_ctrl_greyasteroid/protocol/arm_atsam/led_matrix.o
                0x0000000000008108                SERCOM1_0_Handler
 .text.DMAC_0_Handler
                0x000000000000811c       0x3c .build/obj_massdrop_ctrl_greyasteroid/protocol/arm_atsam/led_matrix.o
                0x000000000000811c                DMAC_0_Handler
 .text.gcr_compute
                0x0000000000008158       0xe8 .build/obj_massdrop_ctrl_greyasteroid/protocol/arm_atsam/led_matrix.o
                0x0000000000008158                gcr_compute
 .text.issi3733_prepare_arrays
                0x0000000000008240       0xe0 .build/obj_massdrop_ctrl_greyasteroid/protocol/arm_atsam/led_matrix.o
                0x0000000000008240                issi3733_prepare_arrays
 .text.led_matrix_prepare
                0x0000000000008320       0x24 .build/obj_massdrop_ctrl_greyasteroid/protocol/arm_atsam/led_matrix.o
                0x0000000000008320                led_matrix_prepare
 .text.init     0x0000000000008344       0x28 .build/obj_massdrop_ctrl_greyasteroid/protocol/arm_atsam/led_matrix.o
                0x0000000000008344                init
 .text.led_matrix_indicators
                0x000000000000836c       0x60 .build/obj_massdrop_ctrl_greyasteroid/protocol/arm_atsam/led_matrix.o
                0x000000000000836c                led_matrix_indicators
 .text.keyboard_leds
                0x00000000000083cc       0x20 .build/obj_massdrop_ctrl_greyasteroid/protocol/arm_atsam/main_arm_atsam.o
                0x00000000000083cc                keyboard_leds
 .text.send_mouse
                0x00000000000083ec        0x2 .build/obj_massdrop_ctrl_greyasteroid/protocol/arm_atsam/main_arm_atsam.o
                0x00000000000083ec                send_mouse
 *fill*         0x00000000000083ee        0x2 
 .text.send_extra
                0x00000000000083f0       0x30 .build/obj_massdrop_ctrl_greyasteroid/protocol/arm_atsam/main_arm_atsam.o
                0x00000000000083f0                send_extra
 .text.send_system
                0x0000000000008420        0x8 .build/obj_massdrop_ctrl_greyasteroid/protocol/arm_atsam/main_arm_atsam.o
                0x0000000000008420                send_system
 .text.send_consumer
                0x0000000000008428        0x8 .build/obj_massdrop_ctrl_greyasteroid/protocol/arm_atsam/main_arm_atsam.o
                0x0000000000008428                send_consumer
 .text.main_subtask_usb_state
                0x0000000000008430       0x90 .build/obj_massdrop_ctrl_greyasteroid/protocol/arm_atsam/main_arm_atsam.o
                0x0000000000008430                main_subtask_usb_state
 .text.main_subtask_power_check
                0x00000000000084c0       0x8c .build/obj_massdrop_ctrl_greyasteroid/protocol/arm_atsam/main_arm_atsam.o
                0x00000000000084c0                main_subtask_power_check
 .text.main_subtask_usb_extra_device
                0x000000000000854c       0x30 .build/obj_massdrop_ctrl_greyasteroid/protocol/arm_atsam/main_arm_atsam.o
                0x000000000000854c                main_subtask_usb_extra_device
 .text.main_subtasks
                0x000000000000857c       0x12 .build/obj_massdrop_ctrl_greyasteroid/protocol/arm_atsam/main_arm_atsam.o
                0x000000000000857c                main_subtasks
 *fill*         0x000000000000858e        0x2 
 .text.send_keyboard
                0x0000000000008590       0x94 .build/obj_massdrop_ctrl_greyasteroid/protocol/arm_atsam/main_arm_atsam.o
                0x0000000000008590                send_keyboard
 .text.startup.main
                0x0000000000008624      0x11c .build/obj_massdrop_ctrl_greyasteroid/protocol/arm_atsam/main_arm_atsam.o
                0x0000000000008624                main
 .text.SR_EXP_WriteData
                0x0000000000008740       0x64 .build/obj_massdrop_ctrl_greyasteroid/protocol/arm_atsam/spi.o
                0x0000000000008740                SR_EXP_WriteData
 .text.SR_EXP_Init
                0x00000000000087a4       0xd0 .build/obj_massdrop_ctrl_greyasteroid/protocol/arm_atsam/spi.o
                0x00000000000087a4                SR_EXP_Init
 .text.Dummy_Handler
                0x0000000000008874        0x2 .build/obj_massdrop_ctrl_greyasteroid/protocol/arm_atsam/startup.o
                0x0000000000008874                ICM_Handler
                0x0000000000008874                SERCOM0_2_Handler
                0x0000000000008874                DebugMon_Handler
                0x0000000000008874                EIC_13_Handler
                0x0000000000008874                EVSYS_0_Handler
                0x0000000000008874                TCC1_3_Handler
                0x0000000000008874                DAC_3_Handler
                0x0000000000008874                TRNG_Handler
                0x0000000000008874                HardFault_Handler
                0x0000000000008874                TC2_Handler
                0x0000000000008874                PDEC_2_Handler
                0x0000000000008874                EIC_4_Handler
                0x0000000000008874                AC_Handler
                0x0000000000008874                SERCOM3_1_Handler
                0x0000000000008874                SysTick_Handler
                0x0000000000008874                TCC2_3_Handler
                0x0000000000008874                SERCOM3_2_Handler
                0x0000000000008874                PendSV_Handler
                0x0000000000008874                NMI_Handler
                0x0000000000008874                ADC1_1_Handler
                0x0000000000008874                EVSYS_3_Handler
                0x0000000000008874                PDEC_0_Handler
                0x0000000000008874                QSPI_Handler
                0x0000000000008874                TCC0_0_Handler
                0x0000000000008874                EIC_3_Handler
                0x0000000000008874                TAL_0_Handler
                0x0000000000008874                DAC_2_Handler
                0x0000000000008874                SERCOM0_0_Handler
                0x0000000000008874                RTC_Handler
                0x0000000000008874                UsageFault_Handler
                0x0000000000008874                SERCOM4_0_Handler
                0x0000000000008874                EIC_10_Handler
                0x0000000000008874                SERCOM0_3_Handler
                0x0000000000008874                EIC_11_Handler
                0x0000000000008874                EIC_9_Handler
                0x0000000000008874                OSC32KCTRL_Handler
                0x0000000000008874                TCC2_1_Handler
                0x0000000000008874                SUPC_1_Handler
                0x0000000000008874                TCC0_5_Handler
                0x0000000000008874                TCC0_6_Handler
                0x0000000000008874                EVSYS_1_Handler
                0x0000000000008874                TCC1_4_Handler
                0x0000000000008874                WDT_Handler
                0x0000000000008874                EIC_8_Handler
                0x0000000000008874                EIC_15_Handler
                0x0000000000008874                SERCOM5_0_Handler
                0x0000000000008874                TC1_Handler
                0x0000000000008874                OSCCTRL_4_Handler
                0x0000000000008874                SERCOM4_3_Handler
                0x0000000000008874                EIC_12_Handler
                0x0000000000008874                DMAC_4_Handler
                0x0000000000008874                TCC4_2_Handler
                0x0000000000008874                PAC_Handler
                0x0000000000008874                TCC1_0_Handler
                0x0000000000008874                OSCCTRL_0_Handler
                0x0000000000008874                EIC_0_Handler
                0x0000000000008874                OSCCTRL_3_Handler
                0x0000000000008874                SERCOM4_1_Handler
                0x0000000000008874                TC3_Handler
                0x0000000000008874                Dummy_Handler
                0x0000000000008874                TCC3_0_Handler
                0x0000000000008874                TCC2_2_Handler
                0x0000000000008874                SERCOM5_1_Handler
                0x0000000000008874                TCC1_1_Handler
                0x0000000000008874                DMAC_2_Handler
                0x0000000000008874                ADC0_0_Handler
                0x0000000000008874                SERCOM0_1_Handler
                0x0000000000008874                OSCCTRL_2_Handler
                0x0000000000008874                ADC1_0_Handler
                0x0000000000008874                TCC1_2_Handler
                0x0000000000008874                PM_Handler
                0x0000000000008874                SERCOM2_3_Handler
                0x0000000000008874                DAC_4_Handler
                0x0000000000008874                TCC3_2_Handler
                0x0000000000008874                TCC0_2_Handler
                0x0000000000008874                DMAC_1_Handler
                0x0000000000008874                TCC4_0_Handler
                0x0000000000008874                TCC2_0_Handler
                0x0000000000008874                PDEC_1_Handler
                0x0000000000008874                MemManage_Handler
                0x0000000000008874                TCC4_1_Handler
                0x0000000000008874                SERCOM5_3_Handler
                0x0000000000008874                SVC_Handler
                0x0000000000008874                SDHC0_Handler
                0x0000000000008874                SERCOM1_1_Handler
                0x0000000000008874                I2S_Handler
                0x0000000000008874                EIC_2_Handler
                0x0000000000008874                PCC_Handler
                0x0000000000008874                DAC_0_Handler
                0x0000000000008874                TCC0_1_Handler
                0x0000000000008874                SERCOM1_3_Handler
                0x0000000000008874                EIC_6_Handler
                0x0000000000008874                OSCCTRL_1_Handler
                0x0000000000008874                PUKCC_Handler
                0x0000000000008874                SERCOM2_1_Handler
                0x0000000000008874                SERCOM1_2_Handler
                0x0000000000008874                SERCOM3_0_Handler
                0x0000000000008874                EIC_1_Handler
                0x0000000000008874                SERCOM4_2_Handler
                0x0000000000008874                EVSYS_4_Handler
                0x0000000000008874                NVMCTRL_1_Handler
                0x0000000000008874                SERCOM5_2_Handler
                0x0000000000008874                SERCOM3_3_Handler
                0x0000000000008874                ADC0_1_Handler
                0x0000000000008874                SERCOM2_2_Handler
                0x0000000000008874                TCC3_1_Handler
                0x0000000000008874                EIC_14_Handler
                0x0000000000008874                DAC_1_Handler
                0x0000000000008874                NVMCTRL_0_Handler
                0x0000000000008874                TAL_1_Handler
                0x0000000000008874                MCLK_Handler
                0x0000000000008874                EVSYS_2_Handler
                0x0000000000008874                SUPC_0_Handler
                0x0000000000008874                BusFault_Handler
                0x0000000000008874                FREQM_Handler
                0x0000000000008874                TC0_Handler
                0x0000000000008874                TCC0_3_Handler
                0x0000000000008874                DMAC_3_Handler
                0x0000000000008874                TCC0_4_Handler
                0x0000000000008874                RAMECC_Handler
                0x0000000000008874                TC5_Handler
                0x0000000000008874                SERCOM2_0_Handler
                0x0000000000008874                AES_Handler
                0x0000000000008874                EIC_5_Handler
 *fill*         0x0000000000008876        0x2 
 .text.Reset_Handler
                0x0000000000008878       0x9c .build/obj_massdrop_ctrl_greyasteroid/protocol/arm_atsam/startup.o
                0x0000000000008878                Reset_Handler
 .text.main_suspend_action
                0x0000000000008914        0x4 .build/obj_massdrop_ctrl_greyasteroid/protocol/arm_atsam/usb/main_usb.o
                0x0000000000008914                main_suspend_action
 .text.main_resume_action
                0x0000000000008918        0x4 .build/obj_massdrop_ctrl_greyasteroid/protocol/arm_atsam/usb/main_usb.o
                0x0000000000008918                main_resume_action
 .text.main_sof_action
                0x000000000000891c        0xe .build/obj_massdrop_ctrl_greyasteroid/protocol/arm_atsam/usb/main_usb.o
                0x000000000000891c                main_sof_action
 .text.main_remotewakeup_enable
                0x000000000000892a        0x4 .build/obj_massdrop_ctrl_greyasteroid/protocol/arm_atsam/usb/main_usb.o
                0x000000000000892a                main_remotewakeup_enable
 .text.main_remotewakeup_disable
                0x000000000000892e        0x4 .build/obj_massdrop_ctrl_greyasteroid/protocol/arm_atsam/usb/main_usb.o
                0x000000000000892e                main_remotewakeup_disable
 *fill*         0x0000000000008932        0x2 
 .text.main_kbd_enable
                0x0000000000008934        0xc .build/obj_massdrop_ctrl_greyasteroid/protocol/arm_atsam/usb/main_usb.o
                0x0000000000008934                main_kbd_enable
 .text.main_kbd_disable
                0x0000000000008940        0xc .build/obj_massdrop_ctrl_greyasteroid/protocol/arm_atsam/usb/main_usb.o
                0x0000000000008940                main_kbd_disable
 .text.main_nkro_enable
                0x000000000000894c        0xc .build/obj_massdrop_ctrl_greyasteroid/protocol/arm_atsam/usb/main_usb.o
                0x000000000000894c                main_nkro_enable
 .text.main_nkro_disable
                0x0000000000008958        0xc .build/obj_massdrop_ctrl_greyasteroid/protocol/arm_atsam/usb/main_usb.o
                0x0000000000008958                main_nkro_disable
 .text.main_exk_enable
                0x0000000000008964        0xc .build/obj_massdrop_ctrl_greyasteroid/protocol/arm_atsam/usb/main_usb.o
                0x0000000000008964                main_exk_enable
 .text.main_exk_disable
                0x0000000000008970        0xc .build/obj_massdrop_ctrl_greyasteroid/protocol/arm_atsam/usb/main_usb.o
                0x0000000000008970                main_exk_disable
 .text.udc_update_iface_desc
                0x000000000000897c       0x4c .build/obj_massdrop_ctrl_greyasteroid/protocol/arm_atsam/usb/udc.o
 .text.udc_valid_address
                0x00000000000089c8       0x10 .build/obj_massdrop_ctrl_greyasteroid/protocol/arm_atsam/usb/udc.o
 .text.udc_next_desc_in_iface.constprop.0
                0x00000000000089d8       0x28 .build/obj_massdrop_ctrl_greyasteroid/protocol/arm_atsam/usb/udc.o
 .text.udc_iface_enable
                0x0000000000008a00       0x40 .build/obj_massdrop_ctrl_greyasteroid/protocol/arm_atsam/usb/udc.o
 .text.udc_iface_disable
                0x0000000000008a40       0x4c .build/obj_massdrop_ctrl_greyasteroid/protocol/arm_atsam/usb/udc.o
 .text.udc_get_interface_desc
                0x0000000000008a8c        0xc .build/obj_massdrop_ctrl_greyasteroid/protocol/arm_atsam/usb/udc.o
                0x0000000000008a8c                udc_get_interface_desc
 .text.udc_start
                0x0000000000008a98        0x4 .build/obj_massdrop_ctrl_greyasteroid/protocol/arm_atsam/usb/udc.o
                0x0000000000008a98                udc_start
 .text.udc_reset
                0x0000000000008a9c       0x3c .build/obj_massdrop_ctrl_greyasteroid/protocol/arm_atsam/usb/udc.o
                0x0000000000008a9c                udc_reset
 .text.udc_sof_notify
                0x0000000000008ad8       0x30 .build/obj_massdrop_ctrl_greyasteroid/protocol/arm_atsam/usb/udc.o
                0x0000000000008ad8                udc_sof_notify
 .text.udc_process_setup
                0x0000000000008b08      0x404 .build/obj_massdrop_ctrl_greyasteroid/protocol/arm_atsam/usb/udc.o
                0x0000000000008b08                udc_process_setup
 .text.CDC_print
                0x0000000000008f0c        0x4 .build/obj_massdrop_ctrl_greyasteroid/protocol/arm_atsam/usb/udi_cdc.o
                0x0000000000008f0c                CDC_print
 .text.CDC_init
                0x0000000000008f10       0x18 .build/obj_massdrop_ctrl_greyasteroid/protocol/arm_atsam/usb/udi_cdc.o
                0x0000000000008f10                CDC_init
 .text.udi_hid_setup
                0x0000000000008f28       0xa4 .build/obj_massdrop_ctrl_greyasteroid/protocol/arm_atsam/usb/udi_hid.o
                0x0000000000008f28                udi_hid_setup
 .text.udi_hid_kbd_getsetting
                0x0000000000008fcc        0x4 .build/obj_massdrop_ctrl_greyasteroid/protocol/arm_atsam/usb/udi_hid_kbd.o
                0x0000000000008fcc                udi_hid_kbd_getsetting
 .text.udi_hid_kbd_setreport
                0x0000000000008fd0       0x34 .build/obj_massdrop_ctrl_greyasteroid/protocol/arm_atsam/usb/udi_hid_kbd.o
 .text.udi_hid_kbd_setreport_valid
                0x0000000000009004        0x2 .build/obj_massdrop_ctrl_greyasteroid/protocol/arm_atsam/usb/udi_hid_kbd.o
 *fill*         0x0000000000009006        0x2 
 .text.udi_hid_nkro_setreport
                0x0000000000009008       0x34 .build/obj_massdrop_ctrl_greyasteroid/protocol/arm_atsam/usb/udi_hid_kbd.o
 .text.udi_hid_exk_setreport
                0x000000000000903c       0x34 .build/obj_massdrop_ctrl_greyasteroid/protocol/arm_atsam/usb/udi_hid_kbd.o
 .text.udi_hid_kbd_enable
                0x0000000000009070       0x2c .build/obj_massdrop_ctrl_greyasteroid/protocol/arm_atsam/usb/udi_hid_kbd.o
                0x0000000000009070                udi_hid_kbd_enable
 .text.udi_hid_kbd_disable
                0x000000000000909c        0x4 .build/obj_massdrop_ctrl_greyasteroid/protocol/arm_atsam/usb/udi_hid_kbd.o
                0x000000000000909c                udi_hid_kbd_disable
 .text.udi_hid_kbd_setup
                0x00000000000090a0       0x18 .build/obj_massdrop_ctrl_greyasteroid/protocol/arm_atsam/usb/udi_hid_kbd.o
                0x00000000000090a0                udi_hid_kbd_setup
 .text.udi_hid_nkro_setup
                0x00000000000090b8       0x1c .build/obj_massdrop_ctrl_greyasteroid/protocol/arm_atsam/usb/udi_hid_kbd.o
                0x00000000000090b8                udi_hid_nkro_setup
 .text.udi_hid_exk_setup
                0x00000000000090d4       0x1c .build/obj_massdrop_ctrl_greyasteroid/protocol/arm_atsam/usb/udi_hid_kbd.o
                0x00000000000090d4                udi_hid_exk_setup
 .text.udi_hid_nkro_enable
                0x00000000000090f0       0x34 .build/obj_massdrop_ctrl_greyasteroid/protocol/arm_atsam/usb/udi_hid_kbd.o
                0x00000000000090f0                udi_hid_nkro_enable
 .text.udi_hid_nkro_disable
                0x0000000000009124        0x4 .build/obj_massdrop_ctrl_greyasteroid/protocol/arm_atsam/usb/udi_hid_kbd.o
                0x0000000000009124                udi_hid_nkro_disable
 .text.udi_hid_exk_enable
                0x0000000000009128       0x24 .build/obj_massdrop_ctrl_greyasteroid/protocol/arm_atsam/usb/udi_hid_kbd.o
                0x0000000000009128                udi_hid_exk_enable
 .text.udi_hid_exk_disable
                0x000000000000914c        0x4 .build/obj_massdrop_ctrl_greyasteroid/protocol/arm_atsam/usb/udi_hid_kbd.o
                0x000000000000914c                udi_hid_exk_disable
 .text.udi_hid_exk_setreport_valid
                0x0000000000009150        0x2 .build/obj_massdrop_ctrl_greyasteroid/protocol/arm_atsam/usb/udi_hid_kbd.o
 .text.udi_hid_nkro_setreport_valid
                0x0000000000009152        0x2 .build/obj_massdrop_ctrl_greyasteroid/protocol/arm_atsam/usb/udi_hid_kbd.o
 .text.udi_hid_exk_getsetting
                0x0000000000009154        0x4 .build/obj_massdrop_ctrl_greyasteroid/protocol/arm_atsam/usb/udi_hid_kbd.o
                0x0000000000009154                udi_hid_exk_getsetting
 .text.udi_hid_nkro_getsetting
                0x0000000000009158        0x4 .build/obj_massdrop_ctrl_greyasteroid/protocol/arm_atsam/usb/udi_hid_kbd.o
                0x0000000000009158                udi_hid_nkro_getsetting
 .text.udi_hid_kbd_send_report
                0x000000000000915c       0x5c .build/obj_massdrop_ctrl_greyasteroid/protocol/arm_atsam/usb/udi_hid_kbd.o
                0x000000000000915c                udi_hid_kbd_send_report
 .text.udi_hid_kbd_report_sent
                0x00000000000091b8       0x1c .build/obj_massdrop_ctrl_greyasteroid/protocol/arm_atsam/usb/udi_hid_kbd.o
 .text.udi_hid_nkro_send_report
                0x00000000000091d4       0x64 .build/obj_massdrop_ctrl_greyasteroid/protocol/arm_atsam/usb/udi_hid_kbd.o
                0x00000000000091d4                udi_hid_nkro_send_report
 .text.udi_hid_nkro_report_sent
                0x0000000000009238       0x1c .build/obj_massdrop_ctrl_greyasteroid/protocol/arm_atsam/usb/udi_hid_kbd.o
 .text.udi_hid_exk_send_report
                0x0000000000009254       0x54 .build/obj_massdrop_ctrl_greyasteroid/protocol/arm_atsam/usb/udi_hid_kbd.o
                0x0000000000009254                udi_hid_exk_send_report
 .text.udi_hid_exk_report_sent
                0x00000000000092a8       0x1c .build/obj_massdrop_ctrl_greyasteroid/protocol/arm_atsam/usb/udi_hid_kbd.o
 .text.ui_powerdown
                0x00000000000092c4        0x2 .build/obj_massdrop_ctrl_greyasteroid/protocol/arm_atsam/usb/ui.o
                0x00000000000092c4                ui_powerdown
 .text.ui_wakeup_enable
                0x00000000000092c6        0x2 .build/obj_massdrop_ctrl_greyasteroid/protocol/arm_atsam/usb/ui.o
                0x00000000000092c6                ui_wakeup_enable
 .text.ui_wakeup_disable
                0x00000000000092c8        0x2 .build/obj_massdrop_ctrl_greyasteroid/protocol/arm_atsam/usb/ui.o
                0x00000000000092c8                ui_wakeup_disable
 .text.ui_wakeup
                0x00000000000092ca        0x2 .build/obj_massdrop_ctrl_greyasteroid/protocol/arm_atsam/usb/ui.o
                0x00000000000092ca                ui_wakeup
 .text.ui_process
                0x00000000000092cc        0x2 .build/obj_massdrop_ctrl_greyasteroid/protocol/arm_atsam/usb/ui.o
                0x00000000000092cc                ui_process
 *fill*         0x00000000000092ce        0x2 
 .text.USB_write2422_block
                0x00000000000092d0       0x7c .build/obj_massdrop_ctrl_greyasteroid/protocol/arm_atsam/usb/usb2422.o
                0x00000000000092d0                USB_write2422_block
 .text.USB2422_init
                0x000000000000934c      0x228 .build/obj_massdrop_ctrl_greyasteroid/protocol/arm_atsam/usb/usb2422.o
                0x000000000000934c                USB2422_init
 .text.USB_reset
                0x0000000000009574       0x38 .build/obj_massdrop_ctrl_greyasteroid/protocol/arm_atsam/usb/usb2422.o
                0x0000000000009574                USB_reset
 .text.USB_configure
                0x00000000000095ac       0xf8 .build/obj_massdrop_ctrl_greyasteroid/protocol/arm_atsam/usb/usb2422.o
                0x00000000000095ac                USB_configure
 .text.USB_active
                0x00000000000096a4       0x10 .build/obj_massdrop_ctrl_greyasteroid/protocol/arm_atsam/usb/usb2422.o
                0x00000000000096a4                USB_active
 .text.USB_set_host_by_voltage
                0x00000000000096b4       0xe4 .build/obj_massdrop_ctrl_greyasteroid/protocol/arm_atsam/usb/usb2422.o
                0x00000000000096b4                USB_set_host_by_voltage
 .text.USB2422_Port_Detect_Init
                0x0000000000009798       0x98 .build/obj_massdrop_ctrl_greyasteroid/protocol/arm_atsam/usb/usb2422.o
                0x0000000000009798                USB2422_Port_Detect_Init
 .text.USB_ExtraSetState
                0x0000000000009830       0x80 .build/obj_massdrop_ctrl_greyasteroid/protocol/arm_atsam/usb/usb2422.o
                0x0000000000009830                USB_ExtraSetState
 .text.USB_HandleExtraDevice
                0x00000000000098b0       0xb0 .build/obj_massdrop_ctrl_greyasteroid/protocol/arm_atsam/usb/usb2422.o
                0x00000000000098b0                USB_HandleExtraDevice
 .text._usb_device_interrupt_handler
                0x0000000000009960      0x208 .build/obj_massdrop_ctrl_greyasteroid/protocol/arm_atsam/usb/usb.o
 .text.usb_device_register_callback
                0x0000000000009b68       0x20 .build/obj_massdrop_ctrl_greyasteroid/protocol/arm_atsam/usb/usb.o
                0x0000000000009b68                usb_device_register_callback
 .text.usb_device_enable_callback
                0x0000000000009b88       0x20 .build/obj_massdrop_ctrl_greyasteroid/protocol/arm_atsam/usb/usb.o
                0x0000000000009b88                usb_device_enable_callback
 .text.usb_device_disable_callback
                0x0000000000009ba8       0x20 .build/obj_massdrop_ctrl_greyasteroid/protocol/arm_atsam/usb/usb.o
                0x0000000000009ba8                usb_device_disable_callback
 .text.usb_device_endpoint_register_callback
                0x0000000000009bc8       0x28 .build/obj_massdrop_ctrl_greyasteroid/protocol/arm_atsam/usb/usb.o
                0x0000000000009bc8                usb_device_endpoint_register_callback
 .text.usb_device_endpoint_unregister_callback
                0x0000000000009bf0       0x2c .build/obj_massdrop_ctrl_greyasteroid/protocol/arm_atsam/usb/usb.o
                0x0000000000009bf0                usb_device_endpoint_unregister_callback
 .text.usb_device_endpoint_enable_callback
                0x0000000000009c1c       0x88 .build/obj_massdrop_ctrl_greyasteroid/protocol/arm_atsam/usb/usb.o
                0x0000000000009c1c                usb_device_endpoint_enable_callback
 .text.usb_device_endpoint_disable_callback
                0x0000000000009ca4       0x88 .build/obj_massdrop_ctrl_greyasteroid/protocol/arm_atsam/usb/usb.o
                0x0000000000009ca4                usb_device_endpoint_disable_callback
 .text.usb_device_endpoint_get_config_defaults
                0x0000000000009d2c        0xe .build/obj_massdrop_ctrl_greyasteroid/protocol/arm_atsam/usb/usb.o
                0x0000000000009d2c                usb_device_endpoint_get_config_defaults
 *fill*         0x0000000000009d3a        0x2 
 .text.usb_device_endpoint_set_config
                0x0000000000009d3c      0x180 .build/obj_massdrop_ctrl_greyasteroid/protocol/arm_atsam/usb/usb.o
                0x0000000000009d3c                usb_device_endpoint_set_config
 .text.usb_device_endpoint_abort_job
                0x0000000000009ebc       0x2c .build/obj_massdrop_ctrl_greyasteroid/protocol/arm_atsam/usb/usb.o
                0x0000000000009ebc                usb_device_endpoint_abort_job
 .text.usb_device_endpoint_is_halted
                0x0000000000009ee8       0x1e .build/obj_massdrop_ctrl_greyasteroid/protocol/arm_atsam/usb/usb.o
                0x0000000000009ee8                usb_device_endpoint_is_halted
 .text.usb_device_endpoint_set_halt
                0x0000000000009f06       0x1a .build/obj_massdrop_ctrl_greyasteroid/protocol/arm_atsam/usb/usb.o
                0x0000000000009f06                usb_device_endpoint_set_halt
 .text.usb_device_endpoint_clear_halt
                0x0000000000009f20       0x6a .build/obj_massdrop_ctrl_greyasteroid/protocol/arm_atsam/usb/usb.o
                0x0000000000009f20                usb_device_endpoint_clear_halt
 *fill*         0x0000000000009f8a        0x2 
 .text.usb_device_endpoint_write_buffer_job
                0x0000000000009f8c       0x40 .build/obj_massdrop_ctrl_greyasteroid/protocol/arm_atsam/usb/usb.o
                0x0000000000009f8c                usb_device_endpoint_write_buffer_job
 .text.usb_device_endpoint_read_buffer_job
                0x0000000000009fcc       0x3c .build/obj_massdrop_ctrl_greyasteroid/protocol/arm_atsam/usb/usb.o
                0x0000000000009fcc                usb_device_endpoint_read_buffer_job
 .text.usb_device_endpoint_setup_buffer_job
                0x000000000000a008       0x28 .build/obj_massdrop_ctrl_greyasteroid/protocol/arm_atsam/usb/usb.o
                0x000000000000a008                usb_device_endpoint_setup_buffer_job
 .text.usb_enable
                0x000000000000a030       0x14 .build/obj_massdrop_ctrl_greyasteroid/protocol/arm_atsam/usb/usb.o
                0x000000000000a030                usb_enable
 .text.USB_0_Handler
                0x000000000000a044       0x18 .build/obj_massdrop_ctrl_greyasteroid/protocol/arm_atsam/usb/usb.o
                0x000000000000a044                USB_0_Handler
 .text.USB_1_Handler
                0x000000000000a05c        0x4 .build/obj_massdrop_ctrl_greyasteroid/protocol/arm_atsam/usb/usb.o
                0x000000000000a05c                USB_1_Handler
 .text.USB_2_Handler
                0x000000000000a060        0x4 .build/obj_massdrop_ctrl_greyasteroid/protocol/arm_atsam/usb/usb.o
                0x000000000000a060                USB_2_Handler
 .text.USB_3_Handler
                0x000000000000a064        0x4 .build/obj_massdrop_ctrl_greyasteroid/protocol/arm_atsam/usb/usb.o
                0x000000000000a064                USB_3_Handler
 .text.usb_get_config_defaults
                0x000000000000a068        0xe .build/obj_massdrop_ctrl_greyasteroid/protocol/arm_atsam/usb/usb.o
                0x000000000000a068                usb_get_config_defaults
 *fill*         0x000000000000a076        0x2 
 .text.usb_init
                0x000000000000a078      0x1fc .build/obj_massdrop_ctrl_greyasteroid/protocol/arm_atsam/usb/usb.o
                0x000000000000a078                usb_init
 .text.udd_ep_get_job
                0x000000000000a274       0x24 .build/obj_massdrop_ctrl_greyasteroid/protocol/arm_atsam/usb/usb_device_udd.o
 .text.udd_ep_transfer_process
                0x000000000000a298      0x138 .build/obj_massdrop_ctrl_greyasteroid/protocol/arm_atsam/usb/usb_device_udd.o
 .text.udd_ctrl_stall_data
                0x000000000000a3d0       0x28 .build/obj_massdrop_ctrl_greyasteroid/protocol/arm_atsam/usb/usb_device_udd.o
 .text._usb_on_wakeup
                0x000000000000a3f8       0x20 .build/obj_massdrop_ctrl_greyasteroid/protocol/arm_atsam/usb/usb_device_udd.o
 .text._usb_on_bus_reset
                0x000000000000a418       0x8c .build/obj_massdrop_ctrl_greyasteroid/protocol/arm_atsam/usb/usb_device_udd.o
 .text.udd_ctrl_send_zlp_in
                0x000000000000a4a4       0x38 .build/obj_massdrop_ctrl_greyasteroid/protocol/arm_atsam/usb/usb_device_udd.o
 .text._usb_ep0_on_tansfer_fail
                0x000000000000a4dc       0x38 .build/obj_massdrop_ctrl_greyasteroid/protocol/arm_atsam/usb/usb_device_udd.o
 .text.udd_ctrl_in_sent
                0x000000000000a514       0x8c .build/obj_massdrop_ctrl_greyasteroid/protocol/arm_atsam/usb/usb_device_udd.o
 .text._usb_ep0_on_setup
                0x000000000000a5a0       0xbc .build/obj_massdrop_ctrl_greyasteroid/protocol/arm_atsam/usb/usb_device_udd.o
 .text._usb_on_sof_notify
                0x000000000000a65c        0xe .build/obj_massdrop_ctrl_greyasteroid/protocol/arm_atsam/usb/usb_device_udd.o
 *fill*         0x000000000000a66a        0x2 
 .text._usb_on_suspend
                0x000000000000a66c       0x20 .build/obj_massdrop_ctrl_greyasteroid/protocol/arm_atsam/usb/usb_device_udd.o
 .text.udd_ep_abort
                0x000000000000a68c       0x34 .build/obj_massdrop_ctrl_greyasteroid/protocol/arm_atsam/usb/usb_device_udd.o
                0x000000000000a68c                udd_ep_abort
 .text.udd_get_frame_number
                0x000000000000a6c0       0x10 .build/obj_massdrop_ctrl_greyasteroid/protocol/arm_atsam/usb/usb_device_udd.o
                0x000000000000a6c0                udd_get_frame_number
 .text.udd_ep_free
                0x000000000000a6d0       0x44 .build/obj_massdrop_ctrl_greyasteroid/protocol/arm_atsam/usb/usb_device_udd.o
                0x000000000000a6d0                udd_ep_free
 .text.udd_ep_alloc
                0x000000000000a714       0xc0 .build/obj_massdrop_ctrl_greyasteroid/protocol/arm_atsam/usb/usb_device_udd.o
                0x000000000000a714                udd_ep_alloc
 .text.udd_ep_is_halted
                0x000000000000a7d4        0xc .build/obj_massdrop_ctrl_greyasteroid/protocol/arm_atsam/usb/usb_device_udd.o
                0x000000000000a7d4                udd_ep_is_halted
 .text.udd_ep_set_halt
                0x000000000000a7e0       0x28 .build/obj_massdrop_ctrl_greyasteroid/protocol/arm_atsam/usb/usb_device_udd.o
                0x000000000000a7e0                udd_ep_set_halt
 .text._usb_ep0_on_tansfer_ok
                0x000000000000a808       0xcc .build/obj_massdrop_ctrl_greyasteroid/protocol/arm_atsam/usb/usb_device_udd.o
 .text.udd_ep_clear_halt
                0x000000000000a8d4       0x34 .build/obj_massdrop_ctrl_greyasteroid/protocol/arm_atsam/usb/usb_device_udd.o
                0x000000000000a8d4                udd_ep_clear_halt
 .text.udd_ep_run
                0x000000000000a908      0x140 .build/obj_massdrop_ctrl_greyasteroid/protocol/arm_atsam/usb/usb_device_udd.o
                0x000000000000a908                udd_ep_run
 .text.udd_set_address
                0x000000000000aa48       0x10 .build/obj_massdrop_ctrl_greyasteroid/protocol/arm_atsam/usb/usb_device_udd.o
                0x000000000000aa48                udd_set_address
 .text.udd_getaddress
                0x000000000000aa58       0x10 .build/obj_massdrop_ctrl_greyasteroid/protocol/arm_atsam/usb/usb_device_udd.o
                0x000000000000aa58                udd_getaddress
 .text.udd_send_remotewakeup
                0x000000000000aa68       0x20 .build/obj_massdrop_ctrl_greyasteroid/protocol/arm_atsam/usb/usb_device_udd.o
                0x000000000000aa68                udd_send_remotewakeup
 .text.udd_set_setup_payload
                0x000000000000aa88        0xc .build/obj_massdrop_ctrl_greyasteroid/protocol/arm_atsam/usb/usb_device_udd.o
                0x000000000000aa88                udd_set_setup_payload
 .text.udd_attach
                0x000000000000aa94       0x74 .build/obj_massdrop_ctrl_greyasteroid/protocol/arm_atsam/usb/usb_device_udd.o
                0x000000000000aa94                udd_attach
 .text.udd_enable
                0x000000000000ab08       0x40 .build/obj_massdrop_ctrl_greyasteroid/protocol/arm_atsam/usb/usb_device_udd.o
                0x000000000000ab08                udd_enable
 .text          0x000000000000ab48      0x378 /usr/local/Cellar/arm-gcc-bin@8/8-2019-q3-update/bin/../lib/gcc/arm-none-eabi/8.3.1/thumb/v7e-m+fp/hard/libgcc.a(_arm_addsubdf3.o)
                0x000000000000ab48                __aeabi_drsub